<!doctype html public "-//w3c//dtd html 4.0 transitional//en">
<html><head>
<title>Static Call Graph - [..\OBJ\P642.axf]</title></head>
<body><HR>
<H1>Static Call Graph for image ..\OBJ\P642.axf</H1><HR>
<BR><P>#&#060CALLGRAPH&#062# ARM Linker, 5060750: Last Updated: Fri May 17 15:03:46 2024
<BR><P>
<H3>Maximum Stack Usage =        328 bytes + Unknown(Cycles, Untraceable Function Pointers)</H3><H3>
Call chain for Maximum Stack Depth:</H3>
main &rArr; P646_Init &rArr; GUI_Init &rArr; WM_Init &rArr; WM_CreateWindowAsChild &rArr; WM__SendMsgNoData &rArr; WM__SendMessage &rArr; WM_DefaultProc &rArr; WM_InvalidateWindow &rArr; WM_InvalidateRect &rArr; WM__InvalidateRectEx &rArr; WM__InvalidateRect &rArr;  WM__InvalidateRect (Cycle)
<P>
<H3>
Mutually Recursive functions
</H3> <LI><a href="#[24]">ADC1_2_IRQHandler</a>&nbsp;&nbsp;&nbsp;&rArr;&nbsp;&nbsp;&nbsp;<a href="#[24]">ADC1_2_IRQHandler</a><BR>
 <LI><a href="#[c]">BusFault_Handler</a>&nbsp;&nbsp;&nbsp;&rArr;&nbsp;&nbsp;&nbsp;<a href="#[c]">BusFault_Handler</a><BR>
 <LI><a href="#[a]">HardFault_Handler</a>&nbsp;&nbsp;&nbsp;&rArr;&nbsp;&nbsp;&nbsp;<a href="#[a]">HardFault_Handler</a><BR>
 <LI><a href="#[b]">MemManage_Handler</a>&nbsp;&nbsp;&nbsp;&rArr;&nbsp;&nbsp;&nbsp;<a href="#[b]">MemManage_Handler</a><BR>
 <LI><a href="#[d]">UsageFault_Handler</a>&nbsp;&nbsp;&nbsp;&rArr;&nbsp;&nbsp;&nbsp;<a href="#[d]">UsageFault_Handler</a><BR>
 <LI><a href="#[1dc]">_Findy1</a>&nbsp;&nbsp;&nbsp;&rArr;&nbsp;&nbsp;&nbsp;<a href="#[1dc]">_Findy1</a><BR>
 <LI><a href="#[1de]">_Findx1</a>&nbsp;&nbsp;&nbsp;&rArr;&nbsp;&nbsp;&nbsp;<a href="#[1de]">_Findx1</a><BR>
 <LI><a href="#[1dd]">_Findx0</a>&nbsp;&nbsp;&nbsp;&rArr;&nbsp;&nbsp;&nbsp;<a href="#[1dd]">_Findx0</a><BR>
 <LI><a href="#[1cf]">_PopFreeBlock</a>&nbsp;&nbsp;&nbsp;&rArr;&nbsp;&nbsp;&nbsp;<a href="#[1da]">_EnlargeBlocks</a><BR>
 <LI><a href="#[f5]">_Alloc</a>&nbsp;&nbsp;&nbsp;&rArr;&nbsp;&nbsp;&nbsp;<a href="#[fe]">_InitOnce</a><BR>
 <LI><a href="#[1cb]">WM__InvalidateRect</a>&nbsp;&nbsp;&nbsp;&rArr;&nbsp;&nbsp;&nbsp;<a href="#[1cb]">WM__InvalidateRect</a><BR>
 <LI><a href="#[1bf]">WM_InvalidateWindowAndDescsEx</a>&nbsp;&nbsp;&nbsp;&rArr;&nbsp;&nbsp;&nbsp;<a href="#[1bf]">WM_InvalidateWindowAndDescsEx</a><BR>
 <LI><a href="#[1ba]">WM__InvalidateDrawAndDescs</a>&nbsp;&nbsp;&nbsp;&rArr;&nbsp;&nbsp;&nbsp;<a href="#[1ba]">WM__InvalidateDrawAndDescs</a><BR>
 <LI><a href="#[1b6]">WM_SendToParent</a>&nbsp;&nbsp;&nbsp;&rArr;&nbsp;&nbsp;&nbsp;<a href="#[1c2]">WM__SendMessage</a><BR>
</UL>
<P>
<H3>
Function Pointers
</H3><UL>
 <LI><a href="#[24]">ADC1_2_IRQHandler</a> from startup_stm32f10x_hd.o(.text) referenced from startup_stm32f10x_hd.o(RESET)
 <LI><a href="#[41]">ADC3_IRQHandler</a> from startup_stm32f10x_hd.o(.text) referenced from startup_stm32f10x_hd.o(RESET)
 <LI><a href="#[c]">BusFault_Handler</a> from stm32f10x_it.o(i.BusFault_Handler) referenced from startup_stm32f10x_hd.o(RESET)
 <LI><a href="#[27]">CAN1_RX1_IRQHandler</a> from startup_stm32f10x_hd.o(.text) referenced from startup_stm32f10x_hd.o(RESET)
 <LI><a href="#[28]">CAN1_SCE_IRQHandler</a> from startup_stm32f10x_hd.o(.text) referenced from startup_stm32f10x_hd.o(RESET)
 <LI><a href="#[1d]">DMA1_Channel1_IRQHandler</a> from startup_stm32f10x_hd.o(.text) referenced from startup_stm32f10x_hd.o(RESET)
 <LI><a href="#[1e]">DMA1_Channel2_IRQHandler</a> from startup_stm32f10x_hd.o(.text) referenced from startup_stm32f10x_hd.o(RESET)
 <LI><a href="#[1f]">DMA1_Channel3_IRQHandler</a> from startup_stm32f10x_hd.o(.text) referenced from startup_stm32f10x_hd.o(RESET)
 <LI><a href="#[20]">DMA1_Channel4_IRQHandler</a> from startup_stm32f10x_hd.o(.text) referenced from startup_stm32f10x_hd.o(RESET)
 <LI><a href="#[21]">DMA1_Channel5_IRQHandler</a> from startup_stm32f10x_hd.o(.text) referenced from startup_stm32f10x_hd.o(RESET)
 <LI><a href="#[22]">DMA1_Channel6_IRQHandler</a> from startup_stm32f10x_hd.o(.text) referenced from startup_stm32f10x_hd.o(RESET)
 <LI><a href="#[23]">DMA1_Channel7_IRQHandler</a> from startup_stm32f10x_hd.o(.text) referenced from startup_stm32f10x_hd.o(RESET)
 <LI><a href="#[4a]">DMA2_Channel1_IRQHandler</a> from startup_stm32f10x_hd.o(.text) referenced from startup_stm32f10x_hd.o(RESET)
 <LI><a href="#[4b]">DMA2_Channel2_IRQHandler</a> from startup_stm32f10x_hd.o(.text) referenced from startup_stm32f10x_hd.o(RESET)
 <LI><a href="#[4c]">DMA2_Channel3_IRQHandler</a> from startup_stm32f10x_hd.o(.text) referenced from startup_stm32f10x_hd.o(RESET)
 <LI><a href="#[4d]">DMA2_Channel4_5_IRQHandler</a> from startup_stm32f10x_hd.o(.text) referenced from startup_stm32f10x_hd.o(RESET)
 <LI><a href="#[f]">DebugMon_Handler</a> from stm32f10x_it.o(i.DebugMon_Handler) referenced from startup_stm32f10x_hd.o(RESET)
 <LI><a href="#[18]">EXTI0_IRQHandler</a> from startup_stm32f10x_hd.o(.text) referenced from startup_stm32f10x_hd.o(RESET)
 <LI><a href="#[3a]">EXTI15_10_IRQHandler</a> from startup_stm32f10x_hd.o(.text) referenced from startup_stm32f10x_hd.o(RESET)
 <LI><a href="#[19]">EXTI1_IRQHandler</a> from startup_stm32f10x_hd.o(.text) referenced from startup_stm32f10x_hd.o(RESET)
 <LI><a href="#[1a]">EXTI2_IRQHandler</a> from startup_stm32f10x_hd.o(.text) referenced from startup_stm32f10x_hd.o(RESET)
 <LI><a href="#[1b]">EXTI3_IRQHandler</a> from startup_stm32f10x_hd.o(.text) referenced from startup_stm32f10x_hd.o(RESET)
 <LI><a href="#[1c]">EXTI4_IRQHandler</a> from startup_stm32f10x_hd.o(.text) referenced from startup_stm32f10x_hd.o(RESET)
 <LI><a href="#[29]">EXTI9_5_IRQHandler</a> from startup_stm32f10x_hd.o(.text) referenced from startup_stm32f10x_hd.o(RESET)
 <LI><a href="#[16]">FLASH_IRQHandler</a> from startup_stm32f10x_hd.o(.text) referenced from startup_stm32f10x_hd.o(RESET)
 <LI><a href="#[42]">FSMC_IRQHandler</a> from startup_stm32f10x_hd.o(.text) referenced from startup_stm32f10x_hd.o(RESET)
 <LI><a href="#[82]">GUIMONO_DispChar</a> from gui_charm.o(i.GUIMONO_DispChar) referenced from f6x8.o(.constdata)
 <LI><a href="#[83]">GUIMONO_GetCharDistX</a> from gui_charm.o(i.GUIMONO_GetCharDistX) referenced from f6x8.o(.constdata)
 <LI><a href="#[84]">GUIMONO_GetFontInfo</a> from gui_charm.o(i.GUIMONO_GetFontInfo) referenced from f6x8.o(.constdata)
 <LI><a href="#[85]">GUIMONO_IsInFont</a> from gui_charm.o(i.GUIMONO_IsInFont) referenced from f6x8.o(.constdata)
 <LI><a href="#[63]">GUIPROP_AA4_EXT_DispChar</a> from guiaa_char4ext.o(i.GUIPROP_AA4_EXT_DispChar) referenced from weiruan24.o(.constdata)
 <LI><a href="#[7e]">GUIPROP_DispChar</a> from gui_charp.o(i.GUIPROP_DispChar) referenced from f16_ascii.o(.constdata)
 <LI><a href="#[64]">GUIPROP_EXT_GetCharDistX</a> from gui_charpext.o(i.GUIPROP_EXT_GetCharDistX) referenced from weiruan24.o(.constdata)
 <LI><a href="#[67]">GUIPROP_EXT_GetCharInfo</a> from gui_charpext.o(i.GUIPROP_EXT_GetCharInfo) referenced from weiruan24.o(.constdata)
 <LI><a href="#[65]">GUIPROP_EXT_GetFontInfo</a> from gui_charpext.o(i.GUIPROP_EXT_GetFontInfo) referenced from weiruan24.o(.constdata)
 <LI><a href="#[66]">GUIPROP_EXT_IsInFont</a> from gui_charpext.o(i.GUIPROP_EXT_IsInFont) referenced from weiruan24.o(.constdata)
 <LI><a href="#[3]">GUIPROP_EXT__ClearLine</a> from gui_encext.o(i.GUIPROP_EXT__ClearLine) referenced 2 times from gui_encext.o(.data)
 <LI><a href="#[7d]">GUIPROP_EXT__DispLine</a> from gui_encext.o(i.GUIPROP_EXT__DispLine) referenced from gui_encext.o(.constdata)
 <LI><a href="#[7f]">GUIPROP_GetCharDistX</a> from gui_charp.o(i.GUIPROP_GetCharDistX) referenced from f16_ascii.o(.constdata)
 <LI><a href="#[80]">GUIPROP_GetFontInfo</a> from gui_charp.o(i.GUIPROP_GetFontInfo) referenced from f16_ascii.o(.constdata)
 <LI><a href="#[81]">GUIPROP_IsInFont</a> from gui_charp.o(i.GUIPROP_IsInFont) referenced from f16_ascii.o(.constdata)
 <LI><a href="#[7]">GUI_X_ExecIdle</a> from gui_x.o(i.GUI_X_ExecIdle) referenced 2 times from gui_waitevent.o(.data)
 <LI><a href="#[4]">GUI__MixColors</a> from gui__alpha.o(i.GUI__MixColors) referenced 2 times from gui__alpha.o(.data)
 <LI><a href="#[5]">GUI__MixColorsBulk</a> from gui__alpha.o(i.GUI__MixColorsBulk) referenced 2 times from gui__alpha.o(.data)
 <LI><a href="#[a]">HardFault_Handler</a> from stm32f10x_it.o(i.HardFault_Handler) referenced from startup_stm32f10x_hd.o(RESET)
 <LI><a href="#[32]">I2C1_ER_IRQHandler</a> from startup_stm32f10x_hd.o(.text) referenced from startup_stm32f10x_hd.o(RESET)
 <LI><a href="#[31]">I2C1_EV_IRQHandler</a> from startup_stm32f10x_hd.o(.text) referenced from startup_stm32f10x_hd.o(RESET)
 <LI><a href="#[34]">I2C2_ER_IRQHandler</a> from startup_stm32f10x_hd.o(.text) referenced from startup_stm32f10x_hd.o(RESET)
 <LI><a href="#[33]">I2C2_EV_IRQHandler</a> from startup_stm32f10x_hd.o(.text) referenced from startup_stm32f10x_hd.o(RESET)
 <LI><a href="#[79]">LCD_DrawHLine</a> from lcd.o(i.LCD_DrawHLine) referenced from gui_core.o(.constdata)
 <LI><a href="#[7a]">LCD_DrawPixel</a> from lcd.o(i.LCD_DrawPixel) referenced from gui_core.o(.constdata)
 <LI><a href="#[53]">LCD_DrawVLine</a> from lcd.o(i.LCD_DrawVLine) referenced from gui_drawgradient.o(i.GUI_DrawGradientH)
 <LI><a href="#[2]">LCD_GetpPalConvTableBM</a> from lcd_color.o(i.LCD_GetpPalConvTableBM) referenced 2 times from gui_core.o(.data)
 <LI><a href="#[58]">LCD_Index2Color_8888</a> from guicc_8888_index2color.o(i.LCD_Index2Color_8888) referenced from gui_drawbitmap_8888.o(.constdata)
 <LI><a href="#[58]">LCD_Index2Color_8888</a> from guicc_8888_index2color.o(i.LCD_Index2Color_8888) referenced from gui_drawbitmap_8888.o(i._DrawBitmap_8888)
 <LI><a href="#[75]">LCD_Index2Color_M565</a> from guicc_m565_index2color.o(i.LCD_Index2Color_M565) referenced from guicc_m565.o(.constdata)
 <LI><a href="#[52]">LCD_SetPixelAA</a> from lcd_aa.o(i.LCD_SetPixelAA) referenced from guiaa_char4.o(i.GUI_AA__DrawCharAA4)
 <LI><a href="#[51]">LCD_SetPixelAA_Xor</a> from lcd_aa.o(i.LCD_SetPixelAA_Xor) referenced from guiaa_char4.o(i.GUI_AA__DrawCharAA4)
 <LI><a href="#[b]">MemManage_Handler</a> from stm32f10x_it.o(i.MemManage_Handler) referenced from startup_stm32f10x_hd.o(RESET)
 <LI><a href="#[9]">NMI_Handler</a> from stm32f10x_it.o(i.NMI_Handler) referenced from startup_stm32f10x_hd.o(RESET)
 <LI><a href="#[13]">PVD_IRQHandler</a> from startup_stm32f10x_hd.o(.text) referenced from startup_stm32f10x_hd.o(RESET)
 <LI><a href="#[10]">PendSV_Handler</a> from stm32f10x_it.o(i.PendSV_Handler) referenced from startup_stm32f10x_hd.o(RESET)
 <LI><a href="#[17]">RCC_IRQHandler</a> from startup_stm32f10x_hd.o(.text) referenced from startup_stm32f10x_hd.o(RESET)
 <LI><a href="#[3b]">RTCAlarm_IRQHandler</a> from startup_stm32f10x_hd.o(.text) referenced from startup_stm32f10x_hd.o(RESET)
 <LI><a href="#[15]">RTC_IRQHandler</a> from startup_stm32f10x_hd.o(.text) referenced from startup_stm32f10x_hd.o(RESET)
 <LI><a href="#[8]">Reset_Handler</a> from startup_stm32f10x_hd.o(.text) referenced from startup_stm32f10x_hd.o(RESET)
 <LI><a href="#[43]">SDIO_IRQHandler</a> from startup_stm32f10x_hd.o(.text) referenced from startup_stm32f10x_hd.o(RESET)
 <LI><a href="#[35]">SPI1_IRQHandler</a> from startup_stm32f10x_hd.o(.text) referenced from startup_stm32f10x_hd.o(RESET)
 <LI><a href="#[36]">SPI2_IRQHandler</a> from startup_stm32f10x_hd.o(.text) referenced from startup_stm32f10x_hd.o(RESET)
 <LI><a href="#[45]">SPI3_IRQHandler</a> from startup_stm32f10x_hd.o(.text) referenced from startup_stm32f10x_hd.o(RESET)
 <LI><a href="#[e]">SVC_Handler</a> from stm32f10x_it.o(i.SVC_Handler) referenced from startup_stm32f10x_hd.o(RESET)
 <LI><a href="#[11]">SysTick_Handler</a> from stm32f10x_it.o(i.SysTick_Handler) referenced from startup_stm32f10x_hd.o(RESET)
 <LI><a href="#[4f]">SystemInit</a> from system_stm32f10x.o(i.SystemInit) referenced from startup_stm32f10x_hd.o(.text)
 <LI><a href="#[14]">TAMPER_IRQHandler</a> from startup_stm32f10x_hd.o(.text) referenced from startup_stm32f10x_hd.o(RESET)
 <LI><a href="#[2a]">TIM1_BRK_IRQHandler</a> from startup_stm32f10x_hd.o(.text) referenced from startup_stm32f10x_hd.o(RESET)
 <LI><a href="#[2d]">TIM1_CC_IRQHandler</a> from startup_stm32f10x_hd.o(.text) referenced from startup_stm32f10x_hd.o(RESET)
 <LI><a href="#[2c]">TIM1_TRG_COM_IRQHandler</a> from startup_stm32f10x_hd.o(.text) referenced from startup_stm32f10x_hd.o(RESET)
 <LI><a href="#[2b]">TIM1_UP_IRQHandler</a> from startup_stm32f10x_hd.o(.text) referenced from startup_stm32f10x_hd.o(RESET)
 <LI><a href="#[2e]">TIM2_IRQHandler</a> from startup_stm32f10x_hd.o(.text) referenced from startup_stm32f10x_hd.o(RESET)
 <LI><a href="#[2f]">TIM3_IRQHandler</a> from timer.o(i.TIM3_IRQHandler) referenced from startup_stm32f10x_hd.o(RESET)
 <LI><a href="#[30]">TIM4_IRQHandler</a> from startup_stm32f10x_hd.o(.text) referenced from startup_stm32f10x_hd.o(RESET)
 <LI><a href="#[44]">TIM5_IRQHandler</a> from startup_stm32f10x_hd.o(.text) referenced from startup_stm32f10x_hd.o(RESET)
 <LI><a href="#[48]">TIM6_IRQHandler</a> from startup_stm32f10x_hd.o(.text) referenced from startup_stm32f10x_hd.o(RESET)
 <LI><a href="#[49]">TIM7_IRQHandler</a> from startup_stm32f10x_hd.o(.text) referenced from startup_stm32f10x_hd.o(RESET)
 <LI><a href="#[3d]">TIM8_BRK_IRQHandler</a> from startup_stm32f10x_hd.o(.text) referenced from startup_stm32f10x_hd.o(RESET)
 <LI><a href="#[40]">TIM8_CC_IRQHandler</a> from startup_stm32f10x_hd.o(.text) referenced from startup_stm32f10x_hd.o(RESET)
 <LI><a href="#[3f]">TIM8_TRG_COM_IRQHandler</a> from startup_stm32f10x_hd.o(.text) referenced from startup_stm32f10x_hd.o(RESET)
 <LI><a href="#[3e]">TIM8_UP_IRQHandler</a> from startup_stm32f10x_hd.o(.text) referenced from startup_stm32f10x_hd.o(RESET)
 <LI><a href="#[46]">UART4_IRQHandler</a> from usart.o(i.UART4_IRQHandler) referenced from startup_stm32f10x_hd.o(RESET)
 <LI><a href="#[47]">UART5_IRQHandler</a> from startup_stm32f10x_hd.o(.text) referenced from startup_stm32f10x_hd.o(RESET)
 <LI><a href="#[37]">USART1_IRQHandler</a> from startup_stm32f10x_hd.o(.text) referenced from startup_stm32f10x_hd.o(RESET)
 <LI><a href="#[38]">USART2_IRQHandler</a> from startup_stm32f10x_hd.o(.text) referenced from startup_stm32f10x_hd.o(RESET)
 <LI><a href="#[39]">USART3_IRQHandler</a> from startup_stm32f10x_hd.o(.text) referenced from startup_stm32f10x_hd.o(RESET)
 <LI><a href="#[3c]">USBWakeUp_IRQHandler</a> from startup_stm32f10x_hd.o(.text) referenced from startup_stm32f10x_hd.o(RESET)
 <LI><a href="#[25]">USB_HP_CAN1_TX_IRQHandler</a> from startup_stm32f10x_hd.o(.text) referenced from startup_stm32f10x_hd.o(RESET)
 <LI><a href="#[26]">USB_LP_CAN1_RX0_IRQHandler</a> from startup_stm32f10x_hd.o(.text) referenced from startup_stm32f10x_hd.o(RESET)
 <LI><a href="#[d]">UsageFault_Handler</a> from stm32f10x_it.o(i.UsageFault_Handler) referenced from startup_stm32f10x_hd.o(RESET)
 <LI><a href="#[12]">WWDG_IRQHandler</a> from startup_stm32f10x_hd.o(.text) referenced from startup_stm32f10x_hd.o(RESET)
 <LI><a href="#[88]">_CalcSizeOfChar</a> from gui_uc_encodenone.o(i._CalcSizeOfChar) referenced from gui_uc_encodenone.o(.constdata)
 <LI><a href="#[77]">_Color2IndexBulk</a> from guicc_m565.o(i._Color2IndexBulk) referenced from guicc_m565.o(.constdata)
 <LI><a href="#[8d]">_Color2Index_0</a> from guicc_0.o(i._Color2Index_0) referenced from guicc_0.o(.constdata)
 <LI><a href="#[74]">_Color2Index_M565</a> from guicc_m565.o(i._Color2Index_M565) referenced from guicc_m565.o(.constdata)
 <LI><a href="#[68]">_DrawBitmap</a> from guidrv_template.o(i._DrawBitmap) referenced from guidrv_template.o(.constdata)
 <LI><a href="#[7c]">_DrawBitmapHW_8888</a> from gui_drawbitmap_8888.o(i._DrawBitmapHW_8888) referenced from gui_drawbitmap_8888.o(.constdata)
 <LI><a href="#[7b]">_DrawBitmap_8888</a> from gui_drawbitmap_8888.o(i._DrawBitmap_8888) referenced from gui_drawbitmap_8888.o(.constdata)
 <LI><a href="#[69]">_DrawHLine</a> from guidrv_template.o(i._DrawHLine) referenced from guidrv_template.o(.constdata)
 <LI><a href="#[6a]">_DrawVLine</a> from guidrv_template.o(i._DrawVLine) referenced from guidrv_template.o(.constdata)
 <LI><a href="#[89]">_Encode</a> from gui_uc_encodenone.o(i._Encode) referenced from gui_uc_encodenone.o(.constdata)
 <LI><a href="#[6b]">_FillRect</a> from guidrv_template.o(i._FillRect) referenced from guidrv_template.o(.constdata)
 <LI><a href="#[86]">_GetCharCode</a> from gui_uc_encodenone.o(i._GetCharCode) referenced from gui_uc_encodenone.o(.constdata)
 <LI><a href="#[87]">_GetCharSize</a> from gui_uc_encodenone.o(i._GetCharSize) referenced from gui_uc_encodenone.o(.constdata)
 <LI><a href="#[72]">_GetDevData</a> from guidrv_template.o(i._GetDevData) referenced from guidrv_template.o(.constdata)
 <LI><a href="#[70]">_GetDevFunc</a> from guidrv_template.o(i._GetDevFunc) referenced from guidrv_template.o(.constdata)
 <LI><a href="#[71]">_GetDevProp</a> from guidrv_template.o(i._GetDevProp) referenced from guidrv_template.o(.constdata)
 <LI><a href="#[8f]">_GetIndexMask_0</a> from guicc_0.o(i._GetIndexMask_0) referenced from guicc_0.o(.constdata)
 <LI><a href="#[76]">_GetIndexMask_M565</a> from guicc_m565.o(i._GetIndexMask_M565) referenced from guicc_m565.o(.constdata)
 <LI><a href="#[6c]">_GetPixelIndex</a> from guidrv_template.o(i._GetPixelIndex) referenced from guidrv_template.o(.constdata)
 <LI><a href="#[73]">_GetRect</a> from guidrv_template.o(i._GetRect) referenced from guidrv_template.o(.constdata)
 <LI><a href="#[78]">_Index2ColorBulk</a> from guicc_m565.o(i._Index2ColorBulk) referenced from guicc_m565.o(.constdata)
 <LI><a href="#[8e]">_Index2Color_0</a> from guicc_0.o(i._Index2Color_0) referenced from guicc_0.o(.constdata)
 <LI><a href="#[5c]">_Init</a> from guidrv_template.o(i._Init) referenced from guidrv_template.o(i._GetDevFunc)
 <LI><a href="#[6]">_Log2VisBuffered</a> from gui_charline.o(i._Log2VisBuffered) referenced 2 times from gui_charline.o(.data)
 <LI><a href="#[5e]">_Off</a> from guidrv_template.o(i._Off) referenced from guidrv_template.o(i._GetDevFunc)
 <LI><a href="#[5d]">_On</a> from guidrv_template.o(i._On) referenced from guidrv_template.o(i._GetDevFunc)
 <LI><a href="#[54]">_OnExit</a> from gui_core.o(i._OnExit) referenced from gui_core.o(i.GUI__Config)
 <LI><a href="#[55]">_OnExit</a> from lcd_color.o(i._OnExit) referenced from lcd_color.o(i.LCD_InitColors)
 <LI><a href="#[57]">_OnExit</a> from wm.o(i._OnExit) referenced from wm.o(i.WM_Init)
 <LI><a href="#[60]">_OnExit</a> from gui_alloc.o(i._OnExit) referenced from gui_alloc.o(i._InitOnce)
 <LI><a href="#[8b]">_SetBkColor</a> from lcd.o(i._SetBkColor) referenced from lcd.o(.constdata)
 <LI><a href="#[8a]">_SetColor</a> from lcd.o(i._SetColor) referenced from lcd.o(.constdata)
 <LI><a href="#[8c]">_SetDrawMode</a> from lcd.o(i._SetDrawMode) referenced from lcd.o(.constdata)
 <LI><a href="#[5f]">_SetLUTEntry</a> from guidrv_template.o(i._SetLUTEntry) referenced from guidrv_template.o(i._GetDevFunc)
 <LI><a href="#[6f]">_SetOrg</a> from guidrv_template.o(i._SetOrg) referenced from guidrv_template.o(.constdata)
 <LI><a href="#[6d]">_SetPixelIndex</a> from guidrv_template.o(i._SetPixelIndex) referenced from guidrv_template.o(.constdata)
 <LI><a href="#[5b]">_SetSize</a> from guidrv_template.o(i._SetSize) referenced from guidrv_template.o(i._GetDevFunc)
 <LI><a href="#[59]">_SetVRAMAddr</a> from guidrv_template.o(i._SetVRAMAddr) referenced from guidrv_template.o(i._GetDevFunc)
 <LI><a href="#[5a]">_SetVSize</a> from guidrv_template.o(i._SetVSize) referenced from guidrv_template.o(i._GetDevFunc)
 <LI><a href="#[6e]">_XorPixel</a> from guidrv_template.o(i._XorPixel) referenced from guidrv_template.o(.constdata)
 <LI><a href="#[50]">__main</a> from entry.o(.ARM.Collect$$$$00000000) referenced from startup_stm32f10x_hd.o(.text)
 <LI><a href="#[56]">cbBackWin</a> from wm.o(i.cbBackWin) referenced from wm.o(i.WM_Init)
 <LI><a href="#[61]">fputc</a> from usart.o(i.fputc) referenced from printf5.o(i.__0printf$5)
 <LI><a href="#[4e]">main</a> from main.o(i.main) referenced from entry9a.o(.ARM.Collect$$$$0000000B)
 <LI><a href="#[0]">mem_init</a> from malloc.o(i.mem_init) referenced 2 times from malloc.o(.data)
 <LI><a href="#[1]">mem_perused</a> from malloc.o(i.mem_perused) referenced 2 times from malloc.o(.data)
 <LI><a href="#[62]">softTimer_handler5</a> from softtimer.o(i.softTimer_handler5) referenced from main.o(i.main)
</UL>
<P>
<H3>
Global Symbols
</H3>
<P><STRONG><a name="[50]"></a>__main</STRONG> (Thumb, 0 bytes, Stack size unknown bytes, entry.o(.ARM.Collect$$$$00000000))
<BR>[Address Reference Count : 1]<UL><LI> startup_stm32f10x_hd.o(.text)
</UL>
<P><STRONG><a name="[1f6]"></a>_main_stk</STRONG> (Thumb, 0 bytes, Stack size unknown bytes, entry2.o(.ARM.Collect$$$$00000001))

<P><STRONG><a name="[90]"></a>_main_scatterload</STRONG> (Thumb, 0 bytes, Stack size unknown bytes, entry5.o(.ARM.Collect$$$$00000004))
<BR><BR>[Calls]<UL><LI><a href="#[91]">&gt;&gt;</a>&nbsp;&nbsp;&nbsp;__scatterload
</UL>

<P><STRONG><a name="[a0]"></a>__main_after_scatterload</STRONG> (Thumb, 0 bytes, Stack size unknown bytes, entry5.o(.ARM.Collect$$$$00000004))
<BR><BR>[Called By]<UL><LI><a href="#[91]">&gt;&gt;</a>&nbsp;&nbsp;&nbsp;__scatterload
</UL>

<P><STRONG><a name="[1f7]"></a>_main_clock</STRONG> (Thumb, 0 bytes, Stack size unknown bytes, entry7b.o(.ARM.Collect$$$$00000008))

<P><STRONG><a name="[1f8]"></a>_main_cpp_init</STRONG> (Thumb, 0 bytes, Stack size unknown bytes, entry8b.o(.ARM.Collect$$$$0000000A))

<P><STRONG><a name="[1f9]"></a>_main_init</STRONG> (Thumb, 0 bytes, Stack size unknown bytes, entry9a.o(.ARM.Collect$$$$0000000B))

<P><STRONG><a name="[1fa]"></a>__rt_final_cpp</STRONG> (Thumb, 0 bytes, Stack size unknown bytes, entry10a.o(.ARM.Collect$$$$0000000D))

<P><STRONG><a name="[1fb]"></a>__rt_final_exit</STRONG> (Thumb, 0 bytes, Stack size unknown bytes, entry11a.o(.ARM.Collect$$$$0000000F))

<P><STRONG><a name="[8]"></a>Reset_Handler</STRONG> (Thumb, 8 bytes, Stack size 0 bytes, startup_stm32f10x_hd.o(.text))
<BR>[Address Reference Count : 1]<UL><LI> startup_stm32f10x_hd.o(RESET)
</UL>
<P><STRONG><a name="[24]"></a>ADC1_2_IRQHandler</STRONG> (Thumb, 0 bytes, Stack size 0 bytes, startup_stm32f10x_hd.o(.text))
<BR><BR>[Calls]<UL><LI><a href="#[24]">&gt;&gt;</a>&nbsp;&nbsp;&nbsp;ADC1_2_IRQHandler
</UL>
<BR>[Called By]<UL><LI><a href="#[24]">&gt;&gt;</a>&nbsp;&nbsp;&nbsp;ADC1_2_IRQHandler
</UL>
<BR>[Address Reference Count : 1]<UL><LI> startup_stm32f10x_hd.o(RESET)
</UL>
<P><STRONG><a name="[41]"></a>ADC3_IRQHandler</STRONG> (Thumb, 0 bytes, Stack size 0 bytes, startup_stm32f10x_hd.o(.text))
<BR>[Address Reference Count : 1]<UL><LI> startup_stm32f10x_hd.o(RESET)
</UL>
<P><STRONG><a name="[27]"></a>CAN1_RX1_IRQHandler</STRONG> (Thumb, 0 bytes, Stack size 0 bytes, startup_stm32f10x_hd.o(.text))
<BR>[Address Reference Count : 1]<UL><LI> startup_stm32f10x_hd.o(RESET)
</UL>
<P><STRONG><a name="[28]"></a>CAN1_SCE_IRQHandler</STRONG> (Thumb, 0 bytes, Stack size 0 bytes, startup_stm32f10x_hd.o(.text))
<BR>[Address Reference Count : 1]<UL><LI> startup_stm32f10x_hd.o(RESET)
</UL>
<P><STRONG><a name="[1d]"></a>DMA1_Channel1_IRQHandler</STRONG> (Thumb, 0 bytes, Stack size 0 bytes, startup_stm32f10x_hd.o(.text))
<BR>[Address Reference Count : 1]<UL><LI> startup_stm32f10x_hd.o(RESET)
</UL>
<P><STRONG><a name="[1e]"></a>DMA1_Channel2_IRQHandler</STRONG> (Thumb, 0 bytes, Stack size 0 bytes, startup_stm32f10x_hd.o(.text))
<BR>[Address Reference Count : 1]<UL><LI> startup_stm32f10x_hd.o(RESET)
</UL>
<P><STRONG><a name="[1f]"></a>DMA1_Channel3_IRQHandler</STRONG> (Thumb, 0 bytes, Stack size 0 bytes, startup_stm32f10x_hd.o(.text))
<BR>[Address Reference Count : 1]<UL><LI> startup_stm32f10x_hd.o(RESET)
</UL>
<P><STRONG><a name="[20]"></a>DMA1_Channel4_IRQHandler</STRONG> (Thumb, 0 bytes, Stack size 0 bytes, startup_stm32f10x_hd.o(.text))
<BR>[Address Reference Count : 1]<UL><LI> startup_stm32f10x_hd.o(RESET)
</UL>
<P><STRONG><a name="[21]"></a>DMA1_Channel5_IRQHandler</STRONG> (Thumb, 0 bytes, Stack size 0 bytes, startup_stm32f10x_hd.o(.text))
<BR>[Address Reference Count : 1]<UL><LI> startup_stm32f10x_hd.o(RESET)
</UL>
<P><STRONG><a name="[22]"></a>DMA1_Channel6_IRQHandler</STRONG> (Thumb, 0 bytes, Stack size 0 bytes, startup_stm32f10x_hd.o(.text))
<BR>[Address Reference Count : 1]<UL><LI> startup_stm32f10x_hd.o(RESET)
</UL>
<P><STRONG><a name="[23]"></a>DMA1_Channel7_IRQHandler</STRONG> (Thumb, 0 bytes, Stack size 0 bytes, startup_stm32f10x_hd.o(.text))
<BR>[Address Reference Count : 1]<UL><LI> startup_stm32f10x_hd.o(RESET)
</UL>
<P><STRONG><a name="[4a]"></a>DMA2_Channel1_IRQHandler</STRONG> (Thumb, 0 bytes, Stack size 0 bytes, startup_stm32f10x_hd.o(.text))
<BR>[Address Reference Count : 1]<UL><LI> startup_stm32f10x_hd.o(RESET)
</UL>
<P><STRONG><a name="[4b]"></a>DMA2_Channel2_IRQHandler</STRONG> (Thumb, 0 bytes, Stack size 0 bytes, startup_stm32f10x_hd.o(.text))
<BR>[Address Reference Count : 1]<UL><LI> startup_stm32f10x_hd.o(RESET)
</UL>
<P><STRONG><a name="[4c]"></a>DMA2_Channel3_IRQHandler</STRONG> (Thumb, 0 bytes, Stack size 0 bytes, startup_stm32f10x_hd.o(.text))
<BR>[Address Reference Count : 1]<UL><LI> startup_stm32f10x_hd.o(RESET)
</UL>
<P><STRONG><a name="[4d]"></a>DMA2_Channel4_5_IRQHandler</STRONG> (Thumb, 0 bytes, Stack size 0 bytes, startup_stm32f10x_hd.o(.text))
<BR>[Address Reference Count : 1]<UL><LI> startup_stm32f10x_hd.o(RESET)
</UL>
<P><STRONG><a name="[18]"></a>EXTI0_IRQHandler</STRONG> (Thumb, 0 bytes, Stack size 0 bytes, startup_stm32f10x_hd.o(.text))
<BR>[Address Reference Count : 1]<UL><LI> startup_stm32f10x_hd.o(RESET)
</UL>
<P><STRONG><a name="[3a]"></a>EXTI15_10_IRQHandler</STRONG> (Thumb, 0 bytes, Stack size 0 bytes, startup_stm32f10x_hd.o(.text))
<BR>[Address Reference Count : 1]<UL><LI> startup_stm32f10x_hd.o(RESET)
</UL>
<P><STRONG><a name="[19]"></a>EXTI1_IRQHandler</STRONG> (Thumb, 0 bytes, Stack size 0 bytes, startup_stm32f10x_hd.o(.text))
<BR>[Address Reference Count : 1]<UL><LI> startup_stm32f10x_hd.o(RESET)
</UL>
<P><STRONG><a name="[1a]"></a>EXTI2_IRQHandler</STRONG> (Thumb, 0 bytes, Stack size 0 bytes, startup_stm32f10x_hd.o(.text))
<BR>[Address Reference Count : 1]<UL><LI> startup_stm32f10x_hd.o(RESET)
</UL>
<P><STRONG><a name="[1b]"></a>EXTI3_IRQHandler</STRONG> (Thumb, 0 bytes, Stack size 0 bytes, startup_stm32f10x_hd.o(.text))
<BR>[Address Reference Count : 1]<UL><LI> startup_stm32f10x_hd.o(RESET)
</UL>
<P><STRONG><a name="[1c]"></a>EXTI4_IRQHandler</STRONG> (Thumb, 0 bytes, Stack size 0 bytes, startup_stm32f10x_hd.o(.text))
<BR>[Address Reference Count : 1]<UL><LI> startup_stm32f10x_hd.o(RESET)
</UL>
<P><STRONG><a name="[29]"></a>EXTI9_5_IRQHandler</STRONG> (Thumb, 0 bytes, Stack size 0 bytes, startup_stm32f10x_hd.o(.text))
<BR>[Address Reference Count : 1]<UL><LI> startup_stm32f10x_hd.o(RESET)
</UL>
<P><STRONG><a name="[16]"></a>FLASH_IRQHandler</STRONG> (Thumb, 0 bytes, Stack size 0 bytes, startup_stm32f10x_hd.o(.text))
<BR>[Address Reference Count : 1]<UL><LI> startup_stm32f10x_hd.o(RESET)
</UL>
<P><STRONG><a name="[42]"></a>FSMC_IRQHandler</STRONG> (Thumb, 0 bytes, Stack size 0 bytes, startup_stm32f10x_hd.o(.text))
<BR>[Address Reference Count : 1]<UL><LI> startup_stm32f10x_hd.o(RESET)
</UL>
<P><STRONG><a name="[32]"></a>I2C1_ER_IRQHandler</STRONG> (Thumb, 0 bytes, Stack size 0 bytes, startup_stm32f10x_hd.o(.text))
<BR>[Address Reference Count : 1]<UL><LI> startup_stm32f10x_hd.o(RESET)
</UL>
<P><STRONG><a name="[31]"></a>I2C1_EV_IRQHandler</STRONG> (Thumb, 0 bytes, Stack size 0 bytes, startup_stm32f10x_hd.o(.text))
<BR>[Address Reference Count : 1]<UL><LI> startup_stm32f10x_hd.o(RESET)
</UL>
<P><STRONG><a name="[34]"></a>I2C2_ER_IRQHandler</STRONG> (Thumb, 0 bytes, Stack size 0 bytes, startup_stm32f10x_hd.o(.text))
<BR>[Address Reference Count : 1]<UL><LI> startup_stm32f10x_hd.o(RESET)
</UL>
<P><STRONG><a name="[33]"></a>I2C2_EV_IRQHandler</STRONG> (Thumb, 0 bytes, Stack size 0 bytes, startup_stm32f10x_hd.o(.text))
<BR>[Address Reference Count : 1]<UL><LI> startup_stm32f10x_hd.o(RESET)
</UL>
<P><STRONG><a name="[13]"></a>PVD_IRQHandler</STRONG> (Thumb, 0 bytes, Stack size 0 bytes, startup_stm32f10x_hd.o(.text))
<BR>[Address Reference Count : 1]<UL><LI> startup_stm32f10x_hd.o(RESET)
</UL>
<P><STRONG><a name="[17]"></a>RCC_IRQHandler</STRONG> (Thumb, 0 bytes, Stack size 0 bytes, startup_stm32f10x_hd.o(.text))
<BR>[Address Reference Count : 1]<UL><LI> startup_stm32f10x_hd.o(RESET)
</UL>
<P><STRONG><a name="[3b]"></a>RTCAlarm_IRQHandler</STRONG> (Thumb, 0 bytes, Stack size 0 bytes, startup_stm32f10x_hd.o(.text))
<BR>[Address Reference Count : 1]<UL><LI> startup_stm32f10x_hd.o(RESET)
</UL>
<P><STRONG><a name="[15]"></a>RTC_IRQHandler</STRONG> (Thumb, 0 bytes, Stack size 0 bytes, startup_stm32f10x_hd.o(.text))
<BR>[Address Reference Count : 1]<UL><LI> startup_stm32f10x_hd.o(RESET)
</UL>
<P><STRONG><a name="[43]"></a>SDIO_IRQHandler</STRONG> (Thumb, 0 bytes, Stack size 0 bytes, startup_stm32f10x_hd.o(.text))
<BR>[Address Reference Count : 1]<UL><LI> startup_stm32f10x_hd.o(RESET)
</UL>
<P><STRONG><a name="[35]"></a>SPI1_IRQHandler</STRONG> (Thumb, 0 bytes, Stack size 0 bytes, startup_stm32f10x_hd.o(.text))
<BR>[Address Reference Count : 1]<UL><LI> startup_stm32f10x_hd.o(RESET)
</UL>
<P><STRONG><a name="[36]"></a>SPI2_IRQHandler</STRONG> (Thumb, 0 bytes, Stack size 0 bytes, startup_stm32f10x_hd.o(.text))
<BR>[Address Reference Count : 1]<UL><LI> startup_stm32f10x_hd.o(RESET)
</UL>
<P><STRONG><a name="[45]"></a>SPI3_IRQHandler</STRONG> (Thumb, 0 bytes, Stack size 0 bytes, startup_stm32f10x_hd.o(.text))
<BR>[Address Reference Count : 1]<UL><LI> startup_stm32f10x_hd.o(RESET)
</UL>
<P><STRONG><a name="[14]"></a>TAMPER_IRQHandler</STRONG> (Thumb, 0 bytes, Stack size 0 bytes, startup_stm32f10x_hd.o(.text))
<BR>[Address Reference Count : 1]<UL><LI> startup_stm32f10x_hd.o(RESET)
</UL>
<P><STRONG><a name="[2a]"></a>TIM1_BRK_IRQHandler</STRONG> (Thumb, 0 bytes, Stack size 0 bytes, startup_stm32f10x_hd.o(.text))
<BR>[Address Reference Count : 1]<UL><LI> startup_stm32f10x_hd.o(RESET)
</UL>
<P><STRONG><a name="[2d]"></a>TIM1_CC_IRQHandler</STRONG> (Thumb, 0 bytes, Stack size 0 bytes, startup_stm32f10x_hd.o(.text))
<BR>[Address Reference Count : 1]<UL><LI> startup_stm32f10x_hd.o(RESET)
</UL>
<P><STRONG><a name="[2c]"></a>TIM1_TRG_COM_IRQHandler</STRONG> (Thumb, 0 bytes, Stack size 0 bytes, startup_stm32f10x_hd.o(.text))
<BR>[Address Reference Count : 1]<UL><LI> startup_stm32f10x_hd.o(RESET)
</UL>
<P><STRONG><a name="[2b]"></a>TIM1_UP_IRQHandler</STRONG> (Thumb, 0 bytes, Stack size 0 bytes, startup_stm32f10x_hd.o(.text))
<BR>[Address Reference Count : 1]<UL><LI> startup_stm32f10x_hd.o(RESET)
</UL>
<P><STRONG><a name="[2e]"></a>TIM2_IRQHandler</STRONG> (Thumb, 0 bytes, Stack size 0 bytes, startup_stm32f10x_hd.o(.text))
<BR>[Address Reference Count : 1]<UL><LI> startup_stm32f10x_hd.o(RESET)
</UL>
<P><STRONG><a name="[30]"></a>TIM4_IRQHandler</STRONG> (Thumb, 0 bytes, Stack size 0 bytes, startup_stm32f10x_hd.o(.text))
<BR>[Address Reference Count : 1]<UL><LI> startup_stm32f10x_hd.o(RESET)
</UL>
<P><STRONG><a name="[44]"></a>TIM5_IRQHandler</STRONG> (Thumb, 0 bytes, Stack size 0 bytes, startup_stm32f10x_hd.o(.text))
<BR>[Address Reference Count : 1]<UL><LI> startup_stm32f10x_hd.o(RESET)
</UL>
<P><STRONG><a name="[48]"></a>TIM6_IRQHandler</STRONG> (Thumb, 0 bytes, Stack size 0 bytes, startup_stm32f10x_hd.o(.text))
<BR>[Address Reference Count : 1]<UL><LI> startup_stm32f10x_hd.o(RESET)
</UL>
<P><STRONG><a name="[49]"></a>TIM7_IRQHandler</STRONG> (Thumb, 0 bytes, Stack size 0 bytes, startup_stm32f10x_hd.o(.text))
<BR>[Address Reference Count : 1]<UL><LI> startup_stm32f10x_hd.o(RESET)
</UL>
<P><STRONG><a name="[3d]"></a>TIM8_BRK_IRQHandler</STRONG> (Thumb, 0 bytes, Stack size 0 bytes, startup_stm32f10x_hd.o(.text))
<BR>[Address Reference Count : 1]<UL><LI> startup_stm32f10x_hd.o(RESET)
</UL>
<P><STRONG><a name="[40]"></a>TIM8_CC_IRQHandler</STRONG> (Thumb, 0 bytes, Stack size 0 bytes, startup_stm32f10x_hd.o(.text))
<BR>[Address Reference Count : 1]<UL><LI> startup_stm32f10x_hd.o(RESET)
</UL>
<P><STRONG><a name="[3f]"></a>TIM8_TRG_COM_IRQHandler</STRONG> (Thumb, 0 bytes, Stack size 0 bytes, startup_stm32f10x_hd.o(.text))
<BR>[Address Reference Count : 1]<UL><LI> startup_stm32f10x_hd.o(RESET)
</UL>
<P><STRONG><a name="[3e]"></a>TIM8_UP_IRQHandler</STRONG> (Thumb, 0 bytes, Stack size 0 bytes, startup_stm32f10x_hd.o(.text))
<BR>[Address Reference Count : 1]<UL><LI> startup_stm32f10x_hd.o(RESET)
</UL>
<P><STRONG><a name="[47]"></a>UART5_IRQHandler</STRONG> (Thumb, 0 bytes, Stack size 0 bytes, startup_stm32f10x_hd.o(.text))
<BR>[Address Reference Count : 1]<UL><LI> startup_stm32f10x_hd.o(RESET)
</UL>
<P><STRONG><a name="[37]"></a>USART1_IRQHandler</STRONG> (Thumb, 0 bytes, Stack size 0 bytes, startup_stm32f10x_hd.o(.text))
<BR>[Address Reference Count : 1]<UL><LI> startup_stm32f10x_hd.o(RESET)
</UL>
<P><STRONG><a name="[38]"></a>USART2_IRQHandler</STRONG> (Thumb, 0 bytes, Stack size 0 bytes, startup_stm32f10x_hd.o(.text))
<BR>[Address Reference Count : 1]<UL><LI> startup_stm32f10x_hd.o(RESET)
</UL>
<P><STRONG><a name="[39]"></a>USART3_IRQHandler</STRONG> (Thumb, 0 bytes, Stack size 0 bytes, startup_stm32f10x_hd.o(.text))
<BR>[Address Reference Count : 1]<UL><LI> startup_stm32f10x_hd.o(RESET)
</UL>
<P><STRONG><a name="[3c]"></a>USBWakeUp_IRQHandler</STRONG> (Thumb, 0 bytes, Stack size 0 bytes, startup_stm32f10x_hd.o(.text))
<BR>[Address Reference Count : 1]<UL><LI> startup_stm32f10x_hd.o(RESET)
</UL>
<P><STRONG><a name="[25]"></a>USB_HP_CAN1_TX_IRQHandler</STRONG> (Thumb, 0 bytes, Stack size 0 bytes, startup_stm32f10x_hd.o(.text))
<BR>[Address Reference Count : 1]<UL><LI> startup_stm32f10x_hd.o(RESET)
</UL>
<P><STRONG><a name="[26]"></a>USB_LP_CAN1_RX0_IRQHandler</STRONG> (Thumb, 0 bytes, Stack size 0 bytes, startup_stm32f10x_hd.o(.text))
<BR>[Address Reference Count : 1]<UL><LI> startup_stm32f10x_hd.o(RESET)
</UL>
<P><STRONG><a name="[12]"></a>WWDG_IRQHandler</STRONG> (Thumb, 0 bytes, Stack size 0 bytes, startup_stm32f10x_hd.o(.text))
<BR>[Address Reference Count : 1]<UL><LI> startup_stm32f10x_hd.o(RESET)
</UL>
<P><STRONG><a name="[1fc]"></a>___aeabi_memcpy8$move</STRONG> (Thumb, 0 bytes, Stack size 8 bytes, memmovea.o(.text), UNUSED)

<P><STRONG><a name="[1fd]"></a>__aeabi_memcpy</STRONG> (Thumb, 64 bytes, Stack size 8 bytes, memmovea.o(.text), UNUSED)

<P><STRONG><a name="[1db]"></a>__aeabi_memcpy4</STRONG> (Thumb, 0 bytes, Stack size 8 bytes, memmovea.o(.text))
<BR><BR>[Stack]<UL><LI>Max Depth = 8<LI>Call Chain = __aeabi_memcpy4
</UL>
<BR>[Called By]<UL><LI><a href="#[1da]">&gt;&gt;</a>&nbsp;&nbsp;&nbsp;_EnlargeBlocks
</UL>

<P><STRONG><a name="[1e6]"></a>__aeabi_memmove</STRONG> (Thumb, 0 bytes, Stack size 8 bytes, memmovea.o(.text))
<BR><BR>[Stack]<UL><LI>Max Depth = 8<LI>Call Chain = __aeabi_memmove
</UL>
<BR>[Called By]<UL><LI><a href="#[ff]">&gt;&gt;</a>&nbsp;&nbsp;&nbsp;_RemoveHoles
</UL>

<P><STRONG><a name="[1fe]"></a>__aeabi_memmove4</STRONG> (Thumb, 0 bytes, Stack size 8 bytes, memmovea.o(.text), UNUSED)

<P><STRONG><a name="[1ff]"></a>__aeabi_memmove8</STRONG> (Thumb, 0 bytes, Stack size 8 bytes, memmovea.o(.text), UNUSED)

<P><STRONG><a name="[93]"></a>__aeabi_memset</STRONG> (Thumb, 14 bytes, Stack size 0 bytes, memseta.o(.text))
<BR><BR>[Called By]<UL><LI><a href="#[94]">&gt;&gt;</a>&nbsp;&nbsp;&nbsp;_memset$wrapper
<LI><a href="#[92]">&gt;&gt;</a>&nbsp;&nbsp;&nbsp;__aeabi_memclr
</UL>

<P><STRONG><a name="[200]"></a>__aeabi_memset4</STRONG> (Thumb, 0 bytes, Stack size 0 bytes, memseta.o(.text), UNUSED)

<P><STRONG><a name="[201]"></a>__aeabi_memset8</STRONG> (Thumb, 0 bytes, Stack size 0 bytes, memseta.o(.text), UNUSED)

<P><STRONG><a name="[92]"></a>__aeabi_memclr</STRONG> (Thumb, 4 bytes, Stack size 0 bytes, memseta.o(.text))
<BR><BR>[Calls]<UL><LI><a href="#[93]">&gt;&gt;</a>&nbsp;&nbsp;&nbsp;__aeabi_memset
</UL>
<BR>[Called By]<UL><LI><a href="#[18c]">&gt;&gt;</a>&nbsp;&nbsp;&nbsp;PC_CMD_CTL
</UL>

<P><STRONG><a name="[202]"></a>__aeabi_memclr4</STRONG> (Thumb, 0 bytes, Stack size 0 bytes, memseta.o(.text), UNUSED)

<P><STRONG><a name="[203]"></a>__aeabi_memclr8</STRONG> (Thumb, 0 bytes, Stack size 0 bytes, memseta.o(.text), UNUSED)

<P><STRONG><a name="[94]"></a>_memset$wrapper</STRONG> (Thumb, 18 bytes, Stack size 8 bytes, memseta.o(.text), UNUSED)
<BR><BR>[Calls]<UL><LI><a href="#[93]">&gt;&gt;</a>&nbsp;&nbsp;&nbsp;__aeabi_memset
</UL>

<P><STRONG><a name="[192]"></a>strlen</STRONG> (Thumb, 14 bytes, Stack size 0 bytes, strlen.o(.text))
<BR><BR>[Called By]<UL><LI><a href="#[18d]">&gt;&gt;</a>&nbsp;&nbsp;&nbsp;PC_CMD_PRO
</UL>

<P><STRONG><a name="[dd]"></a>strcmp</STRONG> (Thumb, 28 bytes, Stack size 8 bytes, strcmp.o(.text))
<BR><BR>[Stack]<UL><LI>Max Depth = 8<LI>Call Chain = strcmp
</UL>
<BR>[Called By]<UL><LI><a href="#[bf]">&gt;&gt;</a>&nbsp;&nbsp;&nbsp;Display_Aux_char
<LI><a href="#[aa]">&gt;&gt;</a>&nbsp;&nbsp;&nbsp;Display_Ampx_char
</UL>

<P><STRONG><a name="[95]"></a>__aeabi_fdiv</STRONG> (Thumb, 124 bytes, Stack size 8 bytes, fdiv.o(.text))
<BR><BR>[Stack]<UL><LI>Max Depth = 8<LI>Call Chain = __aeabi_fdiv
</UL>
<BR>[Calls]<UL><LI><a href="#[96]">&gt;&gt;</a>&nbsp;&nbsp;&nbsp;_float_round
</UL>
<BR>[Called By]<UL><LI><a href="#[ca]">&gt;&gt;</a>&nbsp;&nbsp;&nbsp;Get_Adc_Average
</UL>

<P><STRONG><a name="[145]"></a>__ARM_scalbnf</STRONG> (Thumb, 24 bytes, Stack size 0 bytes, fscalb.o(.text))
<BR><BR>[Called By]<UL><LI><a href="#[ca]">&gt;&gt;</a>&nbsp;&nbsp;&nbsp;Get_Adc_Average
</UL>

<P><STRONG><a name="[204]"></a>scalbnf</STRONG> (Thumb, 0 bytes, Stack size 0 bytes, fscalb.o(.text), UNUSED)

<P><STRONG><a name="[97]"></a>__aeabi_dmul</STRONG> (Thumb, 228 bytes, Stack size 48 bytes, dmul.o(.text))
<BR><BR>[Stack]<UL><LI>Max Depth = 88<LI>Call Chain = __aeabi_dmul &rArr; _double_epilogue &rArr; _double_round
</UL>
<BR>[Calls]<UL><LI><a href="#[98]">&gt;&gt;</a>&nbsp;&nbsp;&nbsp;_double_epilogue
</UL>
<BR>[Called By]<UL><LI><a href="#[ca]">&gt;&gt;</a>&nbsp;&nbsp;&nbsp;Get_Adc_Average
</UL>

<P><STRONG><a name="[99]"></a>__aeabi_ui2f</STRONG> (Thumb, 10 bytes, Stack size 0 bytes, ffltui.o(.text))
<BR><BR>[Stack]<UL><LI>Max Depth = 4<LI>Call Chain = __aeabi_ui2f &rArr; _float_epilogue
</UL>
<BR>[Calls]<UL><LI><a href="#[9a]">&gt;&gt;</a>&nbsp;&nbsp;&nbsp;_float_epilogue
</UL>
<BR>[Called By]<UL><LI><a href="#[ca]">&gt;&gt;</a>&nbsp;&nbsp;&nbsp;Get_Adc_Average
</UL>

<P><STRONG><a name="[146]"></a>__aeabi_f2d</STRONG> (Thumb, 38 bytes, Stack size 0 bytes, f2d.o(.text))
<BR><BR>[Called By]<UL><LI><a href="#[ca]">&gt;&gt;</a>&nbsp;&nbsp;&nbsp;Get_Adc_Average
</UL>

<P><STRONG><a name="[9b]"></a>__aeabi_d2f</STRONG> (Thumb, 56 bytes, Stack size 8 bytes, d2f.o(.text))
<BR><BR>[Stack]<UL><LI>Max Depth = 8<LI>Call Chain = __aeabi_d2f
</UL>
<BR>[Calls]<UL><LI><a href="#[96]">&gt;&gt;</a>&nbsp;&nbsp;&nbsp;_float_round
</UL>
<BR>[Called By]<UL><LI><a href="#[ca]">&gt;&gt;</a>&nbsp;&nbsp;&nbsp;Get_Adc_Average
</UL>

<P><STRONG><a name="[9c]"></a>__aeabi_uldivmod</STRONG> (Thumb, 98 bytes, Stack size 40 bytes, uldiv.o(.text), UNUSED)
<BR><BR>[Calls]<UL><LI><a href="#[9d]">&gt;&gt;</a>&nbsp;&nbsp;&nbsp;__aeabi_llsr
<LI><a href="#[9e]">&gt;&gt;</a>&nbsp;&nbsp;&nbsp;__aeabi_llsl
</UL>
<BR>[Called By]<UL><LI><a href="#[1e8]">&gt;&gt;</a>&nbsp;&nbsp;&nbsp;_printf_core
</UL>

<P><STRONG><a name="[205]"></a>__I$use$fp</STRONG> (Thumb, 0 bytes, Stack size 0 bytes, iusefp.o(.text), UNUSED)

<P><STRONG><a name="[96]"></a>_float_round</STRONG> (Thumb, 18 bytes, Stack size 0 bytes, fepilogue.o(.text))
<BR><BR>[Called By]<UL><LI><a href="#[95]">&gt;&gt;</a>&nbsp;&nbsp;&nbsp;__aeabi_fdiv
<LI><a href="#[9b]">&gt;&gt;</a>&nbsp;&nbsp;&nbsp;__aeabi_d2f
</UL>

<P><STRONG><a name="[9a]"></a>_float_epilogue</STRONG> (Thumb, 92 bytes, Stack size 4 bytes, fepilogue.o(.text))
<BR><BR>[Stack]<UL><LI>Max Depth = 4<LI>Call Chain = _float_epilogue
</UL>
<BR>[Called By]<UL><LI><a href="#[99]">&gt;&gt;</a>&nbsp;&nbsp;&nbsp;__aeabi_ui2f
</UL>

<P><STRONG><a name="[9f]"></a>_double_round</STRONG> (Thumb, 30 bytes, Stack size 8 bytes, depilogue.o(.text))
<BR><BR>[Stack]<UL><LI>Max Depth = 8<LI>Call Chain = _double_round
</UL>
<BR>[Called By]<UL><LI><a href="#[98]">&gt;&gt;</a>&nbsp;&nbsp;&nbsp;_double_epilogue
</UL>

<P><STRONG><a name="[98]"></a>_double_epilogue</STRONG> (Thumb, 156 bytes, Stack size 32 bytes, depilogue.o(.text))
<BR><BR>[Stack]<UL><LI>Max Depth = 40<LI>Call Chain = _double_epilogue &rArr; _double_round
</UL>
<BR>[Calls]<UL><LI><a href="#[9d]">&gt;&gt;</a>&nbsp;&nbsp;&nbsp;__aeabi_llsr
<LI><a href="#[9e]">&gt;&gt;</a>&nbsp;&nbsp;&nbsp;__aeabi_llsl
<LI><a href="#[9f]">&gt;&gt;</a>&nbsp;&nbsp;&nbsp;_double_round
</UL>
<BR>[Called By]<UL><LI><a href="#[97]">&gt;&gt;</a>&nbsp;&nbsp;&nbsp;__aeabi_dmul
</UL>

<P><STRONG><a name="[91]"></a>__scatterload</STRONG> (Thumb, 28 bytes, Stack size 0 bytes, init.o(.text))
<BR><BR>[Calls]<UL><LI><a href="#[a0]">&gt;&gt;</a>&nbsp;&nbsp;&nbsp;__main_after_scatterload
</UL>
<BR>[Called By]<UL><LI><a href="#[90]">&gt;&gt;</a>&nbsp;&nbsp;&nbsp;_main_scatterload
</UL>

<P><STRONG><a name="[206]"></a>__scatterload_rt2</STRONG> (Thumb, 0 bytes, Stack size 0 bytes, init.o(.text), UNUSED)

<P><STRONG><a name="[9e]"></a>__aeabi_llsl</STRONG> (Thumb, 30 bytes, Stack size 0 bytes, llshl.o(.text))
<BR><BR>[Called By]<UL><LI><a href="#[9c]">&gt;&gt;</a>&nbsp;&nbsp;&nbsp;__aeabi_uldivmod
<LI><a href="#[98]">&gt;&gt;</a>&nbsp;&nbsp;&nbsp;_double_epilogue
</UL>

<P><STRONG><a name="[207]"></a>_ll_shift_l</STRONG> (Thumb, 0 bytes, Stack size 0 bytes, llshl.o(.text), UNUSED)

<P><STRONG><a name="[9d]"></a>__aeabi_llsr</STRONG> (Thumb, 32 bytes, Stack size 0 bytes, llushr.o(.text))
<BR><BR>[Called By]<UL><LI><a href="#[9c]">&gt;&gt;</a>&nbsp;&nbsp;&nbsp;__aeabi_uldivmod
<LI><a href="#[98]">&gt;&gt;</a>&nbsp;&nbsp;&nbsp;_double_epilogue
</UL>

<P><STRONG><a name="[208]"></a>_ll_ushift_r</STRONG> (Thumb, 0 bytes, Stack size 0 bytes, llushr.o(.text), UNUSED)

<P><STRONG><a name="[209]"></a>__decompress</STRONG> (Thumb, 0 bytes, Stack size unknown bytes, __dczerorl2.o(.text), UNUSED)

<P><STRONG><a name="[20a]"></a>__decompress1</STRONG> (Thumb, 86 bytes, Stack size unknown bytes, __dczerorl2.o(.text), UNUSED)

<P><STRONG><a name="[d3]"></a>ADC_Cmd</STRONG> (Thumb, 20 bytes, Stack size 0 bytes, stm32f10x_adc.o(i.ADC_Cmd))
<BR><BR>[Called By]<UL><LI><a href="#[ce]">&gt;&gt;</a>&nbsp;&nbsp;&nbsp;Adc_Init
</UL>

<P><STRONG><a name="[a1]"></a>ADC_DeInit</STRONG> (Thumb, 56 bytes, Stack size 8 bytes, stm32f10x_adc.o(i.ADC_DeInit))
<BR><BR>[Stack]<UL><LI>Max Depth = 8<LI>Call Chain = ADC_DeInit
</UL>
<BR>[Calls]<UL><LI><a href="#[a2]">&gt;&gt;</a>&nbsp;&nbsp;&nbsp;RCC_APB2PeriphResetCmd
</UL>
<BR>[Called By]<UL><LI><a href="#[ce]">&gt;&gt;</a>&nbsp;&nbsp;&nbsp;Adc_Init
</UL>

<P><STRONG><a name="[d7]"></a>ADC_GetCalibrationStatus</STRONG> (Thumb, 14 bytes, Stack size 0 bytes, stm32f10x_adc.o(i.ADC_GetCalibrationStatus))
<BR><BR>[Called By]<UL><LI><a href="#[ce]">&gt;&gt;</a>&nbsp;&nbsp;&nbsp;Adc_Init
</UL>

<P><STRONG><a name="[144]"></a>ADC_GetConversionValue</STRONG> (Thumb, 6 bytes, Stack size 0 bytes, stm32f10x_adc.o(i.ADC_GetConversionValue))
<BR><BR>[Called By]<UL><LI><a href="#[140]">&gt;&gt;</a>&nbsp;&nbsp;&nbsp;Get_Adc
</UL>

<P><STRONG><a name="[143]"></a>ADC_GetFlagStatus</STRONG> (Thumb, 14 bytes, Stack size 0 bytes, stm32f10x_adc.o(i.ADC_GetFlagStatus))
<BR><BR>[Called By]<UL><LI><a href="#[140]">&gt;&gt;</a>&nbsp;&nbsp;&nbsp;Get_Adc
</UL>

<P><STRONG><a name="[d5]"></a>ADC_GetResetCalibrationStatus</STRONG> (Thumb, 14 bytes, Stack size 0 bytes, stm32f10x_adc.o(i.ADC_GetResetCalibrationStatus))
<BR><BR>[Called By]<UL><LI><a href="#[ce]">&gt;&gt;</a>&nbsp;&nbsp;&nbsp;Adc_Init
</UL>

<P><STRONG><a name="[d2]"></a>ADC_Init</STRONG> (Thumb, 62 bytes, Stack size 8 bytes, stm32f10x_adc.o(i.ADC_Init))
<BR><BR>[Stack]<UL><LI>Max Depth = 8<LI>Call Chain = ADC_Init
</UL>
<BR>[Called By]<UL><LI><a href="#[ce]">&gt;&gt;</a>&nbsp;&nbsp;&nbsp;Adc_Init
</UL>

<P><STRONG><a name="[141]"></a>ADC_RegularChannelConfig</STRONG> (Thumb, 116 bytes, Stack size 16 bytes, stm32f10x_adc.o(i.ADC_RegularChannelConfig))
<BR><BR>[Stack]<UL><LI>Max Depth = 16<LI>Call Chain = ADC_RegularChannelConfig
</UL>
<BR>[Called By]<UL><LI><a href="#[140]">&gt;&gt;</a>&nbsp;&nbsp;&nbsp;Get_Adc
</UL>

<P><STRONG><a name="[d4]"></a>ADC_ResetCalibration</STRONG> (Thumb, 10 bytes, Stack size 0 bytes, stm32f10x_adc.o(i.ADC_ResetCalibration))
<BR><BR>[Called By]<UL><LI><a href="#[ce]">&gt;&gt;</a>&nbsp;&nbsp;&nbsp;Adc_Init
</UL>

<P><STRONG><a name="[142]"></a>ADC_SoftwareStartConvCmd</STRONG> (Thumb, 20 bytes, Stack size 0 bytes, stm32f10x_adc.o(i.ADC_SoftwareStartConvCmd))
<BR><BR>[Called By]<UL><LI><a href="#[140]">&gt;&gt;</a>&nbsp;&nbsp;&nbsp;Get_Adc
</UL>

<P><STRONG><a name="[d6]"></a>ADC_StartCalibration</STRONG> (Thumb, 10 bytes, Stack size 0 bytes, stm32f10x_adc.o(i.ADC_StartCalibration))
<BR><BR>[Called By]<UL><LI><a href="#[ce]">&gt;&gt;</a>&nbsp;&nbsp;&nbsp;Adc_Init
</UL>

<P><STRONG><a name="[a3]"></a>AMP1_Dispose</STRONG> (Thumb, 18 bytes, Stack size 8 bytes, dispose.o(i.AMP1_Dispose))
<BR><BR>[Stack]<UL><LI>Max Depth = 240<LI>Call Chain = AMP1_Dispose &rArr; AMPX_Out_Dispose &rArr; Display_Ampx_char &rArr; GUI_DispStringAt &rArr; GUI_DispString &rArr; GUI__DispLine &rArr; WM__InitIVRSearch &rArr; WM__GetNextIVR &rArr; WM__ActivateClipRect &rArr; _SetClipRectUserIntersect &rArr; LCD_SetClipRectEx &rArr; GUI__IntersectRects
</UL>
<BR>[Calls]<UL><LI><a href="#[a4]">&gt;&gt;</a>&nbsp;&nbsp;&nbsp;AMPX_Out_Dispose
<LI><a href="#[a5]">&gt;&gt;</a>&nbsp;&nbsp;&nbsp;AMPX_Gain_Mode
</UL>
<BR>[Called By]<UL><LI><a href="#[18a]">&gt;&gt;</a>&nbsp;&nbsp;&nbsp;P646_Action
</UL>

<P><STRONG><a name="[a6]"></a>AMP2_Dispose</STRONG> (Thumb, 18 bytes, Stack size 8 bytes, dispose.o(i.AMP2_Dispose))
<BR><BR>[Stack]<UL><LI>Max Depth = 240<LI>Call Chain = AMP2_Dispose &rArr; AMPX_Out_Dispose &rArr; Display_Ampx_char &rArr; GUI_DispStringAt &rArr; GUI_DispString &rArr; GUI__DispLine &rArr; WM__InitIVRSearch &rArr; WM__GetNextIVR &rArr; WM__ActivateClipRect &rArr; _SetClipRectUserIntersect &rArr; LCD_SetClipRectEx &rArr; GUI__IntersectRects
</UL>
<BR>[Calls]<UL><LI><a href="#[a4]">&gt;&gt;</a>&nbsp;&nbsp;&nbsp;AMPX_Out_Dispose
<LI><a href="#[a5]">&gt;&gt;</a>&nbsp;&nbsp;&nbsp;AMPX_Gain_Mode
</UL>
<BR>[Called By]<UL><LI><a href="#[18a]">&gt;&gt;</a>&nbsp;&nbsp;&nbsp;P646_Action
</UL>

<P><STRONG><a name="[a7]"></a>AMPX_0DB_GAIN</STRONG> (Thumb, 34 bytes, Stack size 0 bytes, deploy.o(i.AMPX_0DB_GAIN))
<BR><BR>[Stack]<UL><LI>Max Depth = 108<LI>Call Chain = AMPX_0DB_GAIN &rArr; TCA6424_Port &rArr; tca6424a_2_read &rArr; IIC3_Read_Byte &rArr; IIC3_NAck &rArr; IIC3_SDA_OUT &rArr; GPIO_Init
</UL>
<BR>[Calls]<UL><LI><a href="#[a8]">&gt;&gt;</a>&nbsp;&nbsp;&nbsp;TCA6424_Port
</UL>
<BR>[Called By]<UL><LI><a href="#[a5]">&gt;&gt;</a>&nbsp;&nbsp;&nbsp;AMPX_Gain_Mode
</UL>

<P><STRONG><a name="[a9]"></a>AMPX_20DB_GAIN</STRONG> (Thumb, 34 bytes, Stack size 0 bytes, deploy.o(i.AMPX_20DB_GAIN))
<BR><BR>[Stack]<UL><LI>Max Depth = 108<LI>Call Chain = AMPX_20DB_GAIN &rArr; TCA6424_Port &rArr; tca6424a_2_read &rArr; IIC3_Read_Byte &rArr; IIC3_NAck &rArr; IIC3_SDA_OUT &rArr; GPIO_Init
</UL>
<BR>[Calls]<UL><LI><a href="#[a8]">&gt;&gt;</a>&nbsp;&nbsp;&nbsp;TCA6424_Port
</UL>
<BR>[Called By]<UL><LI><a href="#[a5]">&gt;&gt;</a>&nbsp;&nbsp;&nbsp;AMPX_Gain_Mode
</UL>

<P><STRONG><a name="[a5]"></a>AMPX_Gain_Mode</STRONG> (Thumb, 58 bytes, Stack size 8 bytes, dispose.o(i.AMPX_Gain_Mode))
<BR><BR>[Stack]<UL><LI>Max Depth = 224<LI>Call Chain = AMPX_Gain_Mode &rArr; Display_Ampx_char &rArr; GUI_DispStringAt &rArr; GUI_DispString &rArr; GUI__DispLine &rArr; WM__InitIVRSearch &rArr; WM__GetNextIVR &rArr; WM__ActivateClipRect &rArr; _SetClipRectUserIntersect &rArr; LCD_SetClipRectEx &rArr; GUI__IntersectRects
</UL>
<BR>[Calls]<UL><LI><a href="#[aa]">&gt;&gt;</a>&nbsp;&nbsp;&nbsp;Display_Ampx_char
<LI><a href="#[a9]">&gt;&gt;</a>&nbsp;&nbsp;&nbsp;AMPX_20DB_GAIN
<LI><a href="#[a7]">&gt;&gt;</a>&nbsp;&nbsp;&nbsp;AMPX_0DB_GAIN
</UL>
<BR>[Called By]<UL><LI><a href="#[a6]">&gt;&gt;</a>&nbsp;&nbsp;&nbsp;AMP2_Dispose
<LI><a href="#[a3]">&gt;&gt;</a>&nbsp;&nbsp;&nbsp;AMP1_Dispose
</UL>

<P><STRONG><a name="[ab]"></a>AMPX_OVER_OFF</STRONG> (Thumb, 34 bytes, Stack size 0 bytes, deploy.o(i.AMPX_OVER_OFF))
<BR><BR>[Stack]<UL><LI>Max Depth = 108<LI>Call Chain = AMPX_OVER_OFF &rArr; TCA6424_Port &rArr; tca6424a_2_read &rArr; IIC3_Read_Byte &rArr; IIC3_NAck &rArr; IIC3_SDA_OUT &rArr; GPIO_Init
</UL>
<BR>[Calls]<UL><LI><a href="#[a8]">&gt;&gt;</a>&nbsp;&nbsp;&nbsp;TCA6424_Port
</UL>
<BR>[Called By]<UL><LI><a href="#[a4]">&gt;&gt;</a>&nbsp;&nbsp;&nbsp;AMPX_Out_Dispose
</UL>

<P><STRONG><a name="[ac]"></a>AMPX_OVER_ON</STRONG> (Thumb, 34 bytes, Stack size 0 bytes, deploy.o(i.AMPX_OVER_ON))
<BR><BR>[Stack]<UL><LI>Max Depth = 108<LI>Call Chain = AMPX_OVER_ON &rArr; TCA6424_Port &rArr; tca6424a_2_read &rArr; IIC3_Read_Byte &rArr; IIC3_NAck &rArr; IIC3_SDA_OUT &rArr; GPIO_Init
</UL>
<BR>[Calls]<UL><LI><a href="#[a8]">&gt;&gt;</a>&nbsp;&nbsp;&nbsp;TCA6424_Port
</UL>
<BR>[Called By]<UL><LI><a href="#[a4]">&gt;&gt;</a>&nbsp;&nbsp;&nbsp;AMPX_Out_Dispose
</UL>

<P><STRONG><a name="[a4]"></a>AMPX_Out_Dispose</STRONG> (Thumb, 98 bytes, Stack size 16 bytes, dispose.o(i.AMPX_Out_Dispose))
<BR><BR>[Stack]<UL><LI>Max Depth = 232<LI>Call Chain = AMPX_Out_Dispose &rArr; Display_Ampx_char &rArr; GUI_DispStringAt &rArr; GUI_DispString &rArr; GUI__DispLine &rArr; WM__InitIVRSearch &rArr; WM__GetNextIVR &rArr; WM__ActivateClipRect &rArr; _SetClipRectUserIntersect &rArr; LCD_SetClipRectEx &rArr; GUI__IntersectRects
</UL>
<BR>[Calls]<UL><LI><a href="#[aa]">&gt;&gt;</a>&nbsp;&nbsp;&nbsp;Display_Ampx_char
<LI><a href="#[ad]">&gt;&gt;</a>&nbsp;&nbsp;&nbsp;Display_Ampx_Out
<LI><a href="#[ac]">&gt;&gt;</a>&nbsp;&nbsp;&nbsp;AMPX_OVER_ON
<LI><a href="#[ab]">&gt;&gt;</a>&nbsp;&nbsp;&nbsp;AMPX_OVER_OFF
</UL>
<BR>[Called By]<UL><LI><a href="#[a6]">&gt;&gt;</a>&nbsp;&nbsp;&nbsp;AMP2_Dispose
<LI><a href="#[a3]">&gt;&gt;</a>&nbsp;&nbsp;&nbsp;AMP1_Dispose
</UL>

<P><STRONG><a name="[ae]"></a>AU1_Dispose</STRONG> (Thumb, 50 bytes, Stack size 8 bytes, dispose.o(i.AU1_Dispose))
<BR><BR>[Stack]<UL><LI>Max Depth = 272<LI>Call Chain = AU1_Dispose &rArr; AUX_Gain_Mode &rArr; Display_Aux_char &rArr; GUI_DispStringAt &rArr; GUI_DispString &rArr; GUI__DispLine &rArr; WM__InitIVRSearch &rArr; WM__GetNextIVR &rArr; WM__ActivateClipRect &rArr; _SetClipRectUserIntersect &rArr; LCD_SetClipRectEx &rArr; GUI__IntersectRects
</UL>
<BR>[Calls]<UL><LI><a href="#[b0]">&gt;&gt;</a>&nbsp;&nbsp;&nbsp;AUX_Overvoltage_Dispose
<LI><a href="#[af]">&gt;&gt;</a>&nbsp;&nbsp;&nbsp;AUX_Mic_Mode2
<LI><a href="#[b1]">&gt;&gt;</a>&nbsp;&nbsp;&nbsp;AUX_Mic_Dispose
<LI><a href="#[b3]">&gt;&gt;</a>&nbsp;&nbsp;&nbsp;AUX_Gain_Mode
<LI><a href="#[b2]">&gt;&gt;</a>&nbsp;&nbsp;&nbsp;AUX_Bias_Mode
</UL>
<BR>[Called By]<UL><LI><a href="#[18a]">&gt;&gt;</a>&nbsp;&nbsp;&nbsp;P646_Action
</UL>

<P><STRONG><a name="[b4]"></a>AU2_Dispose</STRONG> (Thumb, 50 bytes, Stack size 8 bytes, dispose.o(i.AU2_Dispose))
<BR><BR>[Stack]<UL><LI>Max Depth = 272<LI>Call Chain = AU2_Dispose &rArr; AUX_Gain_Mode &rArr; Display_Aux_char &rArr; GUI_DispStringAt &rArr; GUI_DispString &rArr; GUI__DispLine &rArr; WM__InitIVRSearch &rArr; WM__GetNextIVR &rArr; WM__ActivateClipRect &rArr; _SetClipRectUserIntersect &rArr; LCD_SetClipRectEx &rArr; GUI__IntersectRects
</UL>
<BR>[Calls]<UL><LI><a href="#[b0]">&gt;&gt;</a>&nbsp;&nbsp;&nbsp;AUX_Overvoltage_Dispose
<LI><a href="#[af]">&gt;&gt;</a>&nbsp;&nbsp;&nbsp;AUX_Mic_Mode2
<LI><a href="#[b1]">&gt;&gt;</a>&nbsp;&nbsp;&nbsp;AUX_Mic_Dispose
<LI><a href="#[b3]">&gt;&gt;</a>&nbsp;&nbsp;&nbsp;AUX_Gain_Mode
<LI><a href="#[b2]">&gt;&gt;</a>&nbsp;&nbsp;&nbsp;AUX_Bias_Mode
</UL>
<BR>[Called By]<UL><LI><a href="#[18a]">&gt;&gt;</a>&nbsp;&nbsp;&nbsp;P646_Action
</UL>

<P><STRONG><a name="[b5]"></a>AU3_Dispose</STRONG> (Thumb, 50 bytes, Stack size 8 bytes, dispose.o(i.AU3_Dispose))
<BR><BR>[Stack]<UL><LI>Max Depth = 272<LI>Call Chain = AU3_Dispose &rArr; AUX_Gain_Mode &rArr; Display_Aux_char &rArr; GUI_DispStringAt &rArr; GUI_DispString &rArr; GUI__DispLine &rArr; WM__InitIVRSearch &rArr; WM__GetNextIVR &rArr; WM__ActivateClipRect &rArr; _SetClipRectUserIntersect &rArr; LCD_SetClipRectEx &rArr; GUI__IntersectRects
</UL>
<BR>[Calls]<UL><LI><a href="#[b0]">&gt;&gt;</a>&nbsp;&nbsp;&nbsp;AUX_Overvoltage_Dispose
<LI><a href="#[af]">&gt;&gt;</a>&nbsp;&nbsp;&nbsp;AUX_Mic_Mode2
<LI><a href="#[b1]">&gt;&gt;</a>&nbsp;&nbsp;&nbsp;AUX_Mic_Dispose
<LI><a href="#[b3]">&gt;&gt;</a>&nbsp;&nbsp;&nbsp;AUX_Gain_Mode
<LI><a href="#[b2]">&gt;&gt;</a>&nbsp;&nbsp;&nbsp;AUX_Bias_Mode
</UL>
<BR>[Called By]<UL><LI><a href="#[18a]">&gt;&gt;</a>&nbsp;&nbsp;&nbsp;P646_Action
</UL>

<P><STRONG><a name="[b6]"></a>AU4_Dispose</STRONG> (Thumb, 50 bytes, Stack size 8 bytes, dispose.o(i.AU4_Dispose))
<BR><BR>[Stack]<UL><LI>Max Depth = 272<LI>Call Chain = AU4_Dispose &rArr; AUX_Gain_Mode &rArr; Display_Aux_char &rArr; GUI_DispStringAt &rArr; GUI_DispString &rArr; GUI__DispLine &rArr; WM__InitIVRSearch &rArr; WM__GetNextIVR &rArr; WM__ActivateClipRect &rArr; _SetClipRectUserIntersect &rArr; LCD_SetClipRectEx &rArr; GUI__IntersectRects
</UL>
<BR>[Calls]<UL><LI><a href="#[b0]">&gt;&gt;</a>&nbsp;&nbsp;&nbsp;AUX_Overvoltage_Dispose
<LI><a href="#[af]">&gt;&gt;</a>&nbsp;&nbsp;&nbsp;AUX_Mic_Mode2
<LI><a href="#[b1]">&gt;&gt;</a>&nbsp;&nbsp;&nbsp;AUX_Mic_Dispose
<LI><a href="#[b3]">&gt;&gt;</a>&nbsp;&nbsp;&nbsp;AUX_Gain_Mode
<LI><a href="#[b2]">&gt;&gt;</a>&nbsp;&nbsp;&nbsp;AUX_Bias_Mode
</UL>
<BR>[Called By]<UL><LI><a href="#[18a]">&gt;&gt;</a>&nbsp;&nbsp;&nbsp;P646_Action
</UL>

<P><STRONG><a name="[b7]"></a>AU5_Dispose</STRONG> (Thumb, 50 bytes, Stack size 8 bytes, dispose.o(i.AU5_Dispose))
<BR><BR>[Stack]<UL><LI>Max Depth = 272<LI>Call Chain = AU5_Dispose &rArr; AUX_Gain_Mode &rArr; Display_Aux_char &rArr; GUI_DispStringAt &rArr; GUI_DispString &rArr; GUI__DispLine &rArr; WM__InitIVRSearch &rArr; WM__GetNextIVR &rArr; WM__ActivateClipRect &rArr; _SetClipRectUserIntersect &rArr; LCD_SetClipRectEx &rArr; GUI__IntersectRects
</UL>
<BR>[Calls]<UL><LI><a href="#[b0]">&gt;&gt;</a>&nbsp;&nbsp;&nbsp;AUX_Overvoltage_Dispose
<LI><a href="#[b8]">&gt;&gt;</a>&nbsp;&nbsp;&nbsp;AUX_Mic_Mode3
<LI><a href="#[b1]">&gt;&gt;</a>&nbsp;&nbsp;&nbsp;AUX_Mic_Dispose
<LI><a href="#[b3]">&gt;&gt;</a>&nbsp;&nbsp;&nbsp;AUX_Gain_Mode
<LI><a href="#[b2]">&gt;&gt;</a>&nbsp;&nbsp;&nbsp;AUX_Bias_Mode
</UL>
<BR>[Called By]<UL><LI><a href="#[18a]">&gt;&gt;</a>&nbsp;&nbsp;&nbsp;P646_Action
</UL>

<P><STRONG><a name="[b9]"></a>AU6_Dispose</STRONG> (Thumb, 50 bytes, Stack size 8 bytes, dispose.o(i.AU6_Dispose))
<BR><BR>[Stack]<UL><LI>Max Depth = 272<LI>Call Chain = AU6_Dispose &rArr; AUX_Gain_Mode &rArr; Display_Aux_char &rArr; GUI_DispStringAt &rArr; GUI_DispString &rArr; GUI__DispLine &rArr; WM__InitIVRSearch &rArr; WM__GetNextIVR &rArr; WM__ActivateClipRect &rArr; _SetClipRectUserIntersect &rArr; LCD_SetClipRectEx &rArr; GUI__IntersectRects
</UL>
<BR>[Calls]<UL><LI><a href="#[b0]">&gt;&gt;</a>&nbsp;&nbsp;&nbsp;AUX_Overvoltage_Dispose
<LI><a href="#[b8]">&gt;&gt;</a>&nbsp;&nbsp;&nbsp;AUX_Mic_Mode3
<LI><a href="#[b1]">&gt;&gt;</a>&nbsp;&nbsp;&nbsp;AUX_Mic_Dispose
<LI><a href="#[b3]">&gt;&gt;</a>&nbsp;&nbsp;&nbsp;AUX_Gain_Mode
<LI><a href="#[b2]">&gt;&gt;</a>&nbsp;&nbsp;&nbsp;AUX_Bias_Mode
</UL>
<BR>[Called By]<UL><LI><a href="#[18a]">&gt;&gt;</a>&nbsp;&nbsp;&nbsp;P646_Action
</UL>

<P><STRONG><a name="[ba]"></a>AUX_0DB_GAIN</STRONG> (Thumb, 90 bytes, Stack size 0 bytes, deploy.o(i.AUX_0DB_GAIN))
<BR><BR>[Stack]<UL><LI>Max Depth = 108<LI>Call Chain = AUX_0DB_GAIN &rArr; TCA6424_Port &rArr; tca6424a_2_read &rArr; IIC3_Read_Byte &rArr; IIC3_NAck &rArr; IIC3_SDA_OUT &rArr; GPIO_Init
</UL>
<BR>[Calls]<UL><LI><a href="#[a8]">&gt;&gt;</a>&nbsp;&nbsp;&nbsp;TCA6424_Port
</UL>
<BR>[Called By]<UL><LI><a href="#[b3]">&gt;&gt;</a>&nbsp;&nbsp;&nbsp;AUX_Gain_Mode
</UL>

<P><STRONG><a name="[bb]"></a>AUX_20DB_GAIN</STRONG> (Thumb, 90 bytes, Stack size 0 bytes, deploy.o(i.AUX_20DB_GAIN))
<BR><BR>[Stack]<UL><LI>Max Depth = 108<LI>Call Chain = AUX_20DB_GAIN &rArr; TCA6424_Port &rArr; tca6424a_2_read &rArr; IIC3_Read_Byte &rArr; IIC3_NAck &rArr; IIC3_SDA_OUT &rArr; GPIO_Init
</UL>
<BR>[Calls]<UL><LI><a href="#[a8]">&gt;&gt;</a>&nbsp;&nbsp;&nbsp;TCA6424_Port
</UL>
<BR>[Called By]<UL><LI><a href="#[b3]">&gt;&gt;</a>&nbsp;&nbsp;&nbsp;AUX_Gain_Mode
</UL>

<P><STRONG><a name="[bc]"></a>AUX_2V0_ON</STRONG> (Thumb, 242 bytes, Stack size 8 bytes, deploy.o(i.AUX_2V0_ON))
<BR><BR>[Stack]<UL><LI>Max Depth = 116<LI>Call Chain = AUX_2V0_ON &rArr; TCA6424_Port &rArr; tca6424a_2_read &rArr; IIC3_Read_Byte &rArr; IIC3_NAck &rArr; IIC3_SDA_OUT &rArr; GPIO_Init
</UL>
<BR>[Calls]<UL><LI><a href="#[a8]">&gt;&gt;</a>&nbsp;&nbsp;&nbsp;TCA6424_Port
</UL>
<BR>[Called By]<UL><LI><a href="#[b2]">&gt;&gt;</a>&nbsp;&nbsp;&nbsp;AUX_Bias_Mode
</UL>

<P><STRONG><a name="[bd]"></a>AUX_2V7_ON</STRONG> (Thumb, 242 bytes, Stack size 8 bytes, deploy.o(i.AUX_2V7_ON))
<BR><BR>[Stack]<UL><LI>Max Depth = 116<LI>Call Chain = AUX_2V7_ON &rArr; TCA6424_Port &rArr; tca6424a_2_read &rArr; IIC3_Read_Byte &rArr; IIC3_NAck &rArr; IIC3_SDA_OUT &rArr; GPIO_Init
</UL>
<BR>[Calls]<UL><LI><a href="#[a8]">&gt;&gt;</a>&nbsp;&nbsp;&nbsp;TCA6424_Port
</UL>
<BR>[Called By]<UL><LI><a href="#[b2]">&gt;&gt;</a>&nbsp;&nbsp;&nbsp;AUX_Bias_Mode
</UL>

<P><STRONG><a name="[b2]"></a>AUX_Bias_Mode</STRONG> (Thumb, 126 bytes, Stack size 16 bytes, dispose.o(i.AUX_Bias_Mode))
<BR><BR>[Stack]<UL><LI>Max Depth = 248<LI>Call Chain = AUX_Bias_Mode &rArr; Display_Aux_char &rArr; GUI_DispStringAt &rArr; GUI_DispString &rArr; GUI__DispLine &rArr; WM__InitIVRSearch &rArr; WM__GetNextIVR &rArr; WM__ActivateClipRect &rArr; _SetClipRectUserIntersect &rArr; LCD_SetClipRectEx &rArr; GUI__IntersectRects
</UL>
<BR>[Calls]<UL><LI><a href="#[bf]">&gt;&gt;</a>&nbsp;&nbsp;&nbsp;Display_Aux_char
<LI><a href="#[be]">&gt;&gt;</a>&nbsp;&nbsp;&nbsp;AUX_NONE_ON
<LI><a href="#[c0]">&gt;&gt;</a>&nbsp;&nbsp;&nbsp;AUX_ICP_ON
<LI><a href="#[bd]">&gt;&gt;</a>&nbsp;&nbsp;&nbsp;AUX_2V7_ON
<LI><a href="#[bc]">&gt;&gt;</a>&nbsp;&nbsp;&nbsp;AUX_2V0_ON
</UL>
<BR>[Called By]<UL><LI><a href="#[b9]">&gt;&gt;</a>&nbsp;&nbsp;&nbsp;AU6_Dispose
<LI><a href="#[b7]">&gt;&gt;</a>&nbsp;&nbsp;&nbsp;AU5_Dispose
<LI><a href="#[b6]">&gt;&gt;</a>&nbsp;&nbsp;&nbsp;AU4_Dispose
<LI><a href="#[b5]">&gt;&gt;</a>&nbsp;&nbsp;&nbsp;AU3_Dispose
<LI><a href="#[b4]">&gt;&gt;</a>&nbsp;&nbsp;&nbsp;AU2_Dispose
<LI><a href="#[ae]">&gt;&gt;</a>&nbsp;&nbsp;&nbsp;AU1_Dispose
</UL>

<P><STRONG><a name="[b3]"></a>AUX_Gain_Mode</STRONG> (Thumb, 244 bytes, Stack size 32 bytes, dispose.o(i.AUX_Gain_Mode))
<BR><BR>[Stack]<UL><LI>Max Depth = 264<LI>Call Chain = AUX_Gain_Mode &rArr; Display_Aux_char &rArr; GUI_DispStringAt &rArr; GUI_DispString &rArr; GUI__DispLine &rArr; WM__InitIVRSearch &rArr; WM__GetNextIVR &rArr; WM__ActivateClipRect &rArr; _SetClipRectUserIntersect &rArr; LCD_SetClipRectEx &rArr; GUI__IntersectRects
</UL>
<BR>[Calls]<UL><LI><a href="#[c2]">&gt;&gt;</a>&nbsp;&nbsp;&nbsp;STMFLASH_Write
<LI><a href="#[c3]">&gt;&gt;</a>&nbsp;&nbsp;&nbsp;STMFLASH_Read
<LI><a href="#[c1]">&gt;&gt;</a>&nbsp;&nbsp;&nbsp;GUI_SetColor
<LI><a href="#[bf]">&gt;&gt;</a>&nbsp;&nbsp;&nbsp;Display_Aux_char
<LI><a href="#[bb]">&gt;&gt;</a>&nbsp;&nbsp;&nbsp;AUX_20DB_GAIN
<LI><a href="#[ba]">&gt;&gt;</a>&nbsp;&nbsp;&nbsp;AUX_0DB_GAIN
</UL>
<BR>[Called By]<UL><LI><a href="#[b9]">&gt;&gt;</a>&nbsp;&nbsp;&nbsp;AU6_Dispose
<LI><a href="#[b7]">&gt;&gt;</a>&nbsp;&nbsp;&nbsp;AU5_Dispose
<LI><a href="#[b6]">&gt;&gt;</a>&nbsp;&nbsp;&nbsp;AU4_Dispose
<LI><a href="#[b5]">&gt;&gt;</a>&nbsp;&nbsp;&nbsp;AU3_Dispose
<LI><a href="#[b4]">&gt;&gt;</a>&nbsp;&nbsp;&nbsp;AU2_Dispose
<LI><a href="#[ae]">&gt;&gt;</a>&nbsp;&nbsp;&nbsp;AU1_Dispose
</UL>

<P><STRONG><a name="[c0]"></a>AUX_ICP_ON</STRONG> (Thumb, 242 bytes, Stack size 8 bytes, deploy.o(i.AUX_ICP_ON))
<BR><BR>[Stack]<UL><LI>Max Depth = 116<LI>Call Chain = AUX_ICP_ON &rArr; TCA6424_Port &rArr; tca6424a_2_read &rArr; IIC3_Read_Byte &rArr; IIC3_NAck &rArr; IIC3_SDA_OUT &rArr; GPIO_Init
</UL>
<BR>[Calls]<UL><LI><a href="#[a8]">&gt;&gt;</a>&nbsp;&nbsp;&nbsp;TCA6424_Port
</UL>
<BR>[Called By]<UL><LI><a href="#[b2]">&gt;&gt;</a>&nbsp;&nbsp;&nbsp;AUX_Bias_Mode
</UL>

<P><STRONG><a name="[b1]"></a>AUX_Mic_Dispose</STRONG> (Thumb, 182 bytes, Stack size 8 bytes, dispose.o(i.AUX_Mic_Dispose))
<BR><BR>[Stack]<UL><LI>Max Depth = 240<LI>Call Chain = AUX_Mic_Dispose &rArr; Display_Aux_char &rArr; GUI_DispStringAt &rArr; GUI_DispString &rArr; GUI__DispLine &rArr; WM__InitIVRSearch &rArr; WM__GetNextIVR &rArr; WM__ActivateClipRect &rArr; _SetClipRectUserIntersect &rArr; LCD_SetClipRectEx &rArr; GUI__IntersectRects
</UL>
<BR>[Calls]<UL><LI><a href="#[bf]">&gt;&gt;</a>&nbsp;&nbsp;&nbsp;Display_Aux_char
<LI><a href="#[c4]">&gt;&gt;</a>&nbsp;&nbsp;&nbsp;__2printf
</UL>
<BR>[Called By]<UL><LI><a href="#[b9]">&gt;&gt;</a>&nbsp;&nbsp;&nbsp;AU6_Dispose
<LI><a href="#[b7]">&gt;&gt;</a>&nbsp;&nbsp;&nbsp;AU5_Dispose
<LI><a href="#[b6]">&gt;&gt;</a>&nbsp;&nbsp;&nbsp;AU4_Dispose
<LI><a href="#[b5]">&gt;&gt;</a>&nbsp;&nbsp;&nbsp;AU3_Dispose
<LI><a href="#[b4]">&gt;&gt;</a>&nbsp;&nbsp;&nbsp;AU2_Dispose
<LI><a href="#[ae]">&gt;&gt;</a>&nbsp;&nbsp;&nbsp;AU1_Dispose
</UL>

<P><STRONG><a name="[af]"></a>AUX_Mic_Mode2</STRONG> (Thumb, 62 bytes, Stack size 8 bytes, dispose.o(i.AUX_Mic_Mode2))
<BR><BR>[Stack]<UL><LI>Max Depth = 216<LI>Call Chain = AUX_Mic_Mode2 &rArr; Display_Aux_Mode &rArr; GUI_DispStringAt &rArr; GUI_DispString &rArr; GUI__DispLine &rArr; WM__InitIVRSearch &rArr; WM__GetNextIVR &rArr; WM__ActivateClipRect &rArr; _SetClipRectUserIntersect &rArr; LCD_SetClipRectEx &rArr; GUI__IntersectRects
</UL>
<BR>[Calls]<UL><LI><a href="#[c5]">&gt;&gt;</a>&nbsp;&nbsp;&nbsp;MICX_CON_ON
<LI><a href="#[c7]">&gt;&gt;</a>&nbsp;&nbsp;&nbsp;MICX_CON_OFF
<LI><a href="#[c6]">&gt;&gt;</a>&nbsp;&nbsp;&nbsp;Display_Aux_Mode
</UL>
<BR>[Called By]<UL><LI><a href="#[b6]">&gt;&gt;</a>&nbsp;&nbsp;&nbsp;AU4_Dispose
<LI><a href="#[b5]">&gt;&gt;</a>&nbsp;&nbsp;&nbsp;AU3_Dispose
<LI><a href="#[b4]">&gt;&gt;</a>&nbsp;&nbsp;&nbsp;AU2_Dispose
<LI><a href="#[ae]">&gt;&gt;</a>&nbsp;&nbsp;&nbsp;AU1_Dispose
</UL>

<P><STRONG><a name="[b8]"></a>AUX_Mic_Mode3</STRONG> (Thumb, 130 bytes, Stack size 8 bytes, dispose.o(i.AUX_Mic_Mode3))
<BR><BR>[Stack]<UL><LI>Max Depth = 216<LI>Call Chain = AUX_Mic_Mode3 &rArr; Display_Aux_Mode &rArr; GUI_DispStringAt &rArr; GUI_DispString &rArr; GUI__DispLine &rArr; WM__InitIVRSearch &rArr; WM__GetNextIVR &rArr; WM__ActivateClipRect &rArr; _SetClipRectUserIntersect &rArr; LCD_SetClipRectEx &rArr; GUI__IntersectRects
</UL>
<BR>[Calls]<UL><LI><a href="#[c5]">&gt;&gt;</a>&nbsp;&nbsp;&nbsp;MICX_CON_ON
<LI><a href="#[c7]">&gt;&gt;</a>&nbsp;&nbsp;&nbsp;MICX_CON_OFF
<LI><a href="#[c9]">&gt;&gt;</a>&nbsp;&nbsp;&nbsp;ISENX_IN_ON
<LI><a href="#[c8]">&gt;&gt;</a>&nbsp;&nbsp;&nbsp;ISENX_IN_OFF
<LI><a href="#[c6]">&gt;&gt;</a>&nbsp;&nbsp;&nbsp;Display_Aux_Mode
</UL>
<BR>[Called By]<UL><LI><a href="#[b9]">&gt;&gt;</a>&nbsp;&nbsp;&nbsp;AU6_Dispose
<LI><a href="#[b7]">&gt;&gt;</a>&nbsp;&nbsp;&nbsp;AU5_Dispose
</UL>

<P><STRONG><a name="[be]"></a>AUX_NONE_ON</STRONG> (Thumb, 242 bytes, Stack size 8 bytes, deploy.o(i.AUX_NONE_ON))
<BR><BR>[Stack]<UL><LI>Max Depth = 116<LI>Call Chain = AUX_NONE_ON &rArr; TCA6424_Port &rArr; tca6424a_2_read &rArr; IIC3_Read_Byte &rArr; IIC3_NAck &rArr; IIC3_SDA_OUT &rArr; GPIO_Init
</UL>
<BR>[Calls]<UL><LI><a href="#[a8]">&gt;&gt;</a>&nbsp;&nbsp;&nbsp;TCA6424_Port
</UL>
<BR>[Called By]<UL><LI><a href="#[b2]">&gt;&gt;</a>&nbsp;&nbsp;&nbsp;AUX_Bias_Mode
</UL>

<P><STRONG><a name="[b0]"></a>AUX_Overvoltage_Dispose</STRONG> (Thumb, 126 bytes, Stack size 16 bytes, dispose.o(i.AUX_Overvoltage_Dispose))
<BR><BR>[Stack]<UL><LI>Max Depth = 248<LI>Call Chain = AUX_Overvoltage_Dispose &rArr; Display_Aux_char &rArr; GUI_DispStringAt &rArr; GUI_DispString &rArr; GUI__DispLine &rArr; WM__InitIVRSearch &rArr; WM__GetNextIVR &rArr; WM__ActivateClipRect &rArr; _SetClipRectUserIntersect &rArr; LCD_SetClipRectEx &rArr; GUI__IntersectRects
</UL>
<BR>[Calls]<UL><LI><a href="#[ca]">&gt;&gt;</a>&nbsp;&nbsp;&nbsp;Get_Adc_Average
<LI><a href="#[cb]">&gt;&gt;</a>&nbsp;&nbsp;&nbsp;MICX_PRT_ON
<LI><a href="#[cc]">&gt;&gt;</a>&nbsp;&nbsp;&nbsp;MICX_PRT_OFF
<LI><a href="#[bf]">&gt;&gt;</a>&nbsp;&nbsp;&nbsp;Display_Aux_char
<LI><a href="#[cd]">&gt;&gt;</a>&nbsp;&nbsp;&nbsp;Display_Aux_Overvol
</UL>
<BR>[Called By]<UL><LI><a href="#[b9]">&gt;&gt;</a>&nbsp;&nbsp;&nbsp;AU6_Dispose
<LI><a href="#[b7]">&gt;&gt;</a>&nbsp;&nbsp;&nbsp;AU5_Dispose
<LI><a href="#[b6]">&gt;&gt;</a>&nbsp;&nbsp;&nbsp;AU4_Dispose
<LI><a href="#[b5]">&gt;&gt;</a>&nbsp;&nbsp;&nbsp;AU3_Dispose
<LI><a href="#[b4]">&gt;&gt;</a>&nbsp;&nbsp;&nbsp;AU2_Dispose
<LI><a href="#[ae]">&gt;&gt;</a>&nbsp;&nbsp;&nbsp;AU1_Dispose
</UL>

<P><STRONG><a name="[ce]"></a>Adc_Init</STRONG> (Thumb, 146 bytes, Stack size 40 bytes, adc.o(i.Adc_Init))
<BR><BR>[Stack]<UL><LI>Max Depth = 60<LI>Call Chain = Adc_Init &rArr; GPIO_Init
</UL>
<BR>[Calls]<UL><LI><a href="#[d0]">&gt;&gt;</a>&nbsp;&nbsp;&nbsp;RCC_ADCCLKConfig
<LI><a href="#[d6]">&gt;&gt;</a>&nbsp;&nbsp;&nbsp;ADC_StartCalibration
<LI><a href="#[d4]">&gt;&gt;</a>&nbsp;&nbsp;&nbsp;ADC_ResetCalibration
<LI><a href="#[d2]">&gt;&gt;</a>&nbsp;&nbsp;&nbsp;ADC_Init
<LI><a href="#[d5]">&gt;&gt;</a>&nbsp;&nbsp;&nbsp;ADC_GetResetCalibrationStatus
<LI><a href="#[d7]">&gt;&gt;</a>&nbsp;&nbsp;&nbsp;ADC_GetCalibrationStatus
<LI><a href="#[a1]">&gt;&gt;</a>&nbsp;&nbsp;&nbsp;ADC_DeInit
<LI><a href="#[d3]">&gt;&gt;</a>&nbsp;&nbsp;&nbsp;ADC_Cmd
<LI><a href="#[cf]">&gt;&gt;</a>&nbsp;&nbsp;&nbsp;RCC_APB2PeriphClockCmd
<LI><a href="#[d1]">&gt;&gt;</a>&nbsp;&nbsp;&nbsp;GPIO_Init
</UL>
<BR>[Called By]<UL><LI><a href="#[4e]">&gt;&gt;</a>&nbsp;&nbsp;&nbsp;main
</UL>

<P><STRONG><a name="[c]"></a>BusFault_Handler</STRONG> (Thumb, 2 bytes, Stack size 0 bytes, stm32f10x_it.o(i.BusFault_Handler))
<BR><BR>[Calls]<UL><LI><a href="#[c]">&gt;&gt;</a>&nbsp;&nbsp;&nbsp;BusFault_Handler
</UL>
<BR>[Called By]<UL><LI><a href="#[c]">&gt;&gt;</a>&nbsp;&nbsp;&nbsp;BusFault_Handler
</UL>
<BR>[Address Reference Count : 1]<UL><LI> startup_stm32f10x_hd.o(RESET)
</UL>
<P><STRONG><a name="[18e]"></a>Data_Process</STRONG> (Thumb, 14 bytes, Stack size 0 bytes, usart.o(i.Data_Process))
<BR><BR>[Called By]<UL><LI><a href="#[18c]">&gt;&gt;</a>&nbsp;&nbsp;&nbsp;PC_CMD_CTL
</UL>

<P><STRONG><a name="[f]"></a>DebugMon_Handler</STRONG> (Thumb, 2 bytes, Stack size 0 bytes, stm32f10x_it.o(i.DebugMon_Handler))
<BR>[Address Reference Count : 1]<UL><LI> startup_stm32f10x_hd.o(RESET)
</UL>
<P><STRONG><a name="[d8]"></a>Deploy_Init</STRONG> (Thumb, 434 bytes, Stack size 32 bytes, deploy.o(i.Deploy_Init))
<BR><BR>[Stack]<UL><LI>Max Depth = 52<LI>Call Chain = Deploy_Init &rArr; GPIO_Init
</UL>
<BR>[Calls]<UL><LI><a href="#[d9]">&gt;&gt;</a>&nbsp;&nbsp;&nbsp;GPIO_ResetBits
<LI><a href="#[cf]">&gt;&gt;</a>&nbsp;&nbsp;&nbsp;RCC_APB2PeriphClockCmd
<LI><a href="#[da]">&gt;&gt;</a>&nbsp;&nbsp;&nbsp;GPIO_SetBits
<LI><a href="#[d1]">&gt;&gt;</a>&nbsp;&nbsp;&nbsp;GPIO_Init
</UL>
<BR>[Called By]<UL><LI><a href="#[4e]">&gt;&gt;</a>&nbsp;&nbsp;&nbsp;main
</UL>

<P><STRONG><a name="[ad]"></a>Display_Ampx_Out</STRONG> (Thumb, 72 bytes, Stack size 8 bytes, display.o(i.Display_Ampx_Out))
<BR><BR>[Stack]<UL><LI>Max Depth = 208<LI>Call Chain = Display_Ampx_Out &rArr; GUI_DispStringAt &rArr; GUI_DispString &rArr; GUI__DispLine &rArr; WM__InitIVRSearch &rArr; WM__GetNextIVR &rArr; WM__ActivateClipRect &rArr; _SetClipRectUserIntersect &rArr; LCD_SetClipRectEx &rArr; GUI__IntersectRects
</UL>
<BR>[Calls]<UL><LI><a href="#[c1]">&gt;&gt;</a>&nbsp;&nbsp;&nbsp;GUI_SetColor
<LI><a href="#[dc]">&gt;&gt;</a>&nbsp;&nbsp;&nbsp;GUI_DispStringAt
<LI><a href="#[db]">&gt;&gt;</a>&nbsp;&nbsp;&nbsp;GUI_ClearRect
</UL>
<BR>[Called By]<UL><LI><a href="#[a4]">&gt;&gt;</a>&nbsp;&nbsp;&nbsp;AMPX_Out_Dispose
</UL>

<P><STRONG><a name="[aa]"></a>Display_Ampx_char</STRONG> (Thumb, 160 bytes, Stack size 16 bytes, display.o(i.Display_Ampx_char))
<BR><BR>[Stack]<UL><LI>Max Depth = 216<LI>Call Chain = Display_Ampx_char &rArr; GUI_DispStringAt &rArr; GUI_DispString &rArr; GUI__DispLine &rArr; WM__InitIVRSearch &rArr; WM__GetNextIVR &rArr; WM__ActivateClipRect &rArr; _SetClipRectUserIntersect &rArr; LCD_SetClipRectEx &rArr; GUI__IntersectRects
</UL>
<BR>[Calls]<UL><LI><a href="#[c1]">&gt;&gt;</a>&nbsp;&nbsp;&nbsp;GUI_SetColor
<LI><a href="#[dc]">&gt;&gt;</a>&nbsp;&nbsp;&nbsp;GUI_DispStringAt
<LI><a href="#[db]">&gt;&gt;</a>&nbsp;&nbsp;&nbsp;GUI_ClearRect
<LI><a href="#[dd]">&gt;&gt;</a>&nbsp;&nbsp;&nbsp;strcmp
</UL>
<BR>[Called By]<UL><LI><a href="#[a4]">&gt;&gt;</a>&nbsp;&nbsp;&nbsp;AMPX_Out_Dispose
<LI><a href="#[a5]">&gt;&gt;</a>&nbsp;&nbsp;&nbsp;AMPX_Gain_Mode
</UL>

<P><STRONG><a name="[c6]"></a>Display_Aux_Mode</STRONG> (Thumb, 382 bytes, Stack size 8 bytes, display.o(i.Display_Aux_Mode))
<BR><BR>[Stack]<UL><LI>Max Depth = 208<LI>Call Chain = Display_Aux_Mode &rArr; GUI_DispStringAt &rArr; GUI_DispString &rArr; GUI__DispLine &rArr; WM__InitIVRSearch &rArr; WM__GetNextIVR &rArr; WM__ActivateClipRect &rArr; _SetClipRectUserIntersect &rArr; LCD_SetClipRectEx &rArr; GUI__IntersectRects
</UL>
<BR>[Calls]<UL><LI><a href="#[c1]">&gt;&gt;</a>&nbsp;&nbsp;&nbsp;GUI_SetColor
<LI><a href="#[dc]">&gt;&gt;</a>&nbsp;&nbsp;&nbsp;GUI_DispStringAt
<LI><a href="#[db]">&gt;&gt;</a>&nbsp;&nbsp;&nbsp;GUI_ClearRect
</UL>
<BR>[Called By]<UL><LI><a href="#[b8]">&gt;&gt;</a>&nbsp;&nbsp;&nbsp;AUX_Mic_Mode3
<LI><a href="#[af]">&gt;&gt;</a>&nbsp;&nbsp;&nbsp;AUX_Mic_Mode2
</UL>

<P><STRONG><a name="[cd]"></a>Display_Aux_Overvol</STRONG> (Thumb, 378 bytes, Stack size 8 bytes, display.o(i.Display_Aux_Overvol))
<BR><BR>[Stack]<UL><LI>Max Depth = 208<LI>Call Chain = Display_Aux_Overvol &rArr; GUI_DispStringAt &rArr; GUI_DispString &rArr; GUI__DispLine &rArr; WM__InitIVRSearch &rArr; WM__GetNextIVR &rArr; WM__ActivateClipRect &rArr; _SetClipRectUserIntersect &rArr; LCD_SetClipRectEx &rArr; GUI__IntersectRects
</UL>
<BR>[Calls]<UL><LI><a href="#[c1]">&gt;&gt;</a>&nbsp;&nbsp;&nbsp;GUI_SetColor
<LI><a href="#[dc]">&gt;&gt;</a>&nbsp;&nbsp;&nbsp;GUI_DispStringAt
<LI><a href="#[db]">&gt;&gt;</a>&nbsp;&nbsp;&nbsp;GUI_ClearRect
</UL>
<BR>[Called By]<UL><LI><a href="#[b0]">&gt;&gt;</a>&nbsp;&nbsp;&nbsp;AUX_Overvoltage_Dispose
</UL>

<P><STRONG><a name="[bf]"></a>Display_Aux_char</STRONG> (Thumb, 454 bytes, Stack size 32 bytes, display.o(i.Display_Aux_char))
<BR><BR>[Stack]<UL><LI>Max Depth = 232<LI>Call Chain = Display_Aux_char &rArr; GUI_DispStringAt &rArr; GUI_DispString &rArr; GUI__DispLine &rArr; WM__InitIVRSearch &rArr; WM__GetNextIVR &rArr; WM__ActivateClipRect &rArr; _SetClipRectUserIntersect &rArr; LCD_SetClipRectEx &rArr; GUI__IntersectRects
</UL>
<BR>[Calls]<UL><LI><a href="#[c1]">&gt;&gt;</a>&nbsp;&nbsp;&nbsp;GUI_SetColor
<LI><a href="#[dc]">&gt;&gt;</a>&nbsp;&nbsp;&nbsp;GUI_DispStringAt
<LI><a href="#[db]">&gt;&gt;</a>&nbsp;&nbsp;&nbsp;GUI_ClearRect
<LI><a href="#[de]">&gt;&gt;</a>&nbsp;&nbsp;&nbsp;GUI_DrawGradientH
<LI><a href="#[dd]">&gt;&gt;</a>&nbsp;&nbsp;&nbsp;strcmp
</UL>
<BR>[Called By]<UL><LI><a href="#[b0]">&gt;&gt;</a>&nbsp;&nbsp;&nbsp;AUX_Overvoltage_Dispose
<LI><a href="#[b1]">&gt;&gt;</a>&nbsp;&nbsp;&nbsp;AUX_Mic_Dispose
<LI><a href="#[b3]">&gt;&gt;</a>&nbsp;&nbsp;&nbsp;AUX_Gain_Mode
<LI><a href="#[b2]">&gt;&gt;</a>&nbsp;&nbsp;&nbsp;AUX_Bias_Mode
</UL>

<P><STRONG><a name="[df]"></a>DrwaGui</STRONG> (Thumb, 516 bytes, Stack size 48 bytes, display.o(i.DrwaGui))
<BR><BR>[Stack]<UL><LI>Max Depth = 248<LI>Call Chain = DrwaGui &rArr; GUI_DispStringAt &rArr; GUI_DispString &rArr; GUI__DispLine &rArr; WM__InitIVRSearch &rArr; WM__GetNextIVR &rArr; WM__ActivateClipRect &rArr; _SetClipRectUserIntersect &rArr; LCD_SetClipRectEx &rArr; GUI__IntersectRects
</UL>
<BR>[Calls]<UL><LI><a href="#[c1]">&gt;&gt;</a>&nbsp;&nbsp;&nbsp;GUI_SetColor
<LI><a href="#[dc]">&gt;&gt;</a>&nbsp;&nbsp;&nbsp;GUI_DispStringAt
<LI><a href="#[e0]">&gt;&gt;</a>&nbsp;&nbsp;&nbsp;GUI_SetTextMode
<LI><a href="#[e1]">&gt;&gt;</a>&nbsp;&nbsp;&nbsp;GUI_SetFont
<LI><a href="#[de]">&gt;&gt;</a>&nbsp;&nbsp;&nbsp;GUI_DrawGradientH
</UL>
<BR>[Called By]<UL><LI><a href="#[18b]">&gt;&gt;</a>&nbsp;&nbsp;&nbsp;P646_Init
</UL>

<P><STRONG><a name="[e2]"></a>FLASH_ErasePage</STRONG> (Thumb, 56 bytes, Stack size 16 bytes, stm32f10x_flash.o(i.FLASH_ErasePage))
<BR><BR>[Stack]<UL><LI>Max Depth = 20<LI>Call Chain = FLASH_ErasePage &rArr; FLASH_WaitForLastOperation
</UL>
<BR>[Calls]<UL><LI><a href="#[e3]">&gt;&gt;</a>&nbsp;&nbsp;&nbsp;FLASH_WaitForLastOperation
</UL>
<BR>[Called By]<UL><LI><a href="#[c2]">&gt;&gt;</a>&nbsp;&nbsp;&nbsp;STMFLASH_Write
</UL>

<P><STRONG><a name="[e5]"></a>FLASH_GetBank1Status</STRONG> (Thumb, 34 bytes, Stack size 0 bytes, stm32f10x_flash.o(i.FLASH_GetBank1Status))
<BR><BR>[Called By]<UL><LI><a href="#[e3]">&gt;&gt;</a>&nbsp;&nbsp;&nbsp;FLASH_WaitForLastOperation
</UL>

<P><STRONG><a name="[195]"></a>FLASH_Lock</STRONG> (Thumb, 12 bytes, Stack size 0 bytes, stm32f10x_flash.o(i.FLASH_Lock))
<BR><BR>[Called By]<UL><LI><a href="#[c2]">&gt;&gt;</a>&nbsp;&nbsp;&nbsp;STMFLASH_Write
</UL>

<P><STRONG><a name="[e4]"></a>FLASH_ProgramHalfWord</STRONG> (Thumb, 48 bytes, Stack size 20 bytes, stm32f10x_flash.o(i.FLASH_ProgramHalfWord))
<BR><BR>[Stack]<UL><LI>Max Depth = 24<LI>Call Chain = FLASH_ProgramHalfWord &rArr; FLASH_WaitForLastOperation
</UL>
<BR>[Calls]<UL><LI><a href="#[e3]">&gt;&gt;</a>&nbsp;&nbsp;&nbsp;FLASH_WaitForLastOperation
</UL>
<BR>[Called By]<UL><LI><a href="#[194]">&gt;&gt;</a>&nbsp;&nbsp;&nbsp;STMFLASH_Write_NoCheck
</UL>

<P><STRONG><a name="[193]"></a>FLASH_Unlock</STRONG> (Thumb, 12 bytes, Stack size 0 bytes, stm32f10x_flash.o(i.FLASH_Unlock))
<BR><BR>[Called By]<UL><LI><a href="#[c2]">&gt;&gt;</a>&nbsp;&nbsp;&nbsp;STMFLASH_Write
</UL>

<P><STRONG><a name="[e3]"></a>FLASH_WaitForLastOperation</STRONG> (Thumb, 36 bytes, Stack size 4 bytes, stm32f10x_flash.o(i.FLASH_WaitForLastOperation))
<BR><BR>[Stack]<UL><LI>Max Depth = 4<LI>Call Chain = FLASH_WaitForLastOperation
</UL>
<BR>[Calls]<UL><LI><a href="#[e5]">&gt;&gt;</a>&nbsp;&nbsp;&nbsp;FLASH_GetBank1Status
</UL>
<BR>[Called By]<UL><LI><a href="#[e4]">&gt;&gt;</a>&nbsp;&nbsp;&nbsp;FLASH_ProgramHalfWord
<LI><a href="#[e2]">&gt;&gt;</a>&nbsp;&nbsp;&nbsp;FLASH_ErasePage
</UL>

<P><STRONG><a name="[e6]"></a>GL_DrawBitmap</STRONG> (Thumb, 146 bytes, Stack size 56 bytes, gui_drawbitmap.o(i.GL_DrawBitmap))
<BR><BR>[Stack]<UL><LI>Max Depth = 160<LI>Call Chain = GL_DrawBitmap &rArr; LCD_DrawBitmap &rArr; LCD_FillRect
</UL>
<BR>[Calls]<UL><LI><a href="#[e7]">&gt;&gt;</a>&nbsp;&nbsp;&nbsp;GUI_SetDrawMode
<LI><a href="#[e8]">&gt;&gt;</a>&nbsp;&nbsp;&nbsp;LCD_DrawBitmap
</UL>
<BR>[Called By]<UL><LI><a href="#[f3]">&gt;&gt;</a>&nbsp;&nbsp;&nbsp;_DrawCharAA4_NoTrans
</UL>

<P><STRONG><a name="[d1]"></a>GPIO_Init</STRONG> (Thumb, 162 bytes, Stack size 20 bytes, stm32f10x_gpio.o(i.GPIO_Init))
<BR><BR>[Stack]<UL><LI>Max Depth = 20<LI>Call Chain = GPIO_Init
</UL>
<BR>[Called By]<UL><LI><a href="#[149]">&gt;&gt;</a>&nbsp;&nbsp;&nbsp;IIC2_SDA_OUT
<LI><a href="#[14d]">&gt;&gt;</a>&nbsp;&nbsp;&nbsp;IIC2_SDA_IN
<LI><a href="#[1a0]">&gt;&gt;</a>&nbsp;&nbsp;&nbsp;xmos_adc_init
<LI><a href="#[1eb]">&gt;&gt;</a>&nbsp;&nbsp;&nbsp;uart4_init
<LI><a href="#[1ed]">&gt;&gt;</a>&nbsp;&nbsp;&nbsp;pca9554_init
<LI><a href="#[16a]">&gt;&gt;</a>&nbsp;&nbsp;&nbsp;ILI9341_init
<LI><a href="#[d8]">&gt;&gt;</a>&nbsp;&nbsp;&nbsp;Deploy_Init
<LI><a href="#[ce]">&gt;&gt;</a>&nbsp;&nbsp;&nbsp;Adc_Init
<LI><a href="#[162]">&gt;&gt;</a>&nbsp;&nbsp;&nbsp;IIC_SDA_OUT
<LI><a href="#[165]">&gt;&gt;</a>&nbsp;&nbsp;&nbsp;IIC_SDA_IN
<LI><a href="#[15c]">&gt;&gt;</a>&nbsp;&nbsp;&nbsp;IIC4_SDA_OUT
<LI><a href="#[15b]">&gt;&gt;</a>&nbsp;&nbsp;&nbsp;IIC4_SDA_IN
<LI><a href="#[153]">&gt;&gt;</a>&nbsp;&nbsp;&nbsp;IIC3_SDA_OUT
<LI><a href="#[156]">&gt;&gt;</a>&nbsp;&nbsp;&nbsp;IIC3_SDA_IN
<LI><a href="#[199]">&gt;&gt;</a>&nbsp;&nbsp;&nbsp;tca6424a_2_init
<LI><a href="#[198]">&gt;&gt;</a>&nbsp;&nbsp;&nbsp;tca6424a_1_init
</UL>

<P><STRONG><a name="[d9]"></a>GPIO_ResetBits</STRONG> (Thumb, 4 bytes, Stack size 0 bytes, stm32f10x_gpio.o(i.GPIO_ResetBits))
<BR><BR>[Called By]<UL><LI><a href="#[16a]">&gt;&gt;</a>&nbsp;&nbsp;&nbsp;ILI9341_init
<LI><a href="#[d8]">&gt;&gt;</a>&nbsp;&nbsp;&nbsp;Deploy_Init
<LI><a href="#[16d]">&gt;&gt;</a>&nbsp;&nbsp;&nbsp;LCD_Writ_Bus
<LI><a href="#[16c]">&gt;&gt;</a>&nbsp;&nbsp;&nbsp;LCD_WR_REG
</UL>

<P><STRONG><a name="[da]"></a>GPIO_SetBits</STRONG> (Thumb, 4 bytes, Stack size 0 bytes, stm32f10x_gpio.o(i.GPIO_SetBits))
<BR><BR>[Called By]<UL><LI><a href="#[1a0]">&gt;&gt;</a>&nbsp;&nbsp;&nbsp;xmos_adc_init
<LI><a href="#[1ed]">&gt;&gt;</a>&nbsp;&nbsp;&nbsp;pca9554_init
<LI><a href="#[16a]">&gt;&gt;</a>&nbsp;&nbsp;&nbsp;ILI9341_init
<LI><a href="#[d8]">&gt;&gt;</a>&nbsp;&nbsp;&nbsp;Deploy_Init
<LI><a href="#[16d]">&gt;&gt;</a>&nbsp;&nbsp;&nbsp;LCD_Writ_Bus
<LI><a href="#[16c]">&gt;&gt;</a>&nbsp;&nbsp;&nbsp;LCD_WR_REG
<LI><a href="#[199]">&gt;&gt;</a>&nbsp;&nbsp;&nbsp;tca6424a_2_init
<LI><a href="#[198]">&gt;&gt;</a>&nbsp;&nbsp;&nbsp;tca6424a_1_init
</UL>

<P><STRONG><a name="[82]"></a>GUIMONO_DispChar</STRONG> (Thumb, 304 bytes, Stack size 104 bytes, gui_charm.o(i.GUIMONO_DispChar))
<BR><BR>[Stack]<UL><LI>Max Depth = 208<LI>Call Chain = GUIMONO_DispChar &rArr; LCD_DrawBitmap &rArr; LCD_FillRect
</UL>
<BR>[Calls]<UL><LI><a href="#[ea]">&gt;&gt;</a>&nbsp;&nbsp;&nbsp;LCD_FillRect
<LI><a href="#[e8]">&gt;&gt;</a>&nbsp;&nbsp;&nbsp;LCD_DrawBitmap
<LI><a href="#[e9]">&gt;&gt;</a>&nbsp;&nbsp;&nbsp;LCD_SetDrawMode
</UL>
<BR>[Address Reference Count : 1]<UL><LI> f6x8.o(.constdata)
</UL>
<P><STRONG><a name="[83]"></a>GUIMONO_GetCharDistX</STRONG> (Thumb, 18 bytes, Stack size 0 bytes, gui_charm.o(i.GUIMONO_GetCharDistX))
<BR>[Address Reference Count : 1]<UL><LI> f6x8.o(.constdata)
</UL>
<P><STRONG><a name="[84]"></a>GUIMONO_GetFontInfo</STRONG> (Thumb, 6 bytes, Stack size 0 bytes, gui_charm.o(i.GUIMONO_GetFontInfo))
<BR>[Address Reference Count : 1]<UL><LI> f6x8.o(.constdata)
</UL>
<P><STRONG><a name="[85]"></a>GUIMONO_IsInFont</STRONG> (Thumb, 56 bytes, Stack size 0 bytes, gui_charm.o(i.GUIMONO_IsInFont))
<BR>[Address Reference Count : 1]<UL><LI> f6x8.o(.constdata)
</UL>
<P><STRONG><a name="[63]"></a>GUIPROP_AA4_EXT_DispChar</STRONG> (Thumb, 176 bytes, Stack size 48 bytes, guiaa_char4ext.o(i.GUIPROP_AA4_EXT_DispChar))
<BR><BR>[Stack]<UL><LI>Max Depth = 296<LI>Call Chain = GUIPROP_AA4_EXT_DispChar &rArr; GUI_AA__DrawCharAA4 &rArr; _DrawCharAA4_NoTrans &rArr; GL_DrawBitmap &rArr; LCD_DrawBitmap &rArr; LCD_FillRect
</UL>
<BR>[Calls]<UL><LI><a href="#[e9]">&gt;&gt;</a>&nbsp;&nbsp;&nbsp;LCD_SetDrawMode
<LI><a href="#[ec]">&gt;&gt;</a>&nbsp;&nbsp;&nbsp;GUI_AA__DrawCharAA4
<LI><a href="#[eb]">&gt;&gt;</a>&nbsp;&nbsp;&nbsp;GUIPROP_EXT__FindChar
</UL>
<BR>[Address Reference Count : 1]<UL><LI> weiruan24.o(.constdata)
</UL>
<P><STRONG><a name="[7e]"></a>GUIPROP_DispChar</STRONG> (Thumb, 194 bytes, Stack size 56 bytes, gui_charp.o(i.GUIPROP_DispChar))
<BR><BR>[Stack]<UL><LI>Max Depth = 160<LI>Call Chain = GUIPROP_DispChar &rArr; LCD_DrawBitmap &rArr; LCD_FillRect
</UL>
<BR>[Calls]<UL><LI><a href="#[c1]">&gt;&gt;</a>&nbsp;&nbsp;&nbsp;GUI_SetColor
<LI><a href="#[ed]">&gt;&gt;</a>&nbsp;&nbsp;&nbsp;GUIPROP__FindChar
<LI><a href="#[ef]">&gt;&gt;</a>&nbsp;&nbsp;&nbsp;GUI_GetBkColor
<LI><a href="#[ee]">&gt;&gt;</a>&nbsp;&nbsp;&nbsp;GUI_GetColor
<LI><a href="#[ea]">&gt;&gt;</a>&nbsp;&nbsp;&nbsp;LCD_FillRect
<LI><a href="#[e8]">&gt;&gt;</a>&nbsp;&nbsp;&nbsp;LCD_DrawBitmap
<LI><a href="#[e9]">&gt;&gt;</a>&nbsp;&nbsp;&nbsp;LCD_SetDrawMode
</UL>
<BR>[Address Reference Count : 1]<UL><LI> f16_ascii.o(.constdata)
</UL>
<P><STRONG><a name="[64]"></a>GUIPROP_EXT_GetCharDistX</STRONG> (Thumb, 64 bytes, Stack size 12 bytes, gui_charpext.o(i.GUIPROP_EXT_GetCharDistX))
<BR><BR>[Stack]<UL><LI>Max Depth = 12<LI>Call Chain = GUIPROP_EXT_GetCharDistX
</UL>
<BR>[Calls]<UL><LI><a href="#[eb]">&gt;&gt;</a>&nbsp;&nbsp;&nbsp;GUIPROP_EXT__FindChar
</UL>
[...]
</UL>

<P><STRONG><a name="[60]"></a>_OnExit</STRONG> (Thumb, 48 bytes, Stack size 8 bytes, gui_alloc.o(i._OnExit))
<BR><BR>[Stack]<UL><LI>Max Depth = 16<LI>Call Chain = _OnExit &rArr; GUI__memset
</UL>
<BR>[Calls]<UL><LI><a href="#[f8]">&gt;&gt;</a>&nbsp;&nbsp;&nbsp;GUI__memset
</UL>
<BR>[Address Reference Count : 1]<UL><LI> gui_alloc.o(i._InitOnce)
</UL>
<P><STRONG><a name="[1cf]"></a>_PopFreeBlock</STRONG> (Thumb, 60 bytes, Stack size 8 bytes, gui_alloc.o(i._PopFreeBlock))
<BR><BR>[Stack]<UL><LI>Max Depth = 8 + In Cycle
<LI>Call Chain = _PopFreeBlock &rArr;  _EnlargeBlocks (Cycle)
</UL>
<BR>[Calls]<UL><LI><a href="#[1da]">&gt;&gt;</a>&nbsp;&nbsp;&nbsp;_EnlargeBlocks
</UL>
<BR>[Called By]<UL><LI><a href="#[f5]">&gt;&gt;</a>&nbsp;&nbsp;&nbsp;_Alloc
</UL>

<P><STRONG><a name="[fc]"></a>_PushFreeBlock</STRONG> (Thumb, 32 bytes, Stack size 8 bytes, gui_alloc.o(i._PushFreeBlock))
<BR><BR>[Stack]<UL><LI>Max Depth = 8<LI>Call Chain = _PushFreeBlock
</UL>
<BR>[Called By]<UL><LI><a href="#[fa]">&gt;&gt;</a>&nbsp;&nbsp;&nbsp;GUI_ALLOC_Free
<LI><a href="#[f5]">&gt;&gt;</a>&nbsp;&nbsp;&nbsp;_Alloc
</UL>

<P><STRONG><a name="[100]"></a>_RemoveFreeBlock</STRONG> (Thumb, 46 bytes, Stack size 8 bytes, gui_alloc.o(i._RemoveFreeBlock))
<BR><BR>[Stack]<UL><LI>Max Depth = 8<LI>Call Chain = _RemoveFreeBlock
</UL>
<BR>[Calls]<UL><LI><a href="#[1cd]">&gt;&gt;</a>&nbsp;&nbsp;&nbsp;_GetMinIndex
</UL>
<BR>[Called By]<UL><LI><a href="#[ff]">&gt;&gt;</a>&nbsp;&nbsp;&nbsp;_RemoveHoles
<LI><a href="#[f5]">&gt;&gt;</a>&nbsp;&nbsp;&nbsp;_Alloc
<LI><a href="#[fb]">&gt;&gt;</a>&nbsp;&nbsp;&nbsp;_AddFreeMemory
<LI><a href="#[fd]">&gt;&gt;</a>&nbsp;&nbsp;&nbsp;GUI_ALLOC_GetFixedBlock
</UL>

<P><STRONG><a name="[ff]"></a>_RemoveHoles</STRONG> (Thumb, 156 bytes, Stack size 40 bytes, gui_alloc.o(i._RemoveHoles))
<BR><BR>[Stack]<UL><LI>Max Depth = 72<LI>Call Chain = _RemoveHoles &rArr; _AddFreeMemory &rArr; _RemoveFreeBlock
</UL>
<BR>[Calls]<UL><LI><a href="#[100]">&gt;&gt;</a>&nbsp;&nbsp;&nbsp;_RemoveFreeBlock
<LI><a href="#[fb]">&gt;&gt;</a>&nbsp;&nbsp;&nbsp;_AddFreeMemory
<LI><a href="#[1e6]">&gt;&gt;</a>&nbsp;&nbsp;&nbsp;__aeabi_memmove
</UL>
<BR>[Called By]<UL><LI><a href="#[f5]">&gt;&gt;</a>&nbsp;&nbsp;&nbsp;_Alloc
<LI><a href="#[fd]">&gt;&gt;</a>&nbsp;&nbsp;&nbsp;GUI_ALLOC_GetFixedBlock
</UL>

<P><STRONG><a name="[1e3]"></a>_TestRAM</STRONG> (Thumb, 234 bytes, Stack size 20 bytes, gui_alloc.o(i._TestRAM))
<BR><BR>[Stack]<UL><LI>Max Depth = 20<LI>Call Chain = _TestRAM
</UL>
<BR>[Called By]<UL><LI><a href="#[fe]">&gt;&gt;</a>&nbsp;&nbsp;&nbsp;_InitOnce
</UL>

<P><STRONG><a name="[1ce]"></a>_WriteTagData</STRONG> (Thumb, 14 bytes, Stack size 0 bytes, gui_alloc.o(i._WriteTagData))
<BR><BR>[Called By]<UL><LI><a href="#[f5]">&gt;&gt;</a>&nbsp;&nbsp;&nbsp;_Alloc
<LI><a href="#[fb]">&gt;&gt;</a>&nbsp;&nbsp;&nbsp;_AddFreeMemory
</UL>

<P><STRONG><a name="[11e]"></a>_InitContext</STRONG> (Thumb, 98 bytes, Stack size 16 bytes, gui_core.o(i._InitContext))
<BR><BR>[Stack]<UL><LI>Max Depth = 16<LI>Call Chain = _InitContext
</UL>
<BR>[Calls]<UL><LI><a href="#[1e1]">&gt;&gt;</a>&nbsp;&nbsp;&nbsp;WM_GetDesktopWindow
<LI><a href="#[12b]">&gt;&gt;</a>&nbsp;&nbsp;&nbsp;LCD_SetColor
<LI><a href="#[12a]">&gt;&gt;</a>&nbsp;&nbsp;&nbsp;LCD_SetBkColor
</UL>
<BR>[Called By]<UL><LI><a href="#[11b]">&gt;&gt;</a>&nbsp;&nbsp;&nbsp;GUI_Init
</UL>

<P><STRONG><a name="[54]"></a>_OnExit</STRONG> (Thumb, 34 bytes, Stack size 8 bytes, gui_core.o(i._OnExit))
<BR><BR>[Stack]<UL><LI>Max Depth = 16<LI>Call Chain = _OnExit &rArr; GUI__memset
</UL>
<BR>[Calls]<UL><LI><a href="#[f8]">&gt;&gt;</a>&nbsp;&nbsp;&nbsp;GUI__memset
</UL>
<BR>[Address Reference Count : 1]<UL><LI> gui_core.o(i.GUI__Config)
</UL>
<P><STRONG><a name="[10c]"></a>_UnlinkDevice</STRONG> (Thumb, 42 bytes, Stack size 0 bytes, gui_device.o(i._UnlinkDevice))
<BR><BR>[Called By]<UL><LI><a href="#[10b]">&gt;&gt;</a>&nbsp;&nbsp;&nbsp;GUI_DEVICE_Unlink
</UL>

<P><STRONG><a name="[1d8]"></a>_DoClipping</STRONG> (Thumb, 172 bytes, Stack size 32 bytes, gui_drawbitmap_8888.o(i._DoClipping))
<BR><BR>[Stack]<UL><LI>Max Depth = 32<LI>Call Chain = _DoClipping
</UL>
<BR>[Called By]<UL><LI><a href="#[1d9]">&gt;&gt;</a>&nbsp;&nbsp;&nbsp;_DrawBitmapHW
<LI><a href="#[1d6]">&gt;&gt;</a>&nbsp;&nbsp;&nbsp;_DrawBitmap
</UL>

<P><STRONG><a name="[1d6]"></a>_DrawBitmap</STRONG> (Thumb, 660 bytes, Stack size 136 bytes, gui_drawbitmap_8888.o(i._DrawBitmap))
<BR><BR>[Stack]<UL><LI>Max Depth = 240<LI>Call Chain = _DrawBitmap &rArr; LCD_DrawBitmap &rArr; LCD_FillRect
</UL>
<BR>[Calls]<UL><LI><a href="#[c1]">&gt;&gt;</a>&nbsp;&nbsp;&nbsp;GUI_SetColor
<LI><a href="#[13d]">&gt;&gt;</a>&nbsp;&nbsp;&nbsp;GUI__SetPixelAlpha
<LI><a href="#[1d7]">&gt;&gt;</a>&nbsp;&nbsp;&nbsp;GUI_GetpfIndex2ColorEx
<LI><a href="#[ee]">&gt;&gt;</a>&nbsp;&nbsp;&nbsp;GUI_GetColor
<LI><a href="#[1d8]">&gt;&gt;</a>&nbsp;&nbsp;&nbsp;_DoClipping
<LI><a href="#[12b]">&gt;&gt;</a>&nbsp;&nbsp;&nbsp;LCD_SetColor
<LI><a href="#[ea]">&gt;&gt;</a>&nbsp;&nbsp;&nbsp;LCD_FillRect
<LI><a href="#[e8]">&gt;&gt;</a>&nbsp;&nbsp;&nbsp;LCD_DrawBitmap
</UL>
<BR>[Called By]<UL><LI><a href="#[7b]">&gt;&gt;</a>&nbsp;&nbsp;&nbsp;_DrawBitmap_8888
</UL>

<P><STRONG><a name="[1d9]"></a>_DrawBitmapHW</STRONG> (Thumb, 142 bytes, Stack size 64 bytes, gui_drawbitmap_8888.o(i._DrawBitmapHW))
<BR><BR>[Stack]<UL><LI>Max Depth = 96<LI>Call Chain = _DrawBitmapHW &rArr; _DoClipping
</UL>
<BR>[Calls]<UL><LI><a href="#[118]">&gt;&gt;</a>&nbsp;&nbsp;&nbsp;LCD_GetColorIndex
<LI><a href="#[13f]">&gt;&gt;</a>&nbsp;&nbsp;&nbsp;LCD_Color2Index
<LI><a href="#[12c]">&gt;&gt;</a>&nbsp;&nbsp;&nbsp;GUI_SetColorIndex
<LI><a href="#[1d8]">&gt;&gt;</a>&nbsp;&nbsp;&nbsp;_DoClipping
</UL>
<BR>[Called By]<UL><LI><a href="#[7c]">&gt;&gt;</a>&nbsp;&nbsp;&nbsp;_DrawBitmapHW_8888
</UL>

<P><STRONG><a name="[7c]"></a>_DrawBitmapHW_8888</STRONG> (Thumb, 12 bytes, Stack size 16 bytes, gui_drawbitmap_8888.o(i._DrawBitmapHW_8888))
<BR><BR>[Stack]<UL><LI>Max Depth = 112<LI>Call Chain = _DrawBitmapHW_8888 &rArr; _DrawBitmapHW &rArr; _DoClipping
</UL>
<BR>[Calls]<UL><LI><a href="#[1d9]">&gt;&gt;</a>&nbsp;&nbsp;&nbsp;_DrawBitmapHW
</UL>
<BR>[Address Reference Count : 1]<UL><LI> gui_drawbitmap_8888.o(.constdata)
</UL>
<P><STRONG><a name="[7b]"></a>_DrawBitmap_8888</STRONG> (Thumb, 24 bytes, Stack size 40 bytes, gui_drawbitmap_8888.o(i._DrawBitmap_8888))
<BR><BR>[Stack]<UL><LI>Max Depth = 280<LI>Call Chain = _DrawBitmap_8888 &rArr; _DrawBitmap &rArr; LCD_DrawBitmap &rArr; LCD_FillRect
</UL>
<BR>[Calls]<UL><LI><a href="#[1d6]">&gt;&gt;</a>&nbsp;&nbsp;&nbsp;_DrawBitmap
</UL>
<BR>[Address Reference Count : 1]<UL><LI> gui_drawbitmap_8888.o(.constdata)
</UL>
<P><STRONG><a name="[115]"></a>_DrawGradient</STRONG> (Thumb, 378 bytes, Stack size 88 bytes, gui_drawgradient.o(i._DrawGradient))
<BR><BR>[Stack]<UL><LI>Max Depth = 104<LI>Call Chain = _DrawGradient &rArr; LCD_FillRect
</UL>
<BR>[Calls]<UL><LI><a href="#[ee]">&gt;&gt;</a>&nbsp;&nbsp;&nbsp;GUI_GetColor
<LI><a href="#[12b]">&gt;&gt;</a>&nbsp;&nbsp;&nbsp;LCD_SetColor
<LI><a href="#[ea]">&gt;&gt;</a>&nbsp;&nbsp;&nbsp;LCD_FillRect
</UL>
<BR>[Called By]<UL><LI><a href="#[de]">&gt;&gt;</a>&nbsp;&nbsp;&nbsp;GUI_DrawGradientH
</UL>

<P><STRONG><a name="[174]"></a>_GetDevProp</STRONG> (Thumb, 30 bytes, Stack size 16 bytes, lcd_getex.o(i._GetDevProp))
<BR><BR>[Stack]<UL><LI>Max Depth = 16<LI>Call Chain = _GetDevProp
</UL>
<BR>[Calls]<UL><LI><a href="#[13c]">&gt;&gt;</a>&nbsp;&nbsp;&nbsp;GUI_DEVICE__GetpDriver
</UL>
<BR>[Called By]<UL><LI><a href="#[176]">&gt;&gt;</a>&nbsp;&nbsp;&nbsp;LCD_GetNumColorsEx
<LI><a href="#[175]">&gt;&gt;</a>&nbsp;&nbsp;&nbsp;LCD_GetNumColors
<LI><a href="#[173]">&gt;&gt;</a>&nbsp;&nbsp;&nbsp;LCD_GetBitsPerPixelEx
</UL>

<P><STRONG><a name="[f3]"></a>_DrawCharAA4_NoTrans</STRONG> (Thumb, 142 bytes, Stack size 56 bytes, guiaa_char4.o(i._DrawCharAA4_NoTrans))
<BR><BR>[Stack]<UL><LI>Max Depth = 216<LI>Call Chain = _DrawCharAA4_NoTrans &rArr; GL_DrawBitmap &rArr; LCD_DrawBitmap &rArr; LCD_FillRect
</UL>
<BR>[Calls]<UL><LI><a href="#[117]">&gt;&gt;</a>&nbsp;&nbsp;&nbsp;LCD_Index2Color
<LI><a href="#[17b]">&gt;&gt;</a>&nbsp;&nbsp;&nbsp;LCD_GetpPalConvTableUncached
<LI><a href="#[182]">&gt;&gt;</a>&nbsp;&nbsp;&nbsp;LCD_AA_MixColors
<LI><a href="#[e6]">&gt;&gt;</a>&nbsp;&nbsp;&nbsp;GL_DrawBitmap
</UL>
<BR>[Called By]<UL><LI><a href="#[ec]">&gt;&gt;</a>&nbsp;&nbsp;&nbsp;GUI_AA__DrawCharAA4
</UL>

<P><STRONG><a name="[f2]"></a>_DrawCharAA4_Trans</STRONG> (Thumb, 106 bytes, Stack size 56 bytes, guiaa_char4.o(i._DrawCharAA4_Trans))
<BR><BR>[Stack]<UL><LI>Max Depth = 56<LI>Call Chain = _DrawCharAA4_Trans
</UL>
<BR>[Called By]<UL><LI><a href="#[ec]">&gt;&gt;</a>&nbsp;&nbsp;&nbsp;GUI_AA__DrawCharAA4
</UL>

<P><STRONG><a name="[137]"></a>_DispLine</STRONG> (Thumb, 104 bytes, Stack size 32 bytes, gui_charline.o(i._DispLine))
<BR><BR>[Stack]<UL><LI>Max Depth = 56<LI>Call Chain = _DispLine &rArr; GUI_UC__GetCharCodeInc
</UL>
<BR>[Calls]<UL><LI><a href="#[f0]">&gt;&gt;</a>&nbsp;&nbsp;&nbsp;GUI_UC__GetCharCodeInc
<LI><a href="#[13a]">&gt;&gt;</a>&nbsp;&nbsp;&nbsp;GUI__ManageCache
<LI><a href="#[1d1]">&gt;&gt;</a>&nbsp;&nbsp;&nbsp;GUI_RectsIntersect
</UL>
<BR>[Called By]<UL><LI><a href="#[112]">&gt;&gt;</a>&nbsp;&nbsp;&nbsp;GUI__DispLine
</UL>

<P><STRONG><a name="[6]"></a>_Log2VisBuffered</STRONG> (Thumb, 2 bytes, Stack size 0 bytes, gui_charline.o(i._Log2VisBuffered))
<BR>[Address Reference Count : 1]<UL><LI> gui_charline.o(.data)
</UL>
<P><STRONG><a name="[119]"></a>_GotoX</STRONG> (Thumb, 10 bytes, Stack size 0 bytes, gui_goto.o(i._GotoX))
<BR><BR>[Called By]<UL><LI><a href="#[103]">&gt;&gt;</a>&nbsp;&nbsp;&nbsp;GUI_GotoXY
</UL>

<P><STRONG><a name="[11a]"></a>_GotoY</STRONG> (Thumb, 10 bytes, Stack size 0 bytes, gui_goto.o(i._GotoY))
<BR><BR>[Called By]<UL><LI><a href="#[103]">&gt;&gt;</a>&nbsp;&nbsp;&nbsp;GUI_GotoXY
</UL>

<P><STRONG><a name="[88]"></a>_CalcSizeOfChar</STRONG> (Thumb, 4 bytes, Stack size 0 bytes, gui_uc_encodenone.o(i._CalcSizeOfChar))
<BR>[Address Reference Count : 1]<UL><LI> gui_uc_encodenone.o(.constdata)
</UL>
<P><STRONG><a name="[89]"></a>_Encode</STRONG> (Thumb, 6 bytes, Stack size 0 bytes, gui_uc_encodenone.o(i._Encode))
<BR>[Address Reference Count : 1]<UL><LI> gui_uc_encodenone.o(.constdata)
</UL>
<P><STRONG><a name="[86]"></a>_GetCharCode</STRONG> (Thumb, 4 bytes, Stack size 0 bytes, gui_uc_encodenone.o(i._GetCharCode))
<BR>[Address Reference Count : 1]<UL><LI> gui_uc_encodenone.o(.constdata)
</UL>
<P><STRONG><a name="[87]"></a>_GetCharSize</STRONG> (Thumb, 4 bytes, Stack size 0 bytes, gui_uc_encodenone.o(i._GetCharSize))
<BR>[Address Reference Count : 1]<UL><LI> gui_uc_encodenone.o(.constdata)
</UL>
<P><STRONG><a name="[8b]"></a>_SetBkColor</STRONG> (Thumb, 28 bytes, Stack size 8 bytes, lcd.o(i._SetBkColor))
<BR><BR>[Stack]<UL><LI>Max Depth = 8<LI>Call Chain = _SetBkColor
</UL>
<BR>[Calls]<UL><LI><a href="#[13f]">&gt;&gt;</a>&nbsp;&nbsp;&nbsp;LCD_Color2Index
<LI><a href="#[185]">&gt;&gt;</a>&nbsp;&nbsp;&nbsp;LCD_SetBkColorIndex
</UL>
<BR>[Address Reference Count : 1]<UL><LI> lcd.o(.constdata)
</UL>
<P><STRONG><a name="[8a]"></a>_SetColor</STRONG> (Thumb, 28 bytes, Stack size 8 bytes, lcd.o(i._SetColor))
<BR><BR>[Stack]<UL><LI>Max Depth = 8<LI>Call Chain = _SetColor
</UL>
<BR>[Calls]<UL><LI><a href="#[13f]">&gt;&gt;</a>&nbsp;&nbsp;&nbsp;LCD_Color2Index
<LI><a href="#[12d]">&gt;&gt;</a>&nbsp;&nbsp;&nbsp;LCD_SetColorIndex
</UL>
<BR>[Address Reference Count : 1]<UL><LI> lcd.o(.constdata)
</UL>
<P><STRONG><a name="[8c]"></a>_SetDrawMode</STRONG> (Thumb, 40 bytes, Stack size 12 bytes, lcd.o(i._SetDrawMode))
<BR><BR>[Stack]<UL><LI>Max Depth = 12<LI>Call Chain = _SetDrawMode
</UL>
<BR>[Address Reference Count : 1]<UL><LI> lcd.o(.constdata)
</UL>
<P><STRONG><a name="[55]"></a>_OnExit</STRONG> (Thumb, 16 bytes, Stack size 8 bytes, lcd_color.o(i._OnExit))
<BR><BR>[Stack]<UL><LI>Max Depth = 8<LI>Call Chain = _OnExit
</UL>
<BR>[Calls]<UL><LI><a href="#[10a]">&gt;&gt;</a>&nbsp;&nbsp;&nbsp;GUI_ALLOC_FreeFixedBlock
</UL>
<BR>[Address Reference Count : 1]<UL><LI> lcd_color.o(i.LCD_InitColors)
</UL>
<P><STRONG><a name="[1c6]"></a>_DesktopHandle2Index</STRONG> (Thumb, 28 bytes, Stack size 0 bytes, wm.o(i._DesktopHandle2Index))
<BR><BR>[Called By]<UL><LI><a href="#[1ca]">&gt;&gt;</a>&nbsp;&nbsp;&nbsp;WM__GetTopLevelLayer
<LI><a href="#[1bd]">&gt;&gt;</a>&nbsp;&nbsp;&nbsp;WM__ClipAtParentBorders
<LI><a href="#[56]">&gt;&gt;</a>&nbsp;&nbsp;&nbsp;cbBackWin
</UL>

<P><STRONG><a name="[1c9]"></a>_FindNext_IVR</STRONG> (Thumb, 318 bytes, Stack size 32 bytes, wm.o(i._FindNext_IVR))
<BR><BR>[Stack]<UL><LI>Max Depth = 80<LI>Call Chain = _FindNext_IVR &rArr; _Findy1 &rArr;  _Findy1 (Cycle)
</UL>
<BR>[Calls]<UL><LI><a href="#[101]">&gt;&gt;</a>&nbsp;&nbsp;&nbsp;GUI_ALLOC_h2p
<LI><a href="#[f9]">&gt;&gt;</a>&nbsp;&nbsp;&nbsp;GUI_ALLOC_UnlockH
<LI><a href="#[f7]">&gt;&gt;</a>&nbsp;&nbsp;&nbsp;GUI_ALLOC_LockH
<LI><a href="#[1dc]">&gt;&gt;</a>&nbsp;&nbsp;&nbsp;_Findy1
<LI><a href="#[1de]">&gt;&gt;</a>&nbsp;&nbsp;&nbsp;_Findx1
<LI><a href="#[1dd]">&gt;&gt;</a>&nbsp;&nbsp;&nbsp;_Findx0
</UL>
<BR>[Called By]<UL><LI><a href="#[105]">&gt;&gt;</a>&nbsp;&nbsp;&nbsp;WM__GetNextIVR
</UL>

<P><STRONG><a name="[1dd]"></a>_Findx0</STRONG> (Thumb, 124 bytes, Stack size 32 bytes, wm.o(i._Findx0))
<BR><BR>[Stack]<UL><LI>Max Depth = 48 + In Cycle
<LI>Call Chain = _Findx0 &rArr;  _Findx0 (Cycle)
</UL>
<BR>[Calls]<UL><LI><a href="#[101]">&gt;&gt;</a>&nbsp;&nbsp;&nbsp;GUI_ALLOC_h2p
<LI><a href="#[f9]">&gt;&gt;</a>&nbsp;&nbsp;&nbsp;GUI_ALLOC_UnlockH
<LI><a href="#[f7]">&gt;&gt;</a>&nbsp;&nbsp;&nbsp;GUI_ALLOC_LockH
<LI><a href="#[181]">&gt;&gt;</a>&nbsp;&nbsp;&nbsp;GUI__IntersectRects
<LI><a href="#[1dd]">&gt;&gt;</a>&nbsp;&nbsp;&nbsp;_Findx0
<LI><a href="#[1d1]">&gt;&gt;</a>&nbsp;&nbsp;&nbsp;GUI_RectsIntersect
</UL>
<BR>[Called By]<UL><LI><a href="#[1dd]">&gt;&gt;</a>&nbsp;&nbsp;&nbsp;_Findx0
<LI><a href="#[1c9]">&gt;&gt;</a>&nbsp;&nbsp;&nbsp;_FindNext_IVR
</UL>

<P><STRONG><a name="[1de]"></a>_Findx1</STRONG> (Thumb, 114 bytes, Stack size 32 bytes, wm.o(i._Findx1))
<BR><BR>[Stack]<UL><LI>Max Depth = 48 + In Cycle
<LI>Call Chain = _Findx1 &rArr;  _Findx1 (Cycle)
</UL>
<BR>[Calls]<UL><LI><a href="#[101]">&gt;&gt;</a>&nbsp;&nbsp;&nbsp;GUI_ALLOC_h2p
<LI><a href="#[f9]">&gt;&gt;</a>&nbsp;&nbsp;&nbsp;GUI_ALLOC_UnlockH
<LI><a href="#[f7]">&gt;&gt;</a>&nbsp;&nbsp;&nbsp;GUI_ALLOC_LockH
<LI><a href="#[181]">&gt;&gt;</a>&nbsp;&nbsp;&nbsp;GUI__IntersectRects
<LI><a href="#[1de]">&gt;&gt;</a>&nbsp;&nbsp;&nbsp;_Findx1
<LI><a href="#[1d1]">&gt;&gt;</a>&nbsp;&nbsp;&nbsp;GUI_RectsIntersect
</UL>
<BR>[Called By]<UL><LI><a href="#[1de]">&gt;&gt;</a>&nbsp;&nbsp;&nbsp;_Findx1
<LI><a href="#[1c9]">&gt;&gt;</a>&nbsp;&nbsp;&nbsp;_FindNext_IVR
</UL>

<P><STRONG><a name="[1dc]"></a>_Findy1</STRONG> (Thumb, 162 bytes, Stack size 32 bytes, wm.o(i._Findy1))
<BR><BR>[Stack]<UL><LI>Max Depth = 48 + In Cycle
<LI>Call Chain = _Findy1 &rArr;  _Findy1 (Cycle)
</UL>
<BR>[Calls]<UL><LI><a href="#[101]">&gt;&gt;</a>&nbsp;&nbsp;&nbsp;GUI_ALLOC_h2p
<LI><a href="#[f9]">&gt;&gt;</a>&nbsp;&nbsp;&nbsp;GUI_ALLOC_UnlockH
<LI><a href="#[f7]">&gt;&gt;</a>&nbsp;&nbsp;&nbsp;GUI_ALLOC_LockH
<LI><a href="#[181]">&gt;&gt;</a>&nbsp;&nbsp;&nbsp;GUI__IntersectRects
<LI><a href="#[1dc]">&gt;&gt;</a>&nbsp;&nbsp;&nbsp;_Findy1
<LI><a href="#[1d1]">&gt;&gt;</a>&nbsp;&nbsp;&nbsp;GUI_RectsIntersect
</UL>
<BR>[Called By]<UL><LI><a href="#[1dc]">&gt;&gt;</a>&nbsp;&nbsp;&nbsp;_Findy1
<LI><a href="#[1c9]">&gt;&gt;</a>&nbsp;&nbsp;&nbsp;_FindNext_IVR
</UL>

<P><STRONG><a name="[1c0]"></a>_Invalidate1Abs</STRONG> (Thumb, 122 bytes, Stack size 32 bytes, wm.o(i._Invalidate1Abs))
<BR><BR>[Stack]<UL><LI>Max Depth = 48<LI>Call Chain = _Invalidate1Abs &rArr; GUI__IntersectRects
</UL>
<BR>[Calls]<UL><LI><a href="#[101]">&gt;&gt;</a>&nbsp;&nbsp;&nbsp;GUI_ALLOC_h2p
<LI><a href="#[f9]">&gt;&gt;</a>&nbsp;&nbsp;&nbsp;GUI_ALLOC_UnlockH
<LI><a href="#[f7]">&gt;&gt;</a>&nbsp;&nbsp;&nbsp;GUI_ALLOC_LockH
<LI><a href="#[181]">&gt;&gt;</a>&nbsp;&nbsp;&nbsp;GUI__IntersectRects
<LI><a href="#[12f]">&gt;&gt;</a>&nbsp;&nbsp;&nbsp;GUI_SignalEvent
<LI><a href="#[1e5]">&gt;&gt;</a>&nbsp;&nbsp;&nbsp;GUI_MergeRect
<LI><a href="#[1e4]">&gt;&gt;</a>&nbsp;&nbsp;&nbsp;WM__RectIsNZ
</UL>
<BR>[Called By]<UL><LI><a href="#[1cb]">&gt;&gt;</a>&nbsp;&nbsp;&nbsp;WM__InvalidateRect
<LI><a href="#[1be]">&gt;&gt;</a>&nbsp;&nbsp;&nbsp;WM__Invalidate1Abs
<LI><a href="#[1bf]">&gt;&gt;</a>&nbsp;&nbsp;&nbsp;WM_InvalidateWindowAndDescsEx
</UL>

<P><STRONG><a name="[57]"></a>_OnExit</STRONG> (Thumb, 48 bytes, Stack size 8 bytes, wm.o(i._OnExit))
<BR><BR>[Stack]<UL><LI>Max Depth = 8<LI>Call Chain = _OnExit
</UL>
<BR>[Address Reference Count : 1]<UL><LI> wm.o(i.WM_Init)
</UL>
<P><STRONG><a name="[1c4]"></a>_SetClipRectUserIntersect</STRONG> (Thumb, 68 bytes, Stack size 24 bytes, wm.o(i._SetClipRectUserIntersect))
<BR><BR>[Stack]<UL><LI>Max Depth = 64<LI>Call Chain = _SetClipRectUserIntersect &rArr; LCD_SetClipRectEx &rArr; GUI__IntersectRects
</UL>
<BR>[Calls]<UL><LI><a href="#[f9]">&gt;&gt;</a>&nbsp;&nbsp;&nbsp;GUI_ALLOC_UnlockH
<LI><a href="#[f7]">&gt;&gt;</a>&nbsp;&nbsp;&nbsp;GUI_ALLOC_LockH
<LI><a href="#[180]">&gt;&gt;</a>&nbsp;&nbsp;&nbsp;LCD_SetClipRectEx
<LI><a href="#[1bc]">&gt;&gt;</a>&nbsp;&nbsp;&nbsp;GUI__IntersectRect
<LI><a href="#[1bb]">&gt;&gt;</a>&nbsp;&nbsp;&nbsp;WM__Client2Screen
</UL>
<BR>[Called By]<UL><LI><a href="#[1c3]">&gt;&gt;</a>&nbsp;&nbsp;&nbsp;WM__ActivateClipRect
</UL>

<P><STRONG><a name="[56]"></a>cbBackWin</STRONG> (Thumb, 74 bytes, Stack size 8 bytes, wm.o(i.cbBackWin))
<BR><BR>[Stack]<UL><LI>Max Depth = 176<LI>Call Chain = cbBackWin &rArr; WM_DefaultProc &rArr; WM_InvalidateWindow &rArr; WM_InvalidateRect &rArr; WM__InvalidateRectEx &rArr; WM__InvalidateRect &rArr;  WM__InvalidateRect (Cycle)
</UL>
<BR>[Calls]<UL><LI><a href="#[129]">&gt;&gt;</a>&nbsp;&nbsp;&nbsp;GUI_SetBkColor
<LI><a href="#[102]">&gt;&gt;</a>&nbsp;&nbsp;&nbsp;GUI_Clear
<LI><a href="#[12e]">&gt;&gt;</a>&nbsp;&nbsp;&nbsp;GUI_StoreKey
<LI><a href="#[1b4]">&gt;&gt;</a>&nbsp;&nbsp;&nbsp;WM_DefaultProc
<LI><a href="#[1c6]">&gt;&gt;</a>&nbsp;&nbsp;&nbsp;_DesktopHandle2Index
</UL>
<BR>[Address Reference Count : 1]<UL><LI> wm.o(i.WM_Init)
</UL>
<P><STRONG><a name="[8d]"></a>_Color2Index_0</STRONG> (Thumb, 84 bytes, Stack size 32 bytes, guicc_0.o(i._Color2Index_0))
<BR><BR>[Stack]<UL><LI>Max Depth = 48<LI>Call Chain = _Color2Index_0 &rArr; LCD_GetNumColors &rArr; _GetDevProp
</UL>
<BR>[Calls]<UL><LI><a href="#[178]">&gt;&gt;</a>&nbsp;&nbsp;&nbsp;LCD_GetPalette
<LI><a href="#[175]">&gt;&gt;</a>&nbsp;&nbsp;&nbsp;LCD_GetNumColors
<LI><a href="#[1d0]">&gt;&gt;</a>&nbsp;&nbsp;&nbsp;GUI_CalcColorDist
</UL>
<BR>[Address Reference Count : 1]<UL><LI> guicc_0.o(.constdata)
</UL>
<P><STRONG><a name="[8f]"></a>_GetIndexMask_0</STRONG> (Thumb, 82 bytes, Stack size 8 bytes, guicc_0.o(i._GetIndexMask_0))
<BR><BR>[Stack]<UL><LI>Max Depth = 24<LI>Call Chain = _GetIndexMask_0 &rArr; LCD_GetNumColors &rArr; _GetDevProp
</UL>
<BR>[Calls]<UL><LI><a href="#[175]">&gt;&gt;</a>&nbsp;&nbsp;&nbsp;LCD_GetNumColors
</UL>
<BR>[Address Reference Count : 1]<UL><LI> guicc_0.o(.constdata)
</UL>
<P><STRONG><a name="[8e]"></a>_Index2Color_0</STRONG> (Thumb, 32 bytes, Stack size 16 bytes, guicc_0.o(i._Index2Color_0))
<BR><BR>[Stack]<UL><LI>Max Depth = 32<LI>Call Chain = _Index2Color_0 &rArr; LCD_GetNumColors &rArr; _GetDevProp
</UL>
<BR>[Calls]<UL><LI><a href="#[178]">&gt;&gt;</a>&nbsp;&nbsp;&nbsp;LCD_GetPalette
<LI><a href="#[175]">&gt;&gt;</a>&nbsp;&nbsp;&nbsp;LCD_GetNumColors
</UL>
<BR>[Address Reference Count : 1]<UL><LI> guicc_0.o(.constdata)
</UL>
<P><STRONG><a name="[1e8]"></a>_printf_core</STRONG> (Thumb, 658 bytes, Stack size 104 bytes, printf5.o(i._printf_core), UNUSED)
<BR><BR>[Calls]<UL><LI><a href="#[9c]">&gt;&gt;</a>&nbsp;&nbsp;&nbsp;__aeabi_uldivmod
</UL>
<BR>[Called By]<UL><LI><a href="#[1e7]">&gt;&gt;</a>&nbsp;&nbsp;&nbsp;__0printf$5
</UL>
<P>
<H3>
Undefined Global Symbols
</H3><HR></body></html>
