Component: ARM Compiler 5.06 update 6 (build 750) Tool: armlink [4d35ed]

==============================================================================

Section Cross References

    main.o(i.MICX_CON_Init) refers to deploy.o(i.TCA6424_Port) for TCA6424_Port
    main.o(i.MICX_CON_Init) refers to delay.o(i.delay_ms) for delay_ms
    main.o(i.P646_Init) refers to gui_core.o(i.GUI_Init) for GUI_Init
    main.o(i.P646_Init) refers to dispose.o(i.P642_Data_Init) for P642_Data_Init
    main.o(i.P646_Init) refers to gui_drawbitmapmag.o(i.GUI_DrawBitmapMag) for GUI_DrawBitmapMag
    main.o(i.P646_Init) refers to delay.o(i.delay_ms) for delay_ms
    main.o(i.P646_Init) refers to gui_core.o(i.GUI_Clear) for GUI_Clear
    main.o(i.P646_Init) refers to gui_setcolor.o(i.GUI_SetBkColor) for GUI_SetBkColor
    main.o(i.P646_Init) refers to display.o(i.DrwaGui) for DrwaGui
    main.o(i.P646_Init) refers to fbo.o(.constdata) for bmfbo
    main.o(i.XMOS_RST) refers to adc.o(i.Get_Adc_Average) for Get_Adc_Average
    main.o(i.XMOS_RST) refers to main.o(.data) for .data
    main.o(i.XMOS_RST) refers to timer.o(.data) for xmos_rst_time
    main.o(i.main) refers to delay.o(i.delay_init) for delay_init
    main.o(i.main) refers to deploy.o(i.Deploy_Init) for Deploy_Init
    main.o(i.main) refers to adc.o(i.Adc_Init) for Adc_Init
    main.o(i.main) refers to usart.o(i.uart4_init) for uart4_init
    main.o(i.main) refers to timer.o(i.TIM3_Int_Init) for TIM3_Int_Init
    main.o(i.main) refers to stm32f10x_rcc.o(i.RCC_AHBPeriphClockCmd) for RCC_AHBPeriphClockCmd
    main.o(i.main) refers to pca9554.o(i.pca9554_init) for pca9554_init
    main.o(i.main) refers to tca6424a.o(i.TCA6424_Init) for TCA6424_Init
    main.o(i.main) refers to ili9341.o(i.ILI9341_init) for ILI9341_init
    main.o(i.main) refers to main.o(i.MICX_CON_Init) for MICX_CON_Init
    main.o(i.main) refers to main.o(i.P646_Init) for P646_Init
    main.o(i.main) refers to softtimer.o(i.softTimer_config) for softTimer_config
    main.o(i.main) refers to printf5.o(i.__0printf$5) for __2printf
    main.o(i.main) refers to main.o(i.XMOS_RST) for XMOS_RST
    main.o(i.main) refers to usart.o(i.PC_CMD_CTL) for PC_CMD_CTL
    main.o(i.main) refers to dispose.o(i.P646_Action) for P646_Action
    main.o(i.main) refers to softtimer.o(i.softTimer_updata) for softTimer_updata
    main.o(i.main) refers to usart.o(i.Get_state) for Get_state
    main.o(i.main) refers to timer.o(.data) for xmos_rst_time
    main.o(i.main) refers to softtimer.o(i.softTimer_handler5) for softTimer_handler5
    system_stm32f10x.o(i.SystemCoreClockUpdate) refers to system_stm32f10x.o(.data) for .data
    system_stm32f10x.o(i.SystemInit) refers to system_stm32f10x.o(i.SetSysClockTo72) for SetSysClockTo72
    key.o(i.KEY_Scan) refers to delay.o(i.delay_ms) for delay_ms
    key.o(i.KEY_Scan) refers to key.o(.data) for .data
    timer.o(i.TIM3_IRQHandler) refers to stm32f10x_tim.o(i.TIM_GetITStatus) for TIM_GetITStatus
    timer.o(i.TIM3_IRQHandler) refers to stm32f10x_tim.o(i.TIM_ClearITPendingBit) for TIM_ClearITPendingBit
    timer.o(i.TIM3_IRQHandler) refers to xmos_adc.o(i.xmos_adc_init) for xmos_adc_init
    timer.o(i.TIM3_IRQHandler) refers to xmos_adc.o(i.MCU_Write_ADC1_Process) for MCU_Write_ADC1_Process
    timer.o(i.TIM3_IRQHandler) refers to timer.o(.data) for .data
    timer.o(i.TIM3_IRQHandler) refers to main.o(.bss) for XMOS_ADC_DATA
    timer.o(i.TIM3_IRQHandler) refers to softtimer.o(.data) for tick_Cnt
    timer.o(i.TIM3_IRQHandler) refers to dispose.o(.bss) for AU1
    timer.o(i.TIM3_IRQHandler) refers to dispose.o(.data) for AMP1
    timer.o(i.TIM3_IRQHandler) refers to usart.o(.data) for USART_RX_STA
    timer.o(i.TIM3_Int_Init) refers to stm32f10x_rcc.o(i.RCC_APB1PeriphClockCmd) for RCC_APB1PeriphClockCmd
    timer.o(i.TIM3_Int_Init) refers to stm32f10x_tim.o(i.TIM_TimeBaseInit) for TIM_TimeBaseInit
    timer.o(i.TIM3_Int_Init) refers to stm32f10x_tim.o(i.TIM_ITConfig) for TIM_ITConfig
    timer.o(i.TIM3_Int_Init) refers to misc.o(i.NVIC_Init) for NVIC_Init
    timer.o(i.TIM3_Int_Init) refers to stm32f10x_tim.o(i.TIM_Cmd) for TIM_Cmd
    stmflash.o(i.STMFLASH_Write) refers to stm32f10x_flash.o(i.FLASH_Unlock) for FLASH_Unlock
    stmflash.o(i.STMFLASH_Write) refers to stmflash.o(i.STMFLASH_Read) for STMFLASH_Read
    stmflash.o(i.STMFLASH_Write) refers to stm32f10x_flash.o(i.FLASH_ErasePage) for FLASH_ErasePage
    stmflash.o(i.STMFLASH_Write) refers to stmflash.o(i.STMFLASH_Write_NoCheck) for STMFLASH_Write_NoCheck
    stmflash.o(i.STMFLASH_Write) refers to stm32f10x_flash.o(i.FLASH_Lock) for FLASH_Lock
    stmflash.o(i.STMFLASH_Write) refers to stmflash.o(.bss) for .bss
    stmflash.o(i.STMFLASH_Write_NoCheck) refers to stm32f10x_flash.o(i.FLASH_ProgramHalfWord) for FLASH_ProgramHalfWord
    stmflash.o(i.Test_Write) refers to stmflash.o(i.STMFLASH_Write) for STMFLASH_Write
    myiic.o(i.IIC2_Ack) refers to myiic.o(i.IIC2_SDA_OUT) for IIC2_SDA_OUT
[...]
    0x0800119a   0x0800119a   0x00000082   Code   RO          847    i.AUX_Mic_Mode3     dispose.o
    0x0800121c   0x0800121c   0x0000010c   Code   RO          975    i.AUX_NONE_ON       deploy.o
    0x08001328   0x08001328   0x00000094   Code   RO          848    i.AUX_Overvoltage_Dispose  dispose.o
    0x080013bc   0x080013bc   0x000000a0   Code   RO         1087    i.Adc_Init          adc.o
    0x0800145c   0x0800145c   0x00000002   Code   RO          301    i.BusFault_Handler  stm32f10x_it.o
    0x0800145e   0x0800145e   0x00000002   PAD
    0x08001460   0x08001460   0x00000018   Code   RO         1602    i.Data_Process      usart.o
    0x08001478   0x08001478   0x00000002   Code   RO          302    i.DebugMon_Handler  stm32f10x_it.o
    0x0800147a   0x0800147a   0x00000002   PAD
    0x0800147c   0x0800147c   0x000001c8   Code   RO          976    i.Deploy_Init       deploy.o
    0x08001644   0x08001644   0x00000060   Code   RO         1522    i.Display_Ampx_Out  display.o
    0x080016a4   0x080016a4   0x000000d0   Code   RO         1523    i.Display_Ampx_char  display.o
    0x08001774   0x08001774   0x0000020c   Code   RO         1524    i.Display_Aux_Mode  display.o
    0x08001980   0x08001980   0x00000208   Code   RO         1525    i.Display_Aux_Overvol  display.o
    0x08001b88   0x08001b88   0x00000260   Code   RO         1526    i.Display_Aux_char  display.o
    0x08001de8   0x08001de8   0x0000028c   Code   RO         1527    i.DrwaGui           display.o
    0x08002074   0x08002074   0x0000003c   Code   RO         2610    i.FLASH_ErasePage   stm32f10x_flash.o
    0x080020b0   0x080020b0   0x00000028   Code   RO         2611    i.FLASH_GetBank1Status  stm32f10x_flash.o
    0x080020d8   0x080020d8   0x00000010   Code   RO         2620    i.FLASH_Lock        stm32f10x_flash.o
    0x080020e8   0x080020e8   0x00000034   Code   RO         2623    i.FLASH_ProgramHalfWord  stm32f10x_flash.o
    0x0800211c   0x0800211c   0x00000018   Code   RO         2628    i.FLASH_Unlock      stm32f10x_flash.o
    0x08002134   0x08002134   0x00000024   Code   RO         2632    i.FLASH_WaitForLastOperation  stm32f10x_flash.o
    0x08002158   0x08002158   0x0000009c   Code   RO         4804    i.GL_DrawBitmap     STemWin522_CM3_Keil.lib(gui_drawbitmap.o)
    0x080021f4   0x080021f4   0x000000a2   Code   RO         1895    i.GPIO_Init         stm32f10x_gpio.o
    0x08002296   0x08002296   0x00000004   Code   RO         1902    i.GPIO_ResetBits    stm32f10x_gpio.o
    0x0800229a   0x0800229a   0x00000004   Code   RO         1903    i.GPIO_SetBits      stm32f10x_gpio.o
    0x0800229e   0x0800229e   0x00000002   PAD
    0x080022a0   0x080022a0   0x00000134   Code   RO         4519    i.GUIMONO_DispChar  STemWin522_CM3_Keil.lib(gui_charm.o)
    0x080023d4   0x080023d4   0x00000018   Code   RO         4520    i.GUIMONO_GetCharDistX  STemWin522_CM3_Keil.lib(gui_charm.o)
    0x080023ec   0x080023ec   0x00000006   Code   RO         4521    i.GUIMONO_GetFontInfo  STemWin522_CM3_Keil.lib(gui_charm.o)
    0x080023f2   0x080023f2   0x00000038   Code   RO         4522    i.GUIMONO_IsInFont  STemWin522_CM3_Keil.lib(gui_charm.o)
    0x0800242a   0x0800242a   0x00000002   PAD
    0x0800242c   0x0800242c   0x000000b8   Code   RO         4027    i.GUIPROP_AA4_EXT_DispChar  STemWin522_CM3_Keil.lib(guiaa_char4ext.o)
    0x080024e4   0x080024e4   0x000000c8   Code   RO         4527    i.GUIPROP_DispChar  STemWin522_CM3_Keil.lib(gui_charp.o)
    0x080025ac   0x080025ac   0x00000044   Code   RO         4112    i.GUIPROP_EXT_GetCharDistX  STemWin522_CM3_Keil.lib(gui_charpext.o)
    0x080025f0   0x080025f0   0x0000003c   Code   RO         4113    i.GUIPROP_EXT_GetCharInfo  STemWin522_CM3_Keil.lib(gui_charpext.o)
    0x0800262c   0x0800262c   0x00000006   Code   RO         4114    i.GUIPROP_EXT_GetFontInfo  STemWin522_CM3_Keil.lib(gui_charpext.o)
    0x08002632   0x08002632   0x00000010   Code   RO         4115    i.GUIPROP_EXT_IsInFont  STemWin522_CM3_Keil.lib(gui_charpext.o)
    0x08002642   0x08002642   0x00000002   PAD
    0x08002644   0x08002644   0x000000c0   Code   RO         4200    i.GUIPROP_EXT__ClearLine  STemWin522_CM3_Keil.lib(gui_encext.o)
    0x08002704   0x08002704   0x00000044   Code   RO         4201    i.GUIPROP_EXT__DispLine  STemWin522_CM3_Keil.lib(gui_encext.o)
    0x08002748   0x08002748   0x00000016   Code   RO         4116    i.GUIPROP_EXT__FindChar  STemWin522_CM3_Keil.lib(gui_charpext.o)
    0x0800275e   0x0800275e   0x00000002   PAD
    0x08002760   0x08002760   0x00000040   Code   RO         4528    i.GUIPROP_GetCharDistX  STemWin522_CM3_Keil.lib(gui_charp.o)
    0x080027a0   0x080027a0   0x00000006   Code   RO         4529    i.GUIPROP_GetFontInfo  STemWin522_CM3_Keil.lib(gui_charp.o)
    0x080027a6   0x080027a6   0x00000010   Code   RO         4530    i.GUIPROP_IsInFont  STemWin522_CM3_Keil.lib(gui_charp.o)
    0x080027b6   0x080027b6   0x00000016   Code   RO         4531    i.GUIPROP__FindChar  STemWin522_CM3_Keil.lib(gui_charp.o)
    0x080027cc   0x080027cc   0x00000048   Code   RO         4459    i.GUI_AA__DrawCharAA4  STemWin522_CM3_Keil.lib(guiaa_char4.o)
    0x08002814   0x08002814   0x0000000a   Code   RO         4041    i.GUI_ALLOC_AllocNoInit  STemWin522_CM3_Keil.lib(gui_alloc.o)
    0x0800281e   0x0800281e   0x00000024   Code   RO         4790    i.GUI_ALLOC_AllocZero  STemWin522_CM3_Keil.lib(gui_alloc_alloczero.o)
    0x08002842   0x08002842   0x00000002   PAD
    0x08002844   0x08002844   0x00000010   Code   RO         4042    i.GUI_ALLOC_AssignMemory  STemWin522_CM3_Keil.lib(gui_alloc.o)
    0x08002854   0x08002854   0x00000038   Code   RO         4043    i.GUI_ALLOC_Free    STemWin522_CM3_Keil.lib(gui_alloc.o)
    0x0800288c   0x0800288c   0x00000018   Code   RO         4044    i.GUI_ALLOC_FreeFixedBlock  STemWin522_CM3_Keil.lib(gui_alloc.o)
    0x080028a4   0x080028a4   0x000000a8   Code   RO         4047    i.GUI_ALLOC_GetFixedBlock  STemWin522_CM3_Keil.lib(gui_alloc.o)
    0x0800294c   0x0800294c   0x0000001c   Code   RO         4055    i.GUI_ALLOC_LockH   STemWin522_CM3_Keil.lib(gui_alloc.o)
    0x08002968   0x08002968   0x0000001c   Code   RO         4057    i.GUI_ALLOC_SetAvBlockSize  STemWin522_CM3_Keil.lib(gui_alloc.o)
    0x08002984   0x08002984   0x00000030   Code   RO         4060    i.GUI_ALLOC_UnlockH  STemWin522_CM3_Keil.lib(gui_alloc.o)
    0x080029b4   0x080029b4   0x00000018   Code   RO         4061    i.GUI_ALLOC_h2p     STemWin522_CM3_Keil.lib(gui_alloc.o)
    0x080029cc   0x080029cc   0x00000044   Code   RO         5025    i.GUI_CalcColorDist  STemWin522_CM3_Keil.lib(gui_calccolordist.o)
    0x08002a10   0x08002a10   0x0000001c   Code   RO         4123    i.GUI_Clear         STemWin522_CM3_Keil.lib(gui_core.o)
    0x08002a2c   0x08002a2c   0x00000060   Code   RO         4124    i.GUI_ClearRect     STemWin522_CM3_Keil.lib(gui_core.o)
    0x08002a8c   0x08002a8c   0x00000050   Code   RO         4152    i.GUI_DEVICE_Create  STemWin522_CM3_Keil.lib(gui_device.o)
    0x08002adc   0x08002adc   0x00000028   Code   RO         4153    i.GUI_DEVICE_CreateAndLink  STemWin522_CM3_Keil.lib(gui_device.o)
    0x08002b04   0x08002b04   0x00000004   Code   RO         4154    i.GUI_DEVICE_Delete  STemWin522_CM3_Keil.lib(gui_device.o)
    0x08002b08   0x08002b08   0x00000080   Code   RO         4155    i.GUI_DEVICE_Link   STemWin522_CM3_Keil.lib(gui_device.o)
    0x08002b88   0x08002b88   0x00000004   Code   RO         4157    i.GUI_DEVICE_Unlink  STemWin522_CM3_Keil.lib(gui_device.o)
    0x08002b8c   0x08002b8c   0x00000024   Code   RO         4160    i.GUI_DEVICE__GetpDriver  STemWin522_CM3_Keil.lib(gui_device.o)
    0x08002bb0   0x08002bb0   0x00000100   Code   RO         4537    i.GUI_DispString    STemWin522_CM3_Keil.lib(gui_dispstring.o)
    0x08002cb0   0x08002cb0   0x00000010   Code   RO         4173    i.GUI_DispStringAt  STemWin522_CM3_Keil.lib(gui_dispstringat.o)
    0x08002cc0   0x08002cc0   0x000000d8   Code   RO         4192    i.GUI_DrawBitmapMag  STemWin522_CM3_Keil.lib(gui_drawbitmapmag.o)
    0x08002d98   0x08002d98   0x00000068   Code   RO         4194    i.GUI_DrawGradientH  STemWin522_CM3_Keil.lib(gui_drawgradient.o)
    0x08002e00   0x08002e00   0x0000000e   Code   RO         4539    i.GUI_GetBkColor    STemWin522_CM3_Keil.lib(gui_getcolor.o)
    0x08002e0e   0x08002e0e   0x00000002   PAD
    0x08002e10   0x08002e10   0x00000010   Code   RO         4794    i.GUI_GetCharDistX  STemWin522_CM3_Keil.lib(gui_char.o)
    0x08002e20   0x08002e20   0x00000010   Code   RO         4795    i.GUI_GetCharDistXEx  STemWin522_CM3_Keil.lib(gui_char.o)
    0x08002e30   0x08002e30   0x0000000e   Code   RO         4541    i.GUI_GetColor      STemWin522_CM3_Keil.lib(gui_getcolor.o)
    0x08002e3e   0x08002e3e   0x00000002   PAD
    0x08002e40   0x08002e40   0x00000010   Code   RO         4796    i.GUI_GetFontDistY  STemWin522_CM3_Keil.lib(gui_char.o)
    0x08002e50   0x08002e50   0x00000030   Code   RO         4797    i.GUI_GetYAdjust    STemWin522_CM3_Keil.lib(gui_char.o)
    0x08002e80   0x08002e80   0x00000010   Code   RO         4218    i.GUI_GetpfIndex2ColorEx  STemWin522_CM3_Keil.lib(lcd_getex.o)
    0x08002e90   0x08002e90   0x00000014   Code   RO         4548    i.GUI_GotoXY        STemWin522_CM3_Keil.lib(gui_goto.o)
    0x08002ea4   0x08002ea4   0x00000064   Code   RO         4126    i.GUI_Init          STemWin522_CM3_Keil.lib(gui_core.o)
    0x08002f08   0x08002f08   0x00000040   Code   RO         4930    i.GUI_MEMDEV_Delete  STemWin522_CM3_Keil.lib(guidev.o)
    0x08002f48   0x08002f48   0x00000058   Code   RO         4808    i.GUI_MergeRect     STemWin522_CM3_Keil.lib(gui_mergerect.o)
    0x08002fa0   0x08002fa0   0x0000001e   Code   RO         4810    i.GUI_MoveRect      STemWin522_CM3_Keil.lib(gui_moverect.o)
    0x08002fbe   0x08002fbe   0x00000038   Code   RO         4832    i.GUI_RectsIntersect  STemWin522_CM3_Keil.lib(gui_rectsintersect.o)
    0x08002ff6   0x08002ff6   0x00000012   Code   RO         5091    i.GUI_SelectLCD     STemWin522_CM3_Keil.lib(gui_selectlcd.o)
    0x08003008   0x08003008   0x00000024   Code   RO         4841    i.GUI_SelectLayer   STemWin522_CM3_Keil.lib(gui_selectlayer.o)
    0x0800302c   0x0800302c   0x00000004   Code   RO         4208    i.GUI_SetBkColor    STemWin522_CM3_Keil.lib(gui_setcolor.o)
    0x08003030   0x08003030   0x00000004   Code   RO         4209    i.GUI_SetColor      STemWin522_CM3_Keil.lib(gui_setcolor.o)
    0x08003034   0x08003034   0x00000014   Code   RO         4558    i.GUI_SetColorIndex  STemWin522_CM3_Keil.lib(gui_setcolorindex.o)
    0x08003048   0x08003048   0x0000000c   Code   RO         4127    i.GUI_SetDefaultFont  STemWin522_CM3_Keil.lib(gui_core.o)
    0x08003054   0x08003054   0x00000004   Code   RO         4561    i.GUI_SetDrawMode   STemWin522_CM3_Keil.lib(gui_setdrawmode.o)
    0x08003058   0x08003058   0x00000014   Code   RO         4212    i.GUI_SetFont       STemWin522_CM3_Keil.lib(gui_setfont.o)
    0x0800306c   0x0800306c   0x00000038   Code   RO         4563    i.GUI_SetOrg        STemWin522_CM3_Keil.lib(gui_setorg.o)
    0x080030a4   0x080030a4   0x00000014   Code   RO         4214    i.GUI_SetTextMode   STemWin522_CM3_Keil.lib(gui_settextmode.o)
    0x080030b8   0x080030b8   0x00000010   Code   RO         4862    i.GUI_SignalEvent   STemWin522_CM3_Keil.lib(gui_waitevent.o)
    0x080030c8   0x080030c8   0x00000010   Code   RO         4817    i.GUI_StoreKey      STemWin522_CM3_Keil.lib(gui_onkey.o)
    0x080030d8   0x080030d8   0x0000002c   Code   RO         4569    i.GUI_UC__GetCharCodeInc  STemWin522_CM3_Keil.lib(gui_uc.o)
    0x08003104   0x08003104   0x00000028   Code   RO         4571    i.GUI_UC__NumChars2NumBytes  STemWin522_CM3_Keil.lib(gui_uc.o)
    0x0800312c   0x0800312c   0x00000024   Code   RO         5267    i.GUI_USAGE_DecUseCnt  STemWin522_CM3_Keil.lib(guidev_usage.o)
    0x08003150   0x08003150   0x00000028   Code   RO         3687    i.GUI_X_Config      guiconf.o
    0x08003178   0x08003178   0x00000002   Code   RO         3899    i.GUI_X_ExecIdle    gui_x.o
    0x0800317a   0x0800317a   0x00000002   Code   RO         3901    i.GUI_X_Init        gui_x.o
    0x0800317c   0x0800317c   0x00000034   Code   RO         4129    i.GUI__Config       STemWin522_CM3_Keil.lib(gui_core.o)
    0x080031b0   0x080031b0   0x000000b0   Code   RO         4506    i.GUI__DispLine     STemWin522_CM3_Keil.lib(gui_charline.o)
    0x08003260   0x08003260   0x00000054   Code   RO         4507    i.GUI__GetLineDistX  STemWin522_CM3_Keil.lib(gui_charline.o)
    0x080032b4   0x080032b4   0x00000038   Code   RO         4508    i.GUI__GetLineNumChars  STemWin522_CM3_Keil.lib(gui_charline.o)
    0x080032ec   0x080032ec   0x00000018   Code   RO         4509    i.GUI__GetOverlap   STemWin522_CM3_Keil.lib(gui_charline.o)
    0x08003304   0x08003304   0x0000003a   Code   RO         4781    i.GUI__IntersectRect  STemWin522_CM3_Keil.lib(gui__intersectrect.o)
    0x0800333e   0x0800333e   0x00000052   Code   RO         4783    i.GUI__IntersectRects  STemWin522_CM3_Keil.lib(gui__intersectrects.o)
    0x08003390   0x08003390   0x00000010   Code   RO         4785    i.GUI__ManageCache  STemWin522_CM3_Keil.lib(gui__managecache.o)
    0x080033a0   0x080033a0   0x000000ac   Code   RO         4786    i.GUI__ManageCacheEx  STemWin522_CM3_Keil.lib(gui__managecache.o)
    0x0800344c   0x0800344c   0x00000060   Code   RO         4477    i.GUI__MixColors    STemWin522_CM3_Keil.lib(gui__alpha.o)
    0x080034ac   0x080034ac   0x0000004e   Code   RO         4478    i.GUI__MixColorsBulk  STemWin522_CM3_Keil.lib(gui__alpha.o)
    0x080034fa   0x080034fa   0x00000002   PAD
    0x080034fc   0x080034fc   0x00000010   Code   RO         4130    i.GUI__RegisterExit  STemWin522_CM3_Keil.lib(gui_core.o)
    0x0800350c   0x0800350c   0x00000070   Code   RO         4504    i.GUI__SetPixelAlpha  STemWin522_CM3_Keil.lib(gui__setpixelalpha.o)
    0x0800357c   0x0800357c   0x0000004c   Code   RO         4502    i.GUI__memset       STemWin522_CM3_Keil.lib(gui__memset.o)
    0x080035c8   0x080035c8   0x00000034   Code   RO         1088    i.Get_Adc           adc.o
    0x080035fc   0x080035fc   0x00000054   Code   RO         1089    i.Get_Adc_Average   adc.o
    0x08003650   0x08003650   0x00000478   Code   RO         1603    i.Get_state         usart.o
    0x08003ac8   0x08003ac8   0x00000002   Code   RO          303    i.HardFault_Handler  stm32f10x_it.o
    0x08003aca   0x08003aca   0x00000002   PAD
    0x08003acc   0x08003acc   0x0000002c   Code   RO          544    i.IIC2_Ack          myiic.o
    0x08003af8   0x08003af8   0x0000002c   Code   RO          546    i.IIC2_NAck         myiic.o
    0x08003b24   0x08003b24   0x0000005c   Code   RO          547    i.IIC2_Read_Byte    myiic.o
    0x08003b80   0x08003b80   0x0000002c   Code   RO          548    i.IIC2_SDA_IN       myiic.o
    0x08003bac   0x08003bac   0x0000002c   Code   RO          549    i.IIC2_SDA_OUT      myiic.o
    0x08003bd8   0x08003bd8   0x00000054   Code   RO          550    i.IIC2_Send_Byte    myiic.o
    0x08003c2c   0x08003c2c   0x00000030   Code   RO          551    i.IIC2_Start        myiic.o
    0x08003c5c   0x08003c5c   0x00000030   Code   RO          552    i.IIC2_Stop         myiic.o
    0x08003c8c   0x08003c8c   0x00000044   Code   RO          553    i.IIC2_Wait_Ack     myiic.o
    0x08003cd0   0x08003cd0   0x0000002c   Code   RO          554    i.IIC3_Ack          myiic.o
    0x08003cfc   0x08003cfc   0x0000002c   Code   RO          556    i.IIC3_NAck         myiic.o
    0x08003d28   0x08003d28   0x0000005c   Code   RO          557    i.IIC3_Read_Byte    myiic.o
    0x08003d84   0x08003d84   0x0000002c   Code   RO          558    i.IIC3_SDA_IN       myiic.o
    0x08003db0   0x08003db0   0x0000002c   Code   RO          559    i.IIC3_SDA_OUT      myiic.o
    0x08003ddc   0x08003ddc   0x00000054   Code   RO          560    i.IIC3_Send_Byte    myiic.o
    0x08003e30   0x08003e30   0x00000030   Code   RO          561    i.IIC3_Start        myiic.o
    0x08003e60   0x08003e60   0x00000030   Code   RO          562    i.IIC3_Stop         myiic.o
    0x08003e90   0x08003e90   0x00000044   Code   RO          563    i.IIC3_Wait_Ack     myiic.o
    0x08003ed4   0x08003ed4   0x0000002c   Code   RO          568    i.IIC4_SDA_IN       myiic.o
    0x08003f00   0x08003f00   0x0000002c   Code   RO          569    i.IIC4_SDA_OUT      myiic.o
    0x08003f2c   0x08003f2c   0x00000054   Code   RO          570    i.IIC4_Send_Byte    myiic.o
    0x08003f80   0x08003f80   0x00000030   Code   RO          571    i.IIC4_Start        myiic.o
    0x08003fb0   0x08003fb0   0x00000030   Code   RO          572    i.IIC4_Stop         myiic.o
    0x08003fe0   0x08003fe0   0x00000044   Code   RO          573    i.IIC4_Wait_Ack     myiic.o
    0x08004024   0x08004024   0x0000002c   Code   RO          574    i.IIC_Ack           myiic.o
    0x08004050   0x08004050   0x0000002c   Code   RO          576    i.IIC_NAck          myiic.o
    0x0800407c   0x0800407c   0x0000005c   Code   RO          577    i.IIC_Read_Byte     myiic.o
    0x080040d8   0x080040d8   0x0000002c   Code   RO          578    i.IIC_SDA_IN        myiic.o
    0x08004104   0x08004104   0x0000002c   Code   RO          579    i.IIC_SDA_OUT       myiic.o
    0x08004130   0x08004130   0x00000054   Code   RO          580    i.IIC_Send_Byte     myiic.o
    0x08004184   0x08004184   0x00000030   Code   RO          581    i.IIC_Start         myiic.o
    0x080041b4   0x080041b4   0x00000030   Code   RO          582    i.IIC_Stop          myiic.o
    0x080041e4   0x080041e4   0x00000044   Code   RO          583    i.IIC_Wait_Ack      myiic.o
    0x08004228   0x08004228   0x0000029c   Code   RO         1174    i.ILI9341_init      ili9341.o
    0x080044c4   0x080044c4   0x000000ec   Code   RO          849    i.IO_Dispose        dispose.o
    0x080045b0   0x080045b0   0x00000030   Code   RO          977    i.ISENX_IN_OFF      deploy.o
    0x080045e0   0x080045e0   0x00000030   Code   RO          978    i.ISENX_IN_ON       deploy.o
    0x08004610   0x08004610   0x00000020   Code   RO         4885    i.LCD_AA_MixColors  STemWin522_CM3_Keil.lib(lcd_aa.o)
    0x08004630   0x08004630   0x0000003a   Code   RO         1175    i.LCD_Address_Set   ili9341.o
    0x0800466a   0x0800466a   0x00000002   PAD
    0x0800466c   0x0800466c   0x0000001c   Code   RO         4605    i.LCD_Color2Index   STemWin522_CM3_Keil.lib(lcd.o)
    0x08004688   0x08004688   0x00000208   Code   RO         4606    i.LCD_DrawBitmap    STemWin522_CM3_Keil.lib(lcd.o)
    0x08004890   0x08004890   0x00000058   Code   RO         4607    i.LCD_DrawHLine     STemWin522_CM3_Keil.lib(lcd.o)
    0x080048e8   0x080048e8   0x00000068   Code   RO         4608    i.LCD_DrawPixel     STemWin522_CM3_Keil.lib(lcd.o)
    0x08004950   0x08004950   0x00000016   Code   RO         1177    i.LCD_DrawPoint     ili9341.o
    0x08004966   0x08004966   0x00000002   PAD
    0x08004968   0x08004968   0x00000054   Code   RO         4609    i.LCD_DrawVLine     STemWin522_CM3_Keil.lib(lcd.o)
    0x080049bc   0x080049bc   0x0000003e   Code   RO         1179    i.LCD_Fill          ili9341.o
    0x080049fa   0x080049fa   0x00000002   PAD
    0x080049fc   0x080049fc   0x00000058   Code   RO         4610    i.LCD_FillRect      STemWin522_CM3_Keil.lib(lcd.o)
    0x08004a54   0x08004a54   0x00000006   Code   RO         4220    i.LCD_GetBitsPerPixelEx  STemWin522_CM3_Keil.lib(lcd_getex.o)
    0x08004a5a   0x08004a5a   0x00000002   PAD
    0x08004a5c   0x08004a5c   0x00000010   Code   RO         4658    i.LCD_GetBkColorIndex  STemWin522_CM3_Keil.lib(lcd_getcolorindex.o)
    0x08004a6c   0x08004a6c   0x00000010   Code   RO         4659    i.LCD_GetColorIndex  STemWin522_CM3_Keil.lib(lcd_getcolorindex.o)
    0x08004a7c   0x08004a7c   0x00000010   Code   RO         4227    i.LCD_GetNumColors  STemWin522_CM3_Keil.lib(lcd_getex.o)
    0x08004a8c   0x08004a8c   0x00000006   Code   RO         4228    i.LCD_GetNumColorsEx  STemWin522_CM3_Keil.lib(lcd_getex.o)
    0x08004a92   0x08004a92   0x0000001a   Code   RO         4896    i.LCD_GetNumLayers  STemWin522_CM3_Keil.lib(lcd_getnumdisplays.o)
    0x08004aac   0x08004aac   0x00000010   Code   RO         4229    i.LCD_GetPalette    STemWin522_CM3_Keil.lib(lcd_getex.o)
    0x08004abc   0x08004abc   0x00000018   Code   RO         4230    i.LCD_GetPaletteEx  STemWin522_CM3_Keil.lib(lcd_getex.o)
    0x08004ad4   0x08004ad4   0x0000000e   Code   RO         4898    i.LCD_GetPixelColor  STemWin522_CM3_Keil.lib(lcd_getpixelcolor.o)
    0x08004ae2   0x08004ae2   0x00000002   PAD
    0x08004ae4   0x08004ae4   0x00000060   Code   RO         5207    i.LCD_GetPixelIndex  STemWin522_CM3_Keil.lib(lcd_getp.o)
    0x08004b44   0x08004b44   0x00000004   Code   RO         4644    i.LCD_GetpPalConvTableBM  STemWin522_CM3_Keil.lib(lcd_color.o)
    0x08004b48   0x08004b48   0x00000048   Code   RO         4645    i.LCD_GetpPalConvTableUncached  STemWin522_CM3_Keil.lib(lcd_color.o)
    0x08004b90   0x08004b90   0x0000001c   Code   RO         4611    i.LCD_Index2Color   STemWin522_CM3_Keil.lib(lcd.o)
    0x08004bac   0x08004bac   0x00000002   Code   RO         4601    i.LCD_Index2Color_8888  STemWin522_CM3_Keil.lib(guicc_8888_index2color.o)
    0x08004bae   0x08004bae   0x00000002   PAD
    0x08004bb0   0x08004bb0   0x0000002c   Code   RO         4603    i.LCD_Index2Color_M565  STemWin522_CM3_Keil.lib(guicc_m565_index2color.o)
    0x08004bdc   0x08004bdc   0x00000034   Code   RO         4646    i.LCD_InitColors    STemWin522_CM3_Keil.lib(lcd_color.o)
    0x08004c10   0x08004c10   0x00000070   Code   RO         4647    i.LCD_InitLUT       STemWin522_CM3_Keil.lib(lcd_color.o)
    0x08004c80   0x08004c80   0x00000044   Code   RO         5434    i.LCD_SelectLCD     STemWin522_CM3_Keil.lib(lcd_selectlcd.o)
    0x08004cc4   0x08004cc4   0x0000000c   Code   RO         4612    i.LCD_SetBkColor    STemWin522_CM3_Keil.lib(lcd.o)
    0x08004cd0   0x08004cd0   0x00000018   Code   RO         4613    i.LCD_SetBkColorIndex  STemWin522_CM3_Keil.lib(lcd.o)
    0x08004ce8   0x08004ce8   0x00000030   Code   RO         4924    i.LCD_SetClipRectEx  STemWin522_CM3_Keil.lib(lcd_setcliprectex.o)
    0x08004d18   0x08004d18   0x0000001c   Code   RO         4614    i.LCD_SetClipRectMax  STemWin522_CM3_Keil.lib(lcd.o)
    0x08004d34   0x08004d34   0x0000000c   Code   RO         4615    i.LCD_SetColor      STemWin522_CM3_Keil.lib(lcd.o)
    0x08004d40   0x08004d40   0x00000018   Code   RO         4616    i.LCD_SetColorIndex  STemWin522_CM3_Keil.lib(lcd.o)
    0x08004d58   0x08004d58   0x0000000c   Code   RO         4617    i.LCD_SetDrawMode   STemWin522_CM3_Keil.lib(lcd.o)
    0x08004d64   0x08004d64   0x0000002c   Code   RO         4315    i.LCD_SetLUTEntryEx  STemWin522_CM3_Keil.lib(lcd_set.o)
    0x08004d90   0x08004d90   0x00000088   Code   RO         4887    i.LCD_SetPixelAA    STemWin522_CM3_Keil.lib(lcd_aa.o)
    0x08004e18   0x08004e18   0x00000098   Code   RO         4889    i.LCD_SetPixelAA_Xor  STemWin522_CM3_Keil.lib(lcd_aa.o)
    0x08004eb0   0x08004eb0   0x0000002c   Code   RO         4319    i.LCD_SetSizeEx     STemWin522_CM3_Keil.lib(lcd_set.o)
    0x08004edc   0x08004edc   0x0000002c   Code   RO         4323    i.LCD_SetVSizeEx    STemWin522_CM3_Keil.lib(lcd_set.o)
    0x08004f08   0x08004f08   0x00000024   Code   RO         5211    i.LCD_UpdateColorIndices  STemWin522_CM3_Keil.lib(lcd_updatecolorindices.o)
    0x08004f2c   0x08004f2c   0x00000014   Code   RO         1190    i.LCD_WR_DATA       ili9341.o
    0x08004f40   0x08004f40   0x00000028   Code   RO         1192    i.LCD_WR_REG        ili9341.o
    0x08004f68   0x08004f68   0x0000005c   Code   RO         1193    i.LCD_Writ_Bus      ili9341.o
    0x08004fc4   0x08004fc4   0x00000034   Code   RO         3875    i.LCD_X_Config      lcdconf_flexcolor_template.o
    0x08004ff8   0x08004ff8   0x0000000e   Code   RO         3876    i.LCD_X_DisplayDriver  lcdconf_flexcolor_template.o
    0x08005006   0x08005006   0x0000005c   Code   RO         4251    i.LCD__GetBPP       STemWin522_CM3_Keil.lib(lcd_getex.o)
    0x08005062   0x08005062   0x00000032   Code   RO         1504    i.MCU_Write_ADC1_Process  xmos_adc.o
    0x08005094   0x08005094   0x000000ba   Code   RO            1    i.MICX_CON_Init     main.o
    0x0800514e   0x0800514e   0x00000002   PAD
    0x08005150   0x08005150   0x00000074   Code   RO          979    i.MICX_CON_OFF      deploy.o
    0x080051c4   0x080051c4   0x00000074   Code   RO          980    i.MICX_CON_ON       deploy.o
    0x08005238   0x08005238   0x00000074   Code   RO          981    i.MICX_PRT_OFF      deploy.o
    0x080052ac   0x080052ac   0x00000074   Code   RO          982    i.MICX_PRT_ON       deploy.o
    0x08005320   0x08005320   0x00000002   Code   RO          304    i.MemManage_Handler  stm32f10x_it.o
    0x08005322   0x08005322   0x00000002   Code   RO          305    i.NMI_Handler       stm32f10x_it.o
    0x08005324   0x08005324   0x00000064   Code   RO         1853    i.NVIC_Init         misc.o
    0x08005388   0x08005388   0x00000254   Code   RO          850    i.P642_Data_Init    dispose.o
    0x080055dc   0x080055dc   0x0000002a   Code   RO          851    i.P646_Action       dispose.o
    0x08005606   0x08005606   0x00000002   PAD
    0x08005608   0x08005608   0x0000003c   Code   RO            2    i.P646_Init         main.o
    0x08005644   0x08005644   0x000005cc   Code   RO         1604    i.PC_CMD_CTL        usart.o
    0x08005c10   0x08005c10   0x000000b0   Code   RO         1605    i.PC_CMD_PRO        usart.o
    0x08005cc0   0x08005cc0   0x00000002   Code   RO          306    i.PendSV_Handler    stm32f10x_it.o
    0x08005cc2   0x08005cc2   0x00000002   PAD
    0x08005cc4   0x08005cc4   0x00000014   Code   RO         2003    i.RCC_ADCCLKConfig  stm32f10x_rcc.o
    0x08005cd8   0x08005cd8   0x00000018   Code   RO         2004    i.RCC_AHBPeriphClockCmd  stm32f10x_rcc.o
    0x08005cf0   0x08005cf0   0x00000018   Code   RO         2005    i.RCC_APB1PeriphClockCmd  stm32f10x_rcc.o
    0x08005d08   0x08005d08   0x00000018   Code   RO         2007    i.RCC_APB2PeriphClockCmd  stm32f10x_rcc.o
    0x08005d20   0x08005d20   0x00000018   Code   RO         2008    i.RCC_APB2PeriphResetCmd  stm32f10x_rcc.o
    0x08005d38   0x08005d38   0x00000090   Code   RO         2015    i.RCC_GetClocksFreq  stm32f10x_rcc.o
    0x08005dc8   0x08005dc8   0x0000001a   Code   RO          493    i.STMFLASH_Read     stmflash.o
    0x08005de2   0x08005de2   0x00000002   PAD
    0x08005de4   0x08005de4   0x000000c4   Code   RO          495    i.STMFLASH_Write    stmflash.o
    0x08005ea8   0x08005ea8   0x00000028   Code   RO          496    i.STMFLASH_Write_NoCheck  stmflash.o
    0x08005ed0   0x08005ed0   0x00000002   Code   RO          307    i.SVC_Handler       stm32f10x_it.o
    0x08005ed2   0x08005ed2   0x00000002   PAD
    0x08005ed4   0x08005ed4   0x000000a8   Code   RO          396    i.SetSysClockTo72   system_stm32f10x.o
    0x08005f7c   0x08005f7c   0x00000018   Code   RO         1857    i.SysTick_CLKSourceConfig  misc.o
    0x08005f94   0x08005f94   0x00000002   Code   RO          308    i.SysTick_Handler   stm32f10x_it.o
    0x08005f96   0x08005f96   0x00000002   PAD
    0x08005f98   0x08005f98   0x00000050   Code   RO          398    i.SystemInit        system_stm32f10x.o
    0x08005fe8   0x08005fe8   0x00000094   Code   RO         1423    i.TCA6424_Init      tca6424a.o
    0x0800607c   0x0800607c   0x00000098   Code   RO          983    i.TCA6424_Port      deploy.o
    0x08006114   0x08006114   0x00000124   Code   RO          467    i.TIM3_IRQHandler   timer.o
    0x08006238   0x08006238   0x00000064   Code   RO          468    i.TIM3_Int_Init     timer.o
    0x0800629c   0x0800629c   0x00000006   Code   RO         3028    i.TIM_ClearITPendingBit  stm32f10x_tim.o
    0x080062a2   0x080062a2   0x00000014   Code   RO         3033    i.TIM_Cmd           stm32f10x_tim.o
    0x080062b6   0x080062b6   0x00000018   Code   RO         3054    i.TIM_GetITStatus   stm32f10x_tim.o
    0x080062ce   0x080062ce   0x00000010   Code   RO         3058    i.TIM_ITConfig      stm32f10x_tim.o
    0x080062de   0x080062de   0x00000002   PAD
    0x080062e0   0x080062e0   0x0000009c   Code   RO         3104    i.TIM_TimeBaseInit  stm32f10x_tim.o
    0x0800637c   0x0800637c   0x00000048   Code   RO         1606    i.UART4_IRQHandler  usart.o
    0x080063c4   0x080063c4   0x00000014   Code   RO         2207    i.USART_Cmd         stm32f10x_usart.o
    0x080063d8   0x080063d8   0x0000003e   Code   RO         2211    i.USART_GetITStatus  stm32f10x_usart.o
    0x08006416   0x08006416   0x00000030   Code   RO         2213    i.USART_ITConfig    stm32f10x_usart.o
    0x08006446   0x08006446   0x00000002   PAD
    0x08006448   0x08006448   0x000000ac   Code   RO         2214    i.USART_Init        stm32f10x_usart.o
    0x080064f4   0x080064f4   0x00000008   Code   RO         2221    i.USART_ReceiveData  stm32f10x_usart.o
    0x080064fc   0x080064fc   0x00000002   Code   RO          309    i.UsageFault_Handler  stm32f10x_it.o
    0x080064fe   0x080064fe   0x00000002   PAD
    0x08006500   0x08006500   0x00000010   Code   RO         4662    i.WM_Activate       STemWin522_CM3_Keil.lib(wm.o)
    0x08006510   0x08006510   0x0000007e   Code   RO         4977    i.WM_BringToBottom  STemWin522_CM3_Keil.lib(wm_bringtobottom.o)
    0x0800658e   0x0800658e   0x00000002   PAD
    0x08006590   0x08006590   0x0000014c   Code   RO         4664    i.WM_CreateWindowAsChild  STemWin522_CM3_Keil.lib(wm.o)
    0x080066dc   0x080066dc   0x00000046   Code   RO         4666    i.WM_DefaultProc    STemWin522_CM3_Keil.lib(wm.o)
    0x08006722   0x08006722   0x00000002   PAD
    0x08006724   0x08006724   0x00000018   Code   RO         4775    i.WM_GetDesktopWindow  STemWin522_CM3_Keil.lib(wm_getdesktopwindow.o)
    0x0800673c   0x0800673c   0x0000000e   Code   RO         4989    i.WM_GetFirstChild  STemWin522_CM3_Keil.lib(wm_getfirstchild.o)
    0x0800674a   0x0800674a   0x0000000e   Code   RO         5310    i.WM_GetParent      STemWin522_CM3_Keil.lib(wm_getparent.o)
    0x08006758   0x08006758   0x000000d4   Code   RO         4670    i.WM_Init           STemWin522_CM3_Keil.lib(wm.o)
    0x0800682c   0x0800682c   0x00000076   Code   RO         4671    i.WM_InvalidateRect  STemWin522_CM3_Keil.lib(wm.o)
    0x080068a2   0x080068a2   0x00000006   Code   RO         4672    i.WM_InvalidateWindow  STemWin522_CM3_Keil.lib(wm.o)
    0x080068a8   0x080068a8   0x0000005e   Code   RO         4673    i.WM_InvalidateWindowAndDescsEx  STemWin522_CM3_Keil.lib(wm.o)
    0x08006906   0x08006906   0x00000002   PAD
    0x08006908   0x08006908   0x0000003c   Code   RO         4674    i.WM_SelectWindow   STemWin522_CM3_Keil.lib(wm.o)
    0x08006944   0x08006944   0x0000001e   Code   RO         4995    i.WM_SendToParent   STemWin522_CM3_Keil.lib(wm_sendtoparent.o)
    0x08006962   0x08006962   0x00000002   PAD
    0x08006964   0x08006964   0x00000048   Code   RO         4677    i.WM__ActivateClipRect  STemWin522_CM3_Keil.lib(wm.o)
    0x080069ac   0x080069ac   0x00000010   Code   RO         4979    i.WM__AddCriticalHandle  STemWin522_CM3_Keil.lib(wm_criticalhandle.o)
    0x080069bc   0x080069bc   0x00000010   Code   RO         4678    i.WM__Client2Screen  STemWin522_CM3_Keil.lib(wm.o)
    0x080069cc   0x080069cc   0x0000004e   Code   RO         4679    i.WM__ClipAtParentBorders  STemWin522_CM3_Keil.lib(wm.o)
    0x08006a1a   0x08006a1a   0x00000020   Code   RO         4985    i.WM__GetClientRectEx  STemWin522_CM3_Keil.lib(wm_getclientrect.o)
    0x08006a3a   0x08006a3a   0x00000018   Code   RO         4682    i.WM__GetClientRectWin  STemWin522_CM3_Keil.lib(wm.o)
    0x08006a52   0x08006a52   0x00000012   Code   RO         5438    i.WM__GetFirstSibling  STemWin522_CM3_Keil.lib(wm__getfirstsibling.o)
    0x08006a64   0x08006a64   0x00000040   Code   RO         4683    i.WM__GetNextIVR    STemWin522_CM3_Keil.lib(wm.o)
    0x08006aa4   0x08006aa4   0x00000024   Code   RO         5298    i.WM__GetPrevSibling  STemWin522_CM3_Keil.lib(wm__getprevsibling.o)
    0x08006ac8   0x08006ac8   0x00000018   Code   RO         4684    i.WM__GetTopLevelLayer  STemWin522_CM3_Keil.lib(wm.o)
    0x08006ae0   0x08006ae0   0x000000f0   Code   RO         4685    i.WM__InitIVRSearch  STemWin522_CM3_Keil.lib(wm.o)
    0x08006bd0   0x08006bd0   0x000000a4   Code   RO         4686    i.WM__InsertWindowIntoList  STemWin522_CM3_Keil.lib(wm.o)
    0x08006c74   0x08006c74   0x00000006   Code   RO         4687    i.WM__Invalidate1Abs  STemWin522_CM3_Keil.lib(wm.o)
    0x08006c7a   0x08006c7a   0x00000046   Code   RO         4688    i.WM__InvalidateDrawAndDescs  STemWin522_CM3_Keil.lib(wm.o)
    0x08006cc0   0x08006cc0   0x00000076   Code   RO         4690    i.WM__InvalidateRect  STemWin522_CM3_Keil.lib(wm.o)
    0x08006d36   0x08006d36   0x00000006   Code   RO         4691    i.WM__InvalidateRectEx  STemWin522_CM3_Keil.lib(wm.o)
    0x08006d3c   0x08006d3c   0x00000020   Code   RO         4696    i.WM__RectIsNZ      STemWin522_CM3_Keil.lib(wm.o)
    0x08006d5c   0x08006d5c   0x00000014   Code   RO         4699    i.WM__SelectTopLevelLayer  STemWin522_CM3_Keil.lib(wm.o)
    0x08006d70   0x08006d70   0x0000003c   Code   RO         4974    i.WM__SendMessage   STemWin522_CM3_Keil.lib(wm__sendmessage.o)
    0x08006dac   0x08006dac   0x0000000e   Code   RO         4700    i.WM__SendMsgNoData  STemWin522_CM3_Keil.lib(wm.o)
    0x08006dba   0x08006dba   0x00000002   PAD
    0x08006dbc   0x08006dbc   0x00000050   Code   RO            3    i.XMOS_RST          main.o
    0x08006e0c   0x08006e0c   0x00000078   Code   RO         4063    i._AddFreeMemory    STemWin522_CM3_Keil.lib(gui_alloc.o)
    0x08006e84   0x08006e84   0x000000bc   Code   RO         4064    i._Alloc            STemWin522_CM3_Keil.lib(gui_alloc.o)
    0x08006f40   0x08006f40   0x00000004   Code   RO         4580    i._CalcSizeOfChar   STemWin522_CM3_Keil.lib(gui_uc_encodenone.o)
    0x08006f44   0x08006f44   0x00000048   Code   RO         4030    i._Color2IndexBulk  STemWin522_CM3_Keil.lib(guicc_m565.o)
    0x08006f8c   0x08006f8c   0x00000054   Code   RO         4874    i._Color2Index_0    STemWin522_CM3_Keil.lib(guicc_0.o)
    0x08006fe0   0x08006fe0   0x00000028   Code   RO         4031    i._Color2Index_M565  STemWin522_CM3_Keil.lib(guicc_m565.o)
    0x08007008   0x08007008   0x00000020   Code   RO         4702    i._DesktopHandle2Index  STemWin522_CM3_Keil.lib(wm.o)
    0x08007028   0x08007028   0x00000074   Code   RO         4510    i._DispLine         STemWin522_CM3_Keil.lib(gui_charline.o)
    0x0800709c   0x0800709c   0x000000b0   Code   RO         4181    i._DoClipping       STemWin522_CM3_Keil.lib(gui_drawbitmap_8888.o)
    0x0800714c   0x0800714c   0x000000c0   Code   RO         3703    i._DrawBitLine1BPP  guidrv_template.o
    0x0800720c   0x0800720c   0x00000114   Code   RO         3704    i._DrawBitLine2BPP  guidrv_template.o
    0x08007320   0x08007320   0x00000114   Code   RO         3705    i._DrawBitLine4BPP  guidrv_template.o
    0x08007434   0x08007434   0x0000009c   Code   RO         3706    i._DrawBitLine8BPP  guidrv_template.o
    0x080074d0   0x080074d0   0x00000148   Code   RO         3707    i._DrawBitmap       guidrv_template.o
    0x08007618   0x08007618   0x0000029c   Code   RO         4182    i._DrawBitmap       STemWin522_CM3_Keil.lib(gui_drawbitmap_8888.o)
    0x080078b4   0x080078b4   0x00000098   Code   RO         4183    i._DrawBitmapHW     STemWin522_CM3_Keil.lib(gui_drawbitmap_8888.o)
    0x0800794c   0x0800794c   0x0000000c   Code   RO         4184    i._DrawBitmapHW_8888  STemWin522_CM3_Keil.lib(gui_drawbitmap_8888.o)
    0x08007958   0x08007958   0x0000001c   Code   RO         4185    i._DrawBitmap_8888  STemWin522_CM3_Keil.lib(gui_drawbitmap_8888.o)
    0x08007974   0x08007974   0x000000a0   Code   RO         4460    i._DrawCharAA4_NoTrans  STemWin522_CM3_Keil.lib(guiaa_char4.o)
    0x08007a14   0x08007a14   0x0000006a   Code   RO         4461    i._DrawCharAA4_Trans  STemWin522_CM3_Keil.lib(guiaa_char4.o)
    0x08007a7e   0x08007a7e   0x0000017a   Code   RO         4196    i._DrawGradient     STemWin522_CM3_Keil.lib(gui_drawgradient.o)
    0x08007bf8   0x08007bf8   0x0000000a   Code   RO         3708    i._DrawHLine        guidrv_template.o
    0x08007c02   0x08007c02   0x0000000c   Code   RO         3709    i._DrawVLine        guidrv_template.o
    0x08007c0e   0x08007c0e   0x00000006   Code   RO         4581    i._Encode           STemWin522_CM3_Keil.lib(gui_uc_encodenone.o)
    0x08007c14   0x08007c14   0x00000094   Code   RO         4065    i._EnlargeBlocks    STemWin522_CM3_Keil.lib(gui_alloc.o)
    0x08007ca8   0x08007ca8   0x00000028   Code   RO         3710    i._FillRect         guidrv_template.o
    0x08007cd0   0x08007cd0   0x00000148   Code   RO         4705    i._FindNext_IVR     STemWin522_CM3_Keil.lib(wm.o)
    0x08007e18   0x08007e18   0x0000007c   Code   RO         4706    i._Findx0           STemWin522_CM3_Keil.lib(wm.o)
    0x08007e94   0x08007e94   0x00000072   Code   RO         4707    i._Findx1           STemWin522_CM3_Keil.lib(wm.o)
    0x08007f06   0x08007f06   0x000000a2   Code   RO         4708    i._Findy1           STemWin522_CM3_Keil.lib(wm.o)
    0x08007fa8   0x08007fa8   0x00000004   Code   RO         4582    i._GetCharCode      STemWin522_CM3_Keil.lib(gui_uc_encodenone.o)
    0x08007fac   0x08007fac   0x00000004   Code   RO         4583    i._GetCharSize      STemWin522_CM3_Keil.lib(gui_uc_encodenone.o)
    0x08007fb0   0x08007fb0   0x00000004   Code   RO         3711    i._GetDevData       guidrv_template.o
    0x08007fb4   0x08007fb4   0x00000050   Code   RO         3712    i._GetDevFunc       guidrv_template.o
    0x08008004   0x08008004   0x0000003c   Code   RO         3713    i._GetDevProp       guidrv_template.o
    0x08008040   0x08008040   0x0000001e   Code   RO         4253    i._GetDevProp       STemWin522_CM3_Keil.lib(lcd_getex.o)
    0x0800805e   0x0800805e   0x00000052   Code   RO         4875    i._GetIndexMask_0   STemWin522_CM3_Keil.lib(guicc_0.o)
    0x080080b0   0x080080b0   0x00000006   Code   RO         4032    i._GetIndexMask_M565  STemWin522_CM3_Keil.lib(guicc_m565.o)
    0x080080b6   0x080080b6   0x00000002   PAD
    0x080080b8   0x080080b8   0x0000001c   Code   RO         4066    i._GetMinIndex      STemWin522_CM3_Keil.lib(gui_alloc.o)
    0x080080d4   0x080080d4   0x00000004   Code   RO         3714    i._GetPixelIndex    guidrv_template.o
    0x080080d8   0x080080d8   0x00000016   Code   RO         3715    i._GetRect          guidrv_template.o
    0x080080ee   0x080080ee   0x00000002   PAD
    0x080080f0   0x080080f0   0x00000010   Code   RO         4550    i._GotoX            STemWin522_CM3_Keil.lib(gui_goto.o)
    0x08008100   0x08008100   0x00000010   Code   RO         4551    i._GotoY            STemWin522_CM3_Keil.lib(gui_goto.o)
    0x08008110   0x08008110   0x00000058   Code   RO         4033    i._Index2ColorBulk  STemWin522_CM3_Keil.lib(guicc_m565.o)
    0x08008168   0x08008168   0x00000020   Code   RO         4876    i._Index2Color_0    STemWin522_CM3_Keil.lib(guicc_0.o)
    0x08008188   0x08008188   0x00000018   Code   RO         3716    i._Init             guidrv_template.o
    0x080081a0   0x080081a0   0x00000070   Code   RO         4131    i._InitContext      STemWin522_CM3_Keil.lib(gui_core.o)
    0x08008210   0x08008210   0x0000002a   Code   RO         3717    i._InitOnce         guidrv_template.o
    0x0800823a   0x0800823a   0x00000002   PAD
    0x0800823c   0x0800823c   0x000000a4   Code   RO         4067    i._InitOnce         STemWin522_CM3_Keil.lib(gui_alloc.o)
    0x080082e0   0x080082e0   0x00000080   Code   RO         4709    i._Invalidate1Abs   STemWin522_CM3_Keil.lib(wm.o)
    0x08008360   0x08008360   0x00000002   Code   RO         4511    i._Log2VisBuffered  STemWin522_CM3_Keil.lib(gui_charline.o)
    0x08008362   0x08008362   0x0000000a   Code   RO         3718    i._Off              guidrv_template.o
    0x0800836c   0x0800836c   0x0000000a   Code   RO         3719    i._On               guidrv_template.o
    0x08008376   0x08008376   0x00000002   PAD
    0x08008378   0x08008378   0x00000034   Code   RO         4068    i._OnExit           STemWin522_CM3_Keil.lib(gui_alloc.o)
    0x080083ac   0x080083ac   0x0000002c   Code   RO         4132    i._OnExit           STemWin522_CM3_Keil.lib(gui_core.o)
    0x080083d8   0x080083d8   0x00000014   Code   RO         4649    i._OnExit           STemWin522_CM3_Keil.lib(lcd_color.o)
    0x080083ec   0x080083ec   0x00000034   Code   RO         4710    i._OnExit           STemWin522_CM3_Keil.lib(wm.o)
    0x08008420   0x08008420   0x00000040   Code   RO         4069    i._PopFreeBlock     STemWin522_CM3_Keil.lib(gui_alloc.o)
    0x08008460   0x08008460   0x00000024   Code   RO         4070    i._PushFreeBlock    STemWin522_CM3_Keil.lib(gui_alloc.o)
    0x08008484   0x08008484   0x00000034   Code   RO         4071    i._RemoveFreeBlock  STemWin522_CM3_Keil.lib(gui_alloc.o)
    0x080084b8   0x080084b8   0x000000a0   Code   RO         4072    i._RemoveHoles      STemWin522_CM3_Keil.lib(gui_alloc.o)
    0x08008558   0x08008558   0x00000020   Code   RO         4619    i._SetBkColor       STemWin522_CM3_Keil.lib(lcd.o)
    0x08008578   0x08008578   0x0000004c   Code   RO         4714    i._SetClipRectUserIntersect  STemWin522_CM3_Keil.lib(wm.o)
    0x080085c4   0x080085c4   0x00000020   Code   RO         4620    i._SetColor         STemWin522_CM3_Keil.lib(lcd.o)
    0x080085e4   0x080085e4   0x0000002c   Code   RO         4621    i._SetDrawMode      STemWin522_CM3_Keil.lib(lcd.o)
    0x08008610   0x08008610   0x00000018   Code   RO         3720    i._SetLUTEntry      guidrv_template.o
    0x08008628   0x08008628   0x00000012   Code   RO         3721    i._SetOrg           guidrv_template.o
    0x0800863a   0x0800863a   0x00000012   Code   RO         3722    i._SetPixelIndex    guidrv_template.o
    0x0800864c   0x0800864c   0x00000036   Code   RO         3723    i._SetSize          guidrv_template.o
    0x08008682   0x08008682   0x00000026   Code   RO         3724    i._SetVRAMAddr      guidrv_template.o
    0x080086a8   0x080086a8   0x0000001a   Code   RO         3725    i._SetVSize         guidrv_template.o
    0x080086c2   0x080086c2   0x00000002   PAD
    0x080086c4   0x080086c4   0x000000ea   Code   RO         4073    i._TestRAM          STemWin522_CM3_Keil.lib(gui_alloc.o)
    0x080087ae   0x080087ae   0x00000002   PAD
    0x080087b0   0x080087b0   0x00000030   Code   RO         4161    i._UnlinkDevice     STemWin522_CM3_Keil.lib(gui_device.o)
    0x080087e0   0x080087e0   0x0000000e   Code   RO         4074    i._WriteTagData     STemWin522_CM3_Keil.lib(gui_alloc.o)
    0x080087ee   0x080087ee   0x0000001e   Code   RO         3726    i._XorPixel         guidrv_template.o
    0x0800880c   0x0800880c   0x00000020   Code   RO         5613    i.__0printf$5       mc_w.l(printf5.o)
    0x0800882c   0x0800882c   0x0000000e   Code   RO         5798    i.__scatterload_copy  mc_w.l(handlers.o)
    0x0800883a   0x0800883a   0x00000002   Code   RO         5799    i.__scatterload_null  mc_w.l(handlers.o)
    0x0800883c   0x0800883c   0x0000000e   Code   RO         5800    i.__scatterload_zeroinit  mc_w.l(handlers.o)
    0x0800884a   0x0800884a   0x00000002   PAD
    0x0800884c   0x0800884c   0x000002c0   Code   RO         5620    i._printf_core      mc_w.l(printf5.o)
    0x08008b0c   0x08008b0c   0x00000050   Code   RO         4716    i.cbBackWin         STemWin522_CM3_Keil.lib(wm.o)
    0x08008b5c   0x08008b5c   0x0000001a   Code   RO         1608    i.cmh_memcpyn       usart.o
    0x08008b76   0x08008b76   0x0000001c   Code   RO         1609    i.cmh_strcmp        usart.o
    0x08008b92   0x08008b92   0x00000002   PAD
    0x08008b94   0x08008b94   0x0000003c   Code   RO         1564    i.delay_init        delay.o
    0x08008bd0   0x08008bd0   0x00000034   Code   RO         1565    i.delay_ms          delay.o
    0x08008c04   0x08008c04   0x00000034   Code   RO         1566    i.delay_us          delay.o
    0x08008c38   0x08008c38   0x0000008a   Code   RO         4622    i.emWin_LCD_Init    STemWin522_CM3_Keil.lib(lcd.o)
    0x08008cc2   0x08008cc2   0x00000002   PAD
    0x08008cc4   0x08008cc4   0x00000018   Code   RO         1610    i.fputc             usart.o
    0x08008cdc   0x08008cdc   0x0000007c   Code   RO            4    i.main              main.o
    0x08008d58   0x08008d58   0x00000028   Code   RO         3959    i.mem_init          malloc.o
    0x08008d80   0x08008d80   0x0000005c   Code   RO         3960    i.mem_malloc        malloc.o
    0x08008ddc   0x08008ddc   0x00000030   Code   RO         3961    i.mem_perused       malloc.o
    0x08008e0c   0x08008e0c   0x0000001c   Code   RO         3963    i.mymalloc          malloc.o
    0x08008e28   0x08008e28   0x0000000e   Code   RO         3965    i.mymemset          malloc.o
    0x08008e36   0x08008e36   0x0000002a   Code   RO         1131    i.pca9554_Cmd       pca9554.o
    0x08008e60   0x08008e60   0x0000002a   Code   RO         1132    i.pca9554_Read      pca9554.o
    0x08008e8a   0x08008e8a   0x00000002   PAD
    0x08008e8c   0x08008e8c   0x00000050   Code   RO         1133    i.pca9554_Read_Process  pca9554.o
    0x08008edc   0x08008edc   0x00000050   Code   RO         1134    i.pca9554_Write_Process  pca9554.o
    0x08008f2c   0x08008f2c   0x00000034   Code   RO         1135    i.pca9554_init      pca9554.o
    0x08008f60   0x08008f60   0x00000034   Code   RO         1728    i.softTimer_config  softtimer.o
    0x08008f94   0x08008f94   0x00000040   Code   RO         1736    i.softTimer_handler5  softtimer.o
    0x08008fd4   0x08008fd4   0x00000048   Code   RO         1741    i.softTimer_updata  softtimer.o
    0x0800901c   0x0800901c   0x00000030   Code   RO         1427    i.tca6424a_1_Write_Process  tca6424a.o
    0x0800904c   0x0800904c   0x00000038   Code   RO         1428    i.tca6424a_1_init   tca6424a.o
    0x08009084   0x08009084   0x0000003a   Code   RO         1429    i.tca6424a_1_read   tca6424a.o
    0x080090be   0x080090be   0x00000030   Code   RO         1433    i.tca6424a_2_Write_Process  tca6424a.o
    0x080090ee   0x080090ee   0x00000002   PAD
    0x080090f0   0x080090f0   0x00000034   Code   RO         1434    i.tca6424a_2_init   tca6424a.o
    0x08009124   0x08009124   0x0000003a   Code   RO         1435    i.tca6424a_2_read   tca6424a.o
    0x0800915e   0x0800915e   0x00000002   PAD
    0x08009160   0x08009160   0x000000a8   Code   RO         1611    i.uart4_init        usart.o
    0x08009208   0x08009208   0x00000034   Code   RO         1505    i.xmos_adc_init     xmos_adc.o
    0x0800923c   0x0800923c   0x0000000c   Data   RO          857    .constdata          dispose.o
    0x08009248   0x08009248   0x00000001   Data   RO         1316    .constdata          weiruan24.o
    0x08009249   0x08009249   0x00000038   Data   RO         1317    .constdata          weiruan24.o
    0x08009281   0x08009281   0x00000014   Data   RO         1318    .constdata          weiruan24.o
    0x08009295   0x08009295   0x00000054   Data   RO         1319    .constdata          weiruan24.o
    0x080092e9   0x080092e9   0x00000066   Data   RO         1320    .constdata          weiruan24.o
    0x0800934f   0x0800934f   0x00000070   Data   RO         1321    .constdata          weiruan24.o
    0x080093bf   0x080093bf   0x00000087   Data   RO         1322    .constdata          weiruan24.o
    0x08009446   0x08009446   0x0000000f   Data   RO         1323    .constdata          weiruan24.o
    0x08009455   0x08009455   0x00000050   Data   RO         1324    .constdata          weiruan24.o
    0x080094a5   0x080094a5   0x00000050   Data   RO         1325    .constdata          weiruan24.o
    0x080094f5   0x080094f5   0x0000001c   Data   RO         1326    .constdata          weiruan24.o
    0x08009511   0x08009511   0x00000032   Data   RO         1327    .constdata          weiruan24.o
    0x08009543   0x08009543   0x00000012   Data   RO         1328    .constdata          weiruan24.o
    0x08009555   0x08009555   0x00000008   Data   RO         1329    .constdata          weiruan24.o
    0x0800955d   0x0800955d   0x00000008   Data   RO         1330    .constdata          weiruan24.o
    0x08009565   0x08009565   0x00000080   Data   RO         1331    .constdata          weiruan24.o
    0x080095e5   0x080095e5   0x00000078   Data   RO         1332    .constdata          weiruan24.o
    0x0800965d   0x0800965d   0x00000038   Data   RO         1333    .constdata          weiruan24.o
    0x08009695   0x08009695   0x00000062   Data   RO         1334    .constdata          weiruan24.o
    0x080096f7   0x080096f7   0x0000005a   Data   RO         1335    .constdata          weiruan24.o
    0x08009751   0x08009751   0x0000004e   Data   RO         1336    .constdata          weiruan24.o
    0x0800979f   0x0800979f   0x00000062   Data   RO         1337    .constdata          weiruan24.o
    0x08009801   0x08009801   0x00000069   Data   RO         1338    .constdata          weiruan24.o
    0x0800986a   0x0800986a   0x0000005b   Data   RO         1339    .constdata          weiruan24.o
    0x080098c5   0x080098c5   0x00000069   Data   RO         1340    .constdata          weiruan24.o
    0x0800992e   0x0800992e   0x0000005a   Data   RO         1341    .constdata          weiruan24.o
    0x08009988   0x08009988   0x00000021   Data   RO         1342    .constdata          weiruan24.o
    0x080099a9   0x080099a9   0x00000034   Data   RO         1343    .constdata          weiruan24.o
    0x080099dd   0x080099dd   0x0000003c   Data   RO         1344    .constdata          weiruan24.o
    0x08009a19   0x08009a19   0x0000002a   Data   RO         1345    .constdata          weiruan24.o
    0x08009a43   0x08009a43   0x0000003c   Data   RO         1346    .constdata          weiruan24.o
    0x08009a7f   0x08009a7f   0x0000004b   Data   RO         1347    .constdata          weiruan24.o
    0x08009aca   0x08009aca   0x00000087   Data   RO         1348    .constdata          weiruan24.o
    0x08009b51   0x08009b51   0x0000005b   Data   RO         1349    .constdata          weiruan24.o
    0x08009bac   0x08009bac   0x0000005b   Data   RO         1350    .constdata          weiruan24.o
    0x08009c07   0x08009c07   0x00000069   Data   RO         1351    .constdata          weiruan24.o
    0x08009c70   0x08009c70   0x00000075   Data   RO         1352    .constdata          weiruan24.o
    0x08009ce5   0x08009ce5   0x0000005b   Data   RO         1353    .constdata          weiruan24.o
    0x08009d40   0x08009d40   0x0000005b   Data   RO         1354    .constdata          weiruan24.o
    0x08009d9b   0x08009d9b   0x00000078   Data   RO         1355    .constdata          weiruan24.o
    0x08009e13   0x08009e13   0x00000068   Data   RO         1356    .constdata          weiruan24.o
    0x08009e7b   0x08009e7b   0x00000034   Data   RO         1357    .constdata          weiruan24.o
    0x08009eaf   0x08009eaf   0x00000054   Data   RO         1358    .constdata          weiruan24.o
    0x08009f03   0x08009f03   0x00000068   Data   RO         1359    .constdata          weiruan24.o
    0x08009f6b   0x08009f6b   0x00000041   Data   RO         1360    .constdata          weiruan24.o
    0x08009fac   0x08009fac   0x00000082   Data   RO         1361    .constdata          weiruan24.o
    0x0800a02e   0x0800a02e   0x00000075   Data   RO         1362    .constdata          weiruan24.o
    0x0800a0a3   0x0800a0a3   0x00000078   Data   RO         1363    .constdata          weiruan24.o
    0x0800a11b   0x0800a11b   0x00000068   Data   RO         1364    .constdata          weiruan24.o
    0x0800a183   0x0800a183   0x00000080   Data   RO         1365    .constdata          weiruan24.o
    0x0800a203   0x0800a203   0x0000005b   Data   RO         1366    .constdata          weiruan24.o
    0x0800a25e   0x0800a25e   0x00000069   Data   RO         1367    .constdata          weiruan24.o
    0x0800a2c7   0x0800a2c7   0x0000004e   Data   RO         1368    .constdata          weiruan24.o
    0x0800a315   0x0800a315   0x00000070   Data   RO         1369    .constdata          weiruan24.o
    0x0800a385   0x0800a385   0x0000005b   Data   RO         1370    .constdata          weiruan24.o
    0x0800a3e0   0x0800a3e0   0x00000082   Data   RO         1371    .constdata          weiruan24.o
    0x0800a462   0x0800a462   0x00000075   Data   RO         1372    .constdata          weiruan24.o
    0x0800a4d7   0x0800a4d7   0x0000004e   Data   RO         1373    .constdata          weiruan24.o
    0x0800a525   0x0800a525   0x00000068   Data   RO         1374    .constdata          weiruan24.o
    0x0800a58d   0x0800a58d   0x00000060   Data   RO         1375    .constdata          weiruan24.o
    0x0800a5ed   0x0800a5ed   0x00000020   Data   RO         1376    .constdata          weiruan24.o
    0x0800a60d   0x0800a60d   0x00000060   Data   RO         1377    .constdata          weiruan24.o
    0x0800a66d   0x0800a66d   0x0000002d   Data   RO         1378    .constdata          weiruan24.o
    0x0800a69a   0x0800a69a   0x0000000a   Data   RO         1379    .constdata          weiruan24.o
    0x0800a6a4   0x0800a6a4   0x00000008   Data   RO         1380    .constdata          weiruan24.o
    0x0800a6ac   0x0800a6ac   0x00000042   Data   RO         1381    .constdata          weiruan24.o
    0x0800a6ee   0x0800a6ee   0x0000005a   Data   RO         1382    .constdata          weiruan24.o
    0x0800a748   0x0800a748   0x00000042   Data   RO         1383    .constdata          weiruan24.o
    0x0800a78a   0x0800a78a   0x00000069   Data   RO         1384    .constdata          weiruan24.o
    0x0800a7f3   0x0800a7f3   0x00000042   Data   RO         1385    .constdata          weiruan24.o
    0x0800a835   0x0800a835   0x00000046   Data   RO         1386    .constdata          weiruan24.o
    0x0800a87b   0x0800a87b   0x00000069   Data   RO         1387    .constdata          weiruan24.o
    0x0800a8e4   0x0800a8e4   0x00000062   Data   RO         1388    .constdata          weiruan24.o
    0x0800a946   0x0800a946   0x00000038   Data   RO         1389    .constdata          weiruan24.o
    0x0800a97e   0x0800a97e   0x00000072   Data   RO         1390    .constdata          weiruan24.o
    0x0800a9f0   0x0800a9f0   0x00000062   Data   RO         1391    .constdata          weiruan24.o
    0x0800aa52   0x0800aa52   0x00000038   Data   RO         1392    .constdata          weiruan24.o
    0x0800aa8a   0x0800aa8a   0x0000005a   Data   RO         1393    .constdata          weiruan24.o
    0x0800aae4   0x0800aae4   0x00000046   Data   RO         1394    .constdata          weiruan24.o
    0x0800ab2a   0x0800ab2a   0x00000042   Data   RO         1395    .constdata          weiruan24.o
    0x0800ab6c   0x0800ab6c   0x00000069   Data   RO         1396    .constdata          weiruan24.o
    0x0800abd5   0x0800abd5   0x00000069   Data   RO         1397    .constdata          weiruan24.o
    0x0800ac3e   0x0800ac3e   0x00000032   Data   RO         1398    .constdata          weiruan24.o
    0x0800ac70   0x0800ac70   0x00000037   Data   RO         1399    .constdata          weiruan24.o
    0x0800aca7   0x0800aca7   0x00000041   Data   RO         1400    .constdata          weiruan24.o
    0x0800ace8   0x0800ace8   0x00000042   Data   RO         1401    .constdata          weiruan24.o
    0x0800ad2a   0x0800ad2a   0x00000032   Data   RO         1402    .constdata          weiruan24.o
    0x0800ad5c   0x0800ad5c   0x00000050   Data   RO         1403    .constdata          weiruan24.o
    0x0800adac   0x0800adac   0x00000046   Data   RO         1404    .constdata          weiruan24.o
    0x0800adf2   0x0800adf2   0x00000069   Data   RO         1405    .constdata          weiruan24.o
    0x0800ae5b   0x0800ae5b   0x0000003c   Data   RO         1406    .constdata          weiruan24.o
    0x0800ae97   0x0800ae97   0x00000050   Data   RO         1407    .constdata          weiruan24.o
    0x0800aee7   0x0800aee7   0x0000005f   Data   RO         1408    .constdata          weiruan24.o
    0x0800af46   0x0800af46   0x00000050   Data   RO         1409    .constdata          weiruan24.o
    0x0800af96   0x0800af96   0x00000018   Data   RO         1410    .constdata          weiruan24.o
    0x0800afae   0x0800afae   0x00000001   Data   RO         1411    .constdata          weiruan24.o
    0x0800afaf   0x0800afaf   0x00000001   PAD
    0x0800afb0   0x0800afb0   0x00000480   Data   RO         1412    .constdata          weiruan24.o
    0x0800b430   0x0800b430   0x0000000c   Data   RO         1413    .constdata          weiruan24.o
    0x0800b43c   0x0800b43c   0x00000024   Data   RO         1414    .constdata          weiruan24.o
    0x0800b460   0x0800b460   0x00000034   Data   RO         3727    .constdata          guidrv_template.o
    0x0800b494   0x0800b494   0x00012c00   Data   RO         3948    .constdata          fbo.o
    0x0801e094   0x0801e094   0x00000014   Data   RO         3949    .constdata          fbo.o
    0x0801e0a8   0x0801e0a8   0x00000018   Data   RO         4034    .constdata          STemWin522_CM3_Keil.lib(guicc_m565.o)
    0x0801e0c0   0x0801e0c0   0x00000008   Data   RO         4134    .constdata          STemWin522_CM3_Keil.lib(gui_core.o)
    0x0801e0c8   0x0801e0c8   0x0000000c   Data   RO         4186    .constdata          STemWin522_CM3_Keil.lib(gui_drawbitmap_8888.o)
    0x0801e0d4   0x0801e0d4   0x0000000c   Data   RO         4203    .constdata          STemWin522_CM3_Keil.lib(gui_encext.o)
    0x0801e0e0   0x0801e0e0   0x00000010   Data   RO         4351    .constdata          STemWin522_CM3_Keil.lib(f16_ascii.o)
    0x0801e0f0   0x0801e0f0   0x00000010   Data   RO         4352    .constdata          STemWin522_CM3_Keil.lib(f16_ascii.o)
    0x0801e100   0x0801e100   0x00000010   Data   RO         4353    .constdata          STemWin522_CM3_Keil.lib(f16_ascii.o)
    0x0801e110   0x0801e110   0x00000010   Data   RO         4354    .constdata          STemWin522_CM3_Keil.lib(f16_ascii.o)
    0x0801e120   0x0801e120   0x00000010   Data   RO         4355    .constdata          STemWin522_CM3_Keil.lib(f16_ascii.o)
    0x0801e130   0x0801e130   0x00000020   Data   RO         4356    .constdata          STemWin522_CM3_Keil.lib(f16_ascii.o)
    0x0801e150   0x0801e150   0x00000020   Data   RO         4357    .constdata          STemWin522_CM3_Keil.lib(f16_ascii.o)
    0x0801e170   0x0801e170   0x00000010   Data   RO         4358    .constdata          STemWin522_CM3_Keil.lib(f16_ascii.o)
    0x0801e180   0x0801e180   0x00000010   Data   RO         4359    .constdata          STemWin522_CM3_Keil.lib(f16_ascii.o)
    0x0801e190   0x0801e190   0x00000010   Data   RO         4360    .constdata          STemWin522_CM3_Keil.lib(f16_ascii.o)
    0x0801e1a0   0x0801e1a0   0x00000010   Data   RO         4361    .constdata          STemWin522_CM3_Keil.lib(f16_ascii.o)
    0x0801e1b0   0x0801e1b0   0x00000010   Data   RO         4362    .constdata          STemWin522_CM3_Keil.lib(f16_ascii.o)
    0x0801e1c0   0x0801e1c0   0x00000010   Data   RO         4363    .constdata          STemWin522_CM3_Keil.lib(f16_ascii.o)
    0x0801e1d0   0x0801e1d0   0x00000010   Data   RO         4364    .constdata          STemWin522_CM3_Keil.lib(f16_ascii.o)
    0x0801e1e0   0x0801e1e0   0x00000010   Data   RO         4365    .constdata          STemWin522_CM3_Keil.lib(f16_ascii.o)
    0x0801e1f0   0x0801e1f0   0x00000010   Data   RO         4366    .constdata          STemWin522_CM3_Keil.lib(f16_ascii.o)
    0x0801e200   0x0801e200   0x00000010   Data   RO         4367    .constdata          STemWin522_CM3_Keil.lib(f16_ascii.o)
    0x0801e210   0x0801e210   0x00000010   Data   RO         4368    .constdata          STemWin522_CM3_Keil.lib(f16_ascii.o)
    0x0801e220   0x0801e220   0x00000010   Data   RO         4369    .constdata          STemWin522_CM3_Keil.lib(f16_ascii.o)
    0x0801e230   0x0801e230   0x00000010   Data   RO         4370    .constdata          STemWin522_CM3_Keil.lib(f16_ascii.o)
    0x0801e240   0x0801e240   0x00000010   Data   RO         4371    .constdata          STemWin522_CM3_Keil.lib(f16_ascii.o)
    0x0801e250   0x0801e250   0x00000010   Data   RO         4372    .constdata          STemWin522_CM3_Keil.lib(f16_ascii.o)
    0x0801e260   0x0801e260   0x00000010   Data   RO         4373    .constdata          STemWin522_CM3_Keil.lib(f16_ascii.o)
    0x0801e270   0x0801e270   0x00000010   Data   RO         4374    .constdata          STemWin522_CM3_Keil.lib(f16_ascii.o)
    0x0801e280   0x0801e280   0x00000010   Data   RO         4375    .constdata          STemWin522_CM3_Keil.lib(f16_ascii.o)
    0x0801e290   0x0801e290   0x00000010   Data   RO         4376    .constdata          STemWin522_CM3_Keil.lib(f16_ascii.o)
    0x0801e2a0   0x0801e2a0   0x00000010   Data   RO         4377    .constdata          STemWin522_CM3_Keil.lib(f16_ascii.o)
    0x0801e2b0   0x0801e2b0   0x00000010   Data   RO         4378    .constdata          STemWin522_CM3_Keil.lib(f16_ascii.o)
    0x0801e2c0   0x0801e2c0   0x00000010   Data   RO         4379    .constdata          STemWin522_CM3_Keil.lib(f16_ascii.o)
    0x0801e2d0   0x0801e2d0   0x00000010   Data   RO         4380    .constdata          STemWin522_CM3_Keil.lib(f16_ascii.o)
    0x0801e2e0   0x0801e2e0   0x00000010   Data   RO         4381    .constdata          STemWin522_CM3_Keil.lib(f16_ascii.o)
    0x0801e2f0   0x0801e2f0   0x00000010   Data   RO         4382    .constdata          STemWin522_CM3_Keil.lib(f16_ascii.o)
    0x0801e300   0x0801e300   0x00000020   Data   RO         4383    .constdata          STemWin522_CM3_Keil.lib(f16_ascii.o)
    0x0801e320   0x0801e320   0x00000020   Data   RO         4384    .constdata          STemWin522_CM3_Keil.lib(f16_ascii.o)
    0x0801e340   0x0801e340   0x00000020   Data   RO         4385    .constdata          STemWin522_CM3_Keil.lib(f16_ascii.o)
    0x0801e360   0x0801e360   0x00000020   Data   RO         4386    .constdata          STemWin522_CM3_Keil.lib(f16_ascii.o)
    0x0801e380   0x0801e380   0x00000020   Data   RO         4387    .constdata          STemWin522_CM3_Keil.lib(f16_ascii.o)
    0x0801e3a0   0x0801e3a0   0x00000020   Data   RO         4388    .constdata          STemWin522_CM3_Keil.lib(f16_ascii.o)
    0x0801e3c0   0x0801e3c0   0x00000010   Data   RO         4389    .constdata          STemWin522_CM3_Keil.lib(f16_ascii.o)
    0x0801e3d0   0x0801e3d0   0x00000020   Data   RO         4390    .constdata          STemWin522_CM3_Keil.lib(f16_ascii.o)
    0x0801e3f0   0x0801e3f0   0x00000020   Data   RO         4391    .constdata          STemWin522_CM3_Keil.lib(f16_ascii.o)
    0x0801e410   0x0801e410   0x00000010   Data   RO         4392    .constdata          STemWin522_CM3_Keil.lib(f16_ascii.o)
    0x0801e420   0x0801e420   0x00000010   Data   RO         4393    .constdata          STemWin522_CM3_Keil.lib(f16_ascii.o)
    0x0801e430   0x0801e430   0x00000020   Data   RO         4394    .constdata          STemWin522_CM3_Keil.lib(f16_ascii.o)
    0x0801e450   0x0801e450   0x00000010   Data   RO         4395    .constdata          STemWin522_CM3_Keil.lib(f16_ascii.o)
    0x0801e460   0x0801e460   0x00000020   Data   RO         4396    .constdata          STemWin522_CM3_Keil.lib(f16_ascii.o)
    0x0801e480   0x0801e480   0x00000020   Data   RO         4397    .constdata          STemWin522_CM3_Keil.lib(f16_ascii.o)
    0x0801e4a0   0x0801e4a0   0x00000020   Data   RO         4398    .constdata          STemWin522_CM3_Keil.lib(f16_ascii.o)
    0x0801e4c0   0x0801e4c0   0x00000020   Data   RO         4399    .constdata          STemWin522_CM3_Keil.lib(f16_ascii.o)
    0x0801e4e0   0x0801e4e0   0x00000020   Data   RO         4400    .constdata          STemWin522_CM3_Keil.lib(f16_ascii.o)
    0x0801e500   0x0801e500   0x00000020   Data   RO         4401    .constdata          STemWin522_CM3_Keil.lib(f16_ascii.o)
    0x0801e520   0x0801e520   0x00000020   Data   RO         4402    .constdata          STemWin522_CM3_Keil.lib(f16_ascii.o)
    0x0801e540   0x0801e540   0x00000010   Data   RO         4403    .constdata          STemWin522_CM3_Keil.lib(f16_ascii.o)
    0x0801e550   0x0801e550   0x00000020   Data   RO         4404    .constdata          STemWin522_CM3_Keil.lib(f16_ascii.o)
    0x0801e570   0x0801e570   0x00000020   Data   RO         4405    .constdata          STemWin522_CM3_Keil.lib(f16_ascii.o)
    0x0801e590   0x0801e590   0x00000020   Data   RO         4406    .constdata          STemWin522_CM3_Keil.lib(f16_ascii.o)
    0x0801e5b0   0x0801e5b0   0x00000010   Data   RO         4407    .constdata          STemWin522_CM3_Keil.lib(f16_ascii.o)
    0x0801e5c0   0x0801e5c0   0x00000020   Data   RO         4408    .constdata          STemWin522_CM3_Keil.lib(f16_ascii.o)
    0x0801e5e0   0x0801e5e0   0x00000010   Data   RO         4409    .constdata          STemWin522_CM3_Keil.lib(f16_ascii.o)
    0x0801e5f0   0x0801e5f0   0x00000010   Data   RO         4410    .constdata          STemWin522_CM3_Keil.lib(f16_ascii.o)
    0x0801e600   0x0801e600   0x00000010   Data   RO         4411    .constdata          STemWin522_CM3_Keil.lib(f16_ascii.o)
    0x0801e610   0x0801e610   0x00000010   Data   RO         4412    .constdata          STemWin522_CM3_Keil.lib(f16_ascii.o)
    0x0801e620   0x0801e620   0x00000010   Data   RO         4413    .constdata          STemWin522_CM3_Keil.lib(f16_ascii.o)
    0x0801e630   0x0801e630   0x00000010   Data   RO         4414    .constdata          STemWin522_CM3_Keil.lib(f16_ascii.o)
    0x0801e640   0x0801e640   0x00000010   Data   RO         4415    .constdata          STemWin522_CM3_Keil.lib(f16_ascii.o)
    0x0801e650   0x0801e650   0x00000010   Data   RO         4416    .constdata          STemWin522_CM3_Keil.lib(f16_ascii.o)
    0x0801e660   0x0801e660   0x00000010   Data   RO         4417    .constdata          STemWin522_CM3_Keil.lib(f16_ascii.o)
    0x0801e670   0x0801e670   0x00000010   Data   RO         4418    .constdata          STemWin522_CM3_Keil.lib(f16_ascii.o)
    0x0801e680   0x0801e680   0x00000010   Data   RO         4419    .constdata          STemWin522_CM3_Keil.lib(f16_ascii.o)
    0x0801e690   0x0801e690   0x00000010   Data   RO         4420    .constdata          STemWin522_CM3_Keil.lib(f16_ascii.o)
    0x0801e6a0   0x0801e6a0   0x00000010   Data   RO         4421    .constdata          STemWin522_CM3_Keil.lib(f16_ascii.o)
    0x0801e6b0   0x0801e6b0   0x00000010   Data   RO         4422    .constdata          STemWin522_CM3_Keil.lib(f16_ascii.o)
    0x0801e6c0   0x0801e6c0   0x00000010   Data   RO         4423    .constdata          STemWin522_CM3_Keil.lib(f16_ascii.o)
    0x0801e6d0   0x0801e6d0   0x00000010   Data   RO         4424    .constdata          STemWin522_CM3_Keil.lib(f16_ascii.o)
    0x0801e6e0   0x0801e6e0   0x00000010   Data   RO         4425    .constdata          STemWin522_CM3_Keil.lib(f16_ascii.o)
    0x0801e6f0   0x0801e6f0   0x00000010   Data   RO         4426    .constdata          STemWin522_CM3_Keil.lib(f16_ascii.o)
    0x0801e700   0x0801e700   0x00000010   Data   RO         4427    .constdata          STemWin522_CM3_Keil.lib(f16_ascii.o)
    0x0801e710   0x0801e710   0x00000020   Data   RO         4428    .constdata          STemWin522_CM3_Keil.lib(f16_ascii.o)
    0x0801e730   0x0801e730   0x00000010   Data   RO         4429    .constdata          STemWin522_CM3_Keil.lib(f16_ascii.o)
    0x0801e740   0x0801e740   0x00000010   Data   RO         4430    .constdata          STemWin522_CM3_Keil.lib(f16_ascii.o)
    0x0801e750   0x0801e750   0x00000010   Data   RO         4431    .constdata          STemWin522_CM3_Keil.lib(f16_ascii.o)
    0x0801e760   0x0801e760   0x00000010   Data   RO         4432    .constdata          STemWin522_CM3_Keil.lib(f16_ascii.o)
    0x0801e770   0x0801e770   0x00000010   Data   RO         4433    .constdata          STemWin522_CM3_Keil.lib(f16_ascii.o)
    0x0801e780   0x0801e780   0x00000010   Data   RO         4434    .constdata          STemWin522_CM3_Keil.lib(f16_ascii.o)
    0x0801e790   0x0801e790   0x00000010   Data   RO         4435    .constdata          STemWin522_CM3_Keil.lib(f16_ascii.o)
    0x0801e7a0   0x0801e7a0   0x00000010   Data   RO         4436    .constdata          STemWin522_CM3_Keil.lib(f16_ascii.o)
    0x0801e7b0   0x0801e7b0   0x00000010   Data   RO         4437    .constdata          STemWin522_CM3_Keil.lib(f16_ascii.o)
    0x0801e7c0   0x0801e7c0   0x00000020   Data   RO         4438    .constdata          STemWin522_CM3_Keil.lib(f16_ascii.o)
    0x0801e7e0   0x0801e7e0   0x00000010   Data   RO         4439    .constdata          STemWin522_CM3_Keil.lib(f16_ascii.o)
    0x0801e7f0   0x0801e7f0   0x00000010   Data   RO         4440    .constdata          STemWin522_CM3_Keil.lib(f16_ascii.o)
    0x0801e800   0x0801e800   0x00000010   Data   RO         4441    .constdata          STemWin522_CM3_Keil.lib(f16_ascii.o)
    0x0801e810   0x0801e810   0x00000010   Data   RO         4442    .constdata          STemWin522_CM3_Keil.lib(f16_ascii.o)
    0x0801e820   0x0801e820   0x00000010   Data   RO         4443    .constdata          STemWin522_CM3_Keil.lib(f16_ascii.o)
    0x0801e830   0x0801e830   0x00000010   Data   RO         4444    .constdata          STemWin522_CM3_Keil.lib(f16_ascii.o)
    0x0801e840   0x0801e840   0x00000010   Data   RO         4445    .constdata          STemWin522_CM3_Keil.lib(f16_ascii.o)
    0x0801e850   0x0801e850   0x00000300   Data   RO         4446    .constdata          STemWin522_CM3_Keil.lib(f16_ascii.o)
    0x0801eb50   0x0801eb50   0x0000000c   Data   RO         4447    .constdata          STemWin522_CM3_Keil.lib(f16_ascii.o)
    0x0801eb5c   0x0801eb5c   0x00000024   Data   RO         4448    .constdata          STemWin522_CM3_Keil.lib(f16_ascii.o)
    0x0801eb80   0x0801eb80   0x00000518   Data   RO         4449    .constdata          STemWin522_CM3_Keil.lib(f6x8.o)
    0x0801f098   0x0801f098   0x000001c0   Data   RO         4450    .constdata          STemWin522_CM3_Keil.lib(f6x8.o)
    0x0801f258   0x0801f258   0x00000008   Data   RO         4451    .constdata          STemWin522_CM3_Keil.lib(f6x8.o)
    0x0801f260   0x0801f260   0x00000014   Data   RO         4452    .constdata          STemWin522_CM3_Keil.lib(f6x8.o)
    0x0801f274   0x0801f274   0x00000024   Data   RO         4453    .constdata          STemWin522_CM3_Keil.lib(f6x8.o)
    0x0801f298   0x0801f298   0x00000100   Data   RO         4496    .constdata          STemWin522_CM3_Keil.lib(gui__divtbl_255_31.o)
    0x0801f398   0x0801f398   0x00000100   Data   RO         4497    .constdata          STemWin522_CM3_Keil.lib(gui__divtbl_255_63.o)
    0x0801f498   0x0801f498   0x00000020   Data   RO         4498    .constdata          STemWin522_CM3_Keil.lib(gui__divtbl_31_255.o)
    0x0801f4b8   0x0801f4b8   0x00000040   Data   RO         4499    .constdata          STemWin522_CM3_Keil.lib(gui__divtbl_63_255.o)
    0x0801f4f8   0x0801f4f8   0x00000010   Data   RO         4584    .constdata          STemWin522_CM3_Keil.lib(gui_uc_encodenone.o)
    0x0801f508   0x0801f508   0x0000000c   Data   RO         4623    .constdata          STemWin522_CM3_Keil.lib(lcd.o)
    0x0801f514   0x0801f514   0x00000018   Data   RO         4877    .constdata          STemWin522_CM3_Keil.lib(guicc_0.o)
    0x0801f52c   0x0801f52c   0x00000008   Data   RO         1614    .conststring        usart.o
    0x0801f534   0x0801f534   0x00000020   Data   RO         5796    Region$$Table       anon$$obj.o


    Execution Region RW_IRAM1 (Exec base: 0x20000000, Load base: 0x0801f554, Size: 0x000095a0, Max: 0x00010000, ABSOLUTE, COMPRESSED[0x0000015c])

    Exec Addr    Load Addr    Size         Type   Attr      Idx    E Section Name        Object

    0x20000000   COMPRESSED   0x00000008   Data   RW            8    .data               main.o
    0x20000008   COMPRESSED   0x00000014   Data   RW          399    .data               system_stm32f10x.o
    0x2000001c   COMPRESSED   0x00000008   Data   RW          469    .data               timer.o
    0x20000024   COMPRESSED   0x00000012   Data   RW          858    .data               dispose.o
    0x20000036   COMPRESSED   0x0000000c   Data   RW          984    .data               deploy.o
    0x20000042   COMPRESSED   0x00000004   Data   RW         1136    .data               pca9554.o
    0x20000046   COMPRESSED   0x00000004   Data   RW         1567    .data               delay.o
    0x2000004a   COMPRESSED   0x00000002   PAD
    0x2000004c   COMPRESSED   0x000000a4   Data   RW         1615    .data               usart.o
    0x200000f0   COMPRESSED   0x00000008   Data   RW         1617    .data               usart.o
    0x200000f8   COMPRESSED   0x00000003   Data   RW         1618    .data               usart.o
    0x200000fb   COMPRESSED   0x00000003   Data   RW         1619    .data               usart.o
    0x200000fe   COMPRESSED   0x00000003   Data   RW         1620    .data               usart.o
    0x20000101   COMPRESSED   0x00000003   Data   RW         1621    .data               usart.o
    0x20000104   COMPRESSED   0x00000003   Data   RW         1622    .data               usart.o
    0x20000107   COMPRESSED   0x00000003   Data   RW         1623    .data               usart.o
    0x2000010a   COMPRESSED   0x00000003   Data   RW         1624    .data               usart.o
    0x2000010d   COMPRESSED   0x00000003   Data   RW         1625    .data               usart.o
    0x20000110   COMPRESSED   0x00000003   Data   RW         1626    .data               usart.o
    0x20000113   COMPRESSED   0x00000003   Data   RW         1627    .data               usart.o
    0x20000116   COMPRESSED   0x00000003   Data   RW         1628    .data               usart.o
    0x20000119   COMPRESSED   0x00000003   Data   RW         1629    .data               usart.o
    0x2000011c   COMPRESSED   0x00000003   Data   RW         1630    .data               usart.o
    0x2000011f   COMPRESSED   0x00000003   Data   RW         1631    .data               usart.o
    0x20000122   COMPRESSED   0x00000003   Data   RW         1632    .data               usart.o
    0x20000125   COMPRESSED   0x00000003   Data   RW         1633    .data               usart.o
    0x20000128   COMPRESSED   0x00000003   Data   RW         1634    .data               usart.o
    0x2000012b   COMPRESSED   0x00000003   Data   RW         1635    .data               usart.o
    0x2000012e   COMPRESSED   0x00000003   Data   RW         1636    .data               usart.o
    0x20000131   COMPRESSED   0x00000003   Data   RW         1637    .data               usart.o
    0x20000134   COMPRESSED   0x00000003   Data   RW         1638    .data               usart.o
    0x20000137   COMPRESSED   0x00000003   Data   RW         1639    .data               usart.o
    0x2000013a   COMPRESSED   0x00000003   Data   RW         1640    .data               usart.o
    0x2000013d   COMPRESSED   0x00000003   Data   RW         1641    .data               usart.o
    0x20000140   COMPRESSED   0x00000003   Data   RW         1642    .data               usart.o
    0x20000143   COMPRESSED   0x00000003   Data   RW         1643    .data               usart.o
    0x20000146   COMPRESSED   0x00000003   Data   RW         1644    .data               usart.o
    0x20000149   COMPRESSED   0x00000003   Data   RW         1645    .data               usart.o
    0x2000014c   COMPRESSED   0x00000003   Data   RW         1646    .data               usart.o
    0x2000014f   COMPRESSED   0x00000003   Data   RW         1647    .data               usart.o
    0x20000152   COMPRESSED   0x00000003   Data   RW         1648    .data               usart.o
    0x20000155   COMPRESSED   0x00000003   Data   RW         1649    .data               usart.o
    0x20000158   COMPRESSED   0x00000003   Data   RW         1650    .data               usart.o
    0x2000015b   COMPRESSED   0x00000002   Data   RW         1651    .data               usart.o
    0x2000015d   COMPRESSED   0x00000002   Data   RW         1652    .data               usart.o
    0x2000015f   COMPRESSED   0x00000001   PAD
    0x20000160   COMPRESSED   0x00000004   Data   RW         1653    .data               usart.o
    0x20000164   COMPRESSED   0x0000000c   Data   RW         1743    .data               softtimer.o
    0x20000170   COMPRESSED   0x00000014   Data   RW         2035    .data               stm32f10x_rcc.o
    0x20000184   COMPRESSED   0x00000014   Data   RW         3972    .data               malloc.o
    0x20000198   COMPRESSED   0x00000008   Data   RW         4035    .data               STemWin522_CM3_Keil.lib(guicc_m565.o)
    0x200001a0   COMPRESSED   0x00000008   Data   RW         4076    .data               STemWin522_CM3_Keil.lib(gui_alloc.o)
    0x200001a8   COMPRESSED   0x0000002c   Data   RW         4135    .data               STemWin522_CM3_Keil.lib(gui_core.o)
    0x200001d4   COMPRESSED   0x00000004   Data   RW         4138    .data               STemWin522_CM3_Keil.lib(gui_core.o)
    0x200001d8   COMPRESSED   0x00000004   Data   RW         4139    .data               STemWin522_CM3_Keil.lib(gui_core.o)
    0x200001dc   COMPRESSED   0x00000002   Data   RW         4140    .data               STemWin522_CM3_Keil.lib(gui_core.o)
    0x200001de   COMPRESSED   0x00000002   Data   RW         4141    .data               STemWin522_CM3_Keil.lib(gui_core.o)
    0x200001e0   COMPRESSED   0x00000008   Data   RW         4204    .data               STemWin522_CM3_Keil.lib(gui_encext.o)
    0x200001e8   COMPRESSED   0x00000028   Data   RW         4463    .data               STemWin522_CM3_Keil.lib(guiaa_char4.o)
    0x20000210   COMPRESSED   0x00000028   Data   RW         4481    .data               STemWin522_CM3_Keil.lib(gui__alpha.o)
    0x20000238   COMPRESSED   0x00000004   Data   RW         4512    .data               STemWin522_CM3_Keil.lib(gui_charline.o)
    0x2000023c   COMPRESSED   0x00000004   Data   RW         4624    .data               STemWin522_CM3_Keil.lib(lcd.o)
    0x20000240   COMPRESSED   0x00000010   Data   RW         4650    .data               STemWin522_CM3_Keil.lib(lcd_color.o)
    0x20000250   COMPRESSED   0x00000058   Data   RW         4718    .data               STemWin522_CM3_Keil.lib(wm.o)
    0x200002a8   COMPRESSED   0x00000008   Data   RW         4787    .data               STemWin522_CM3_Keil.lib(gui__managecache.o)
    0x200002b0   COMPRESSED   0x0000000c   Data   RW         4822    .data               STemWin522_CM3_Keil.lib(gui_onkey.o)
    0x200002bc   COMPRESSED   0x0000000c   Data   RW         4865    .data               STemWin522_CM3_Keil.lib(gui_waitevent.o)
    0x200002c8   COMPRESSED   0x00000004   Data   RW         4890    .data               STemWin522_CM3_Keil.lib(lcd_aa.o)
    0x200002cc   COMPRESSED   0x00000004   Data   RW         4975    .data               STemWin522_CM3_Keil.lib(wm__sendmessage.o)
    0x200002d0        -       0x0000003c   Zero   RW            5    .bss                main.o
    0x2000030c        -       0x00000010   Zero   RW            7    .bss                main.o
    0x2000031c        -       0x00000800   Zero   RW          498    .bss                stmflash.o
    0x20000b1c        -       0x000000b8   Zero   RW          852    .bss                dispose.o
    0x20000bd4        -       0x00000028   Zero   RW         1613    .bss                usart.o
    0x20000bfc        -       0x000003e8   Zero   RW         1742    .bss                softtimer.o
    0x20000fe4        -       0x00007800   Zero   RW         3967    .bss                malloc.o
    0x200087e4        -       0x00000780   Zero   RW         3968    .bss                malloc.o
    0x20008f64        -       0x000000c8   Zero   RW         4075    .bss                STemWin522_CM3_Keil.lib(gui_alloc.o)
    0x2000902c        -       0x00000078   Zero   RW         4133    .bss                STemWin522_CM3_Keil.lib(gui_core.o)
    0x200090a4        -       0x00000040   Zero   RW         4462    .bss                STemWin522_CM3_Keil.lib(guiaa_char4.o)
    0x200090e4        -       0x00000018   Zero   RW         4717    .bss                STemWin522_CM3_Keil.lib(wm.o)
    0x200090fc        -       0x00000058   Zero   RW         4821    .bss                STemWin522_CM3_Keil.lib(gui_onkey.o)
    0x20009154        -       0x00000048   Zero   RW         5016    .bss                STemWin522_CM3_Keil.lib(wm_touch.o)
    0x2000919c   COMPRESSED   0x00000004   PAD
    0x200091a0        -       0x00000400   Zero   RW         1846    STACK               startup_stm32f10x_hd.o


==============================================================================

Image component sizes


      Code (inc. data)   RO Data    RW Data    ZI Data      Debug   Object Name

       296         24          0          0          0       1879   adc.o
         0          0          0          0          0         32   core_cm3.o
       164         26          0          4          0       1683   delay.o
      2648        358          0         12          0      11926   deploy.o
      2608        646          0          0          0       5289   display.o
      2522        388         12         18        184      14470   dispose.o
         0          0      76820          0          0        716   fbo.o
         4          0          0          0          0        890   gui_x.o
        40          6          0          0          0        571   guiconf.o
      1754         82         52          0          0      66675   guidrv_template.o
       962         18          0          0          0       7181   ili9341.o
         0          0          0          0          0     213804   key.o
        66         10          0          0          0       1233   lcdconf_flexcolor_template.o
         0          0          0          0          0      46445   logo.o
       450         50          0          8         76     303957   main.o
       222         22          0         20      32640       4346   malloc.o
       124          6          0          0          0       1510   misc.o
      1884        152          0          0          0      17681   myiic.o
       296         72          0          4          0       3757   pca9554.o
       188         36          0         12       1000       3411   softtimer.o
        36          8        304          0       1024        788   startup_stm32f10x_hd.o
       364         22          0          0          0       8582   stm32f10x_adc.o
       228         30          0          0          0      11571   stm32f10x_flash.o
       170          0          0          0          0       2912   stm32f10x_gpio.o
        18          0          0          0          0      26774   stm32f10x_it.o
       260         46          0         20          0       6134   stm32f10x_rcc.o
       222         42          0          0          0      24769   stm32f10x_tim.o
       310          6          0          0          0       4994   stm32f10x_usart.o
       262          6          0          0       2048       3289   stmflash.o
       248         24          0         20          0       1697   system_stm32f10x.o
       468         36          0          0          0       4831   tca6424a.o
       392         62          0          8          0       1648   timer.o
      3146        934          8        279         40      11338   usart.o
         0          0       8727          0          0       8015   weiruan24.o
       102          4          0          0          0       1245   xmos_adc.o

    ----------------------------------------------------------------------
     20502       3116      85956        408      37012     826043   Object Totals
         0          0         32          0          0          0   (incl. Generated)
        48          0          1          3          0          0   (incl. Padding)

    ----------------------------------------------------------------------

      Code (inc. data)   RO Data    RW Data    ZI Data      Debug   Library Member Name

         0          0       2720          0          0          0   f16_ascii.o
         0          0       1816          0          0          0   f6x8.o
       174          0          0         40          0        172   gui__alpha.o
         0          0        256          0          0          0   gui__divtbl_255_31.o
         0          0        256          0          0          0   gui__divtbl_255_63.o
         0          0         32          0          0          0   gui__divtbl_31_255.o
         0          0         64          0          0          0   gui__divtbl_63_255.o
        58          0          0          0          0         68   gui__intersectrect.o
        82          0          0          0          0         80   gui__intersectrects.o
       188          8          0          8          0        152   gui__managecache.o
        76          0          0          0          0         76   gui__memset.o
       112         10          0          0          0         96   gui__setpixelalpha.o
      1662         92          0          8        200       1616   gui_alloc.o
        36          0          0          0          0         80   gui_alloc_alloczero.o
        68          0          0          0          0         76   gui_calccolordist.o
        96         22          0          0          0        272   gui_char.o
       458         36          0          4          0        472   gui_charline.o
       394         10          0          0          0        300   gui_charm.o
       308         10          0          0          0        384   gui_charp.o
       172          8          0          0          0        368   gui_charpext.o
       460         78          8         56        120        620   gui_core.o
       340         22          0          0          0        516   gui_device.o
       256          4          0          0          0         88   gui_dispstring.o
        16          4          0          0          0         68   gui_dispstringat.o
       156         10          0          0          0        104   gui_drawbitmap.o
      1036         26         12          0          0        444   gui_drawbitmap_8888.o
       216         10          0          0          0        108   gui_drawbitmapmag.o
       482          8          0          0          0        204   gui_drawgradient.o
       260         20         12          8          0        176   gui_encext.o
        28          0          0          0          0        160   gui_getcolor.o
        52         12          0          0          0        216   gui_goto.o
        88          0          0          0          0         76   gui_mergerect.o
        30          0          0          0          0         68   gui_moverect.o
        16          4          0         12         88         68   gui_onkey.o
        56          0          0          0          0         68   gui_rectsintersect.o
        36          8          0          0          0         80   gui_selectlayer.o
        18          0          0          0          0         80   gui_selectlcd.o
         8          0          0          0          0        136   gui_setcolor.o
        20          6          0          0          0         68   gui_setcolorindex.o
         4          0          0          0          0         68   gui_setdrawmode.o
        20          6          0          0          0         68   gui_setfont.o
        56         18          0          0          0         80   gui_setorg.o
        20          6          0          0          0         68   gui_settextmode.o
        84         10          0          0          0        168   gui_uc.o
        18          0         16          0          0        272   gui_uc_encodenone.o
        16          4          0         12          0         68   gui_waitevent.o
       338         32          0         40         64        288   guiaa_char4.o
       184          8          0          0          0         88   guiaa_char4ext.o
       198          0         24          0          0        244   guicc_0.o
         2          0          0          0          0         68   guicc_8888_index2color.o
       206         32         24          8          0        336   guicc_m565.o
        44         10          0          0          0         76   guicc_m565_index2color.o
        64          6          0          0          0         80   guidev.o
        36          0          0          0          0         80   guidev_usage.o
      1298        106         12          4          0       1332   lcd.o
       320         28          0          4          0        276   lcd_aa.o
       260         26          0         16          0        388   lcd_color.o
        32         12          0          0          0        136   lcd_getcolorindex.o
       206         14          0          0          0        572   lcd_getex.o
        26          0          0          0          0         80   lcd_getnumdisplays.o
        96         10          0          0          0         84   lcd_getp.o
        14          0          0          0          0         80   lcd_getpixelcolor.o
        68         10          0          0          0         80   lcd_selectlcd.o
       132          0          0          0          0        252   lcd_set.o
        48         10          0          0          0         80   lcd_setcliprectex.o
        36          4          0          0          0         80   lcd_updatecolorindices.o
      2952        128          0         88         24       2556   wm.o
        18          0          0          0          0         76   wm__getfirstsibling.o
        36          0          0          0          0         80   wm__getprevsibling.o
        60          6          0          4          0         88   wm__sendmessage.o
       126          0          0          0          0         92   wm_bringtobottom.o
        16          6          0          0          0         68   wm_criticalhandle.o
        32          0          0          0          0         80   wm_getclientrect.o
        24         10          0          0          0         68   wm_getdesktopwindow.o
        14          0          0          0          0         76   wm_getfirstchild.o
        14          0          0          0          0         76   wm_getparent.o
        30          0          0          0          0         92   wm_sendtoparent.o
         0          0          0          0         72          0   wm_touch.o
        86          0          0          0          0          0   __dczerorl2.o
         0          0          0          0          0          0   entry.o
         0          0          0          0          0          0   entry10a.o
         0          0          0          0          0          0   entry11a.o
         8          4          0          0          0          0   entry2.o
         4          0          0          0          0          0   entry5.o
         0          0          0          0          0          0   entry7b.o
         0          0          0          0          0          0   entry8b.o
         8          4          0          0          0          0   entry9a.o
        30          0          0          0          0          0   handlers.o
        36          8          0          0          0         68   init.o
         0          0          0          0          0          0   iusefp.o
        30          0          0          0          0         68   llshl.o
        32          0          0          0          0         68   llushr.o
        64          0          0          0          0         76   memmovea.o
        36          0          0          0          0        108   memseta.o
       736         56          0          0          0        184   printf5.o
        28          0          0          0          0         76   strcmp.o
        14          0          0          0          0         68   strlen.o
        98          0          0          0          0         92   uldiv.o
        56          0          0          0          0         88   d2f.o
       186          0          0          0          0        176   depilogue.o
       228          0          0          0          0         96   dmul.o
        38          0          0          0          0         68   f2d.o
       124          0          0          0          0         88   fdiv.o
       110          0          0          0          0        168   fepilogue.o
        10          0          0          0          0         68   ffltui.o
        24          0          0          0          0         68   fscalb.o

    ----------------------------------------------------------------------
     16630        982       5252        312        572      18032   Library Totals
        38          0          0          0          4          0   (incl. Padding)

    ----------------------------------------------------------------------

      Code (inc. data)   RO Data    RW Data    ZI Data      Debug   Library Name

     14606        910       5252        312        568      16404   STemWin522_CM3_Keil.lib
      1210         72          0          0          0        808   mc_w.l
       776          0          0          0          0        820   mf_w.l

    ----------------------------------------------------------------------
     16630        982       5252        312        572      18032   Library Totals

    ----------------------------------------------------------------------

==============================================================================


      Code (inc. data)   RO Data    RW Data    ZI Data      Debug   

     37132       4098      91208        720      37584     822051   Grand Totals
     37132       4098      91208        348      37584     822051   ELF Image Totals (compressed)
     37132       4098      91208        348          0          0   ROM Totals

==============================================================================

    Total RO  Size (Code + RO Data)               128340 ( 125.33kB)
    Total RW  Size (RW Data + ZI Data)             38304 (  37.41kB)
    Total ROM Size (Code + RO Data + RW Data)     128688 ( 125.67kB)

==============================================================================

